ESP-ROM:esp32s3-20210327
Build:Mar 27 2021
rst:0x15 (USB_UART_CHIP_RESET),boot:0x8 (SPI_FAST_FLASH_BOOT)
Saved PC:0x4004587d
SPIWP:0xee
mode:DIO, clock div:1
load:0x3fce2820,len:0x152c
load:0x403c8700,len:0xce4
load:0x403cb700,len:0x2efc
entry 0x403c8920
I (24) boot: ESP-IDF v5.5.3 2nd stage bootloader
I (24) boot: compile time Oct  2 2026 19:41:54
I (25) boot: Multicore bootloader
I (25) boot: chip revision: v0.2
I (25) boot: efuse block revision: v1.4
I (25) boot.esp32s3: Boot SPI Speed : 80MHz
I (25) boot.esp32s3: SPI Mode       : DIO
I (26) boot.esp32s3: SPI Flash Size : 16MB
I (26) boot: Enabling RNG early entropy source...
I (26) boot: Partition Table:
I (26) boot: ## Label            Usage          Type ST Offset   Length
I (26) boot:  0 nvs              WiFi data        01 02 00009000 00006000
I (27) boot:  1 phy_init         RF data          01 01 0000f000 00001000
I (27) boot:  2 factory          factory app      00 00 00010000 00100000
I (28) boot: End of partition table
I (28) esp_image: segment 0: paddr=00010020 vaddr=3c020020 size=0ca54h ( 51796) map
I (37) esp_image: segment 1: paddr=0001ca7c vaddr=3fc96200 size=0359ch ( 13724) load
I (41) esp_image: segment 2: paddr=00020020 vaddr=42000020 size=1a900h (108800) map
I (60) esp_image: segment 3: paddr=0003a928 vaddr=3fc9979c size=00090h (   144) load
I (61) esp_image: segment 4: paddr=0003a9c0 vaddr=40374000 size=1219ch ( 74140) load
I (77) esp_image: segment 5: paddr=0004cb64 vaddr=50000000 size=00020h (    32) load
I (84) boot: Loaded app from partition at offset 0x10000
I (85) boot: Disabling RNG early entropy source...
I (86) octal_psram: vendor id    : 0x0d (AP)
I (86) octal_psram: dev id       : 0x02 (generation 3)
I (86) octal_psram: density      : 0x03 (64 Mbit)
I (86) octal_psram: good-die     : 0x01 (Pass)
I (86) octal_psram: Latency      : 0x01 (Fixed)
I (87) octal_psram: VCC          : 0x01 (3V)
I (87) octal_psram: SRF          : 0x01 (Fast Refresh)
I (87) octal_psram: BurstType    : 0x01 (Hybrid Wrap)
I (87) octal_psram: BurstLen     : 0x01 (32 Byte)
I (87) octal_psram: Readlatency  : 0x02 (10 cycles@Fixed)
I (88) octal_psram: DriveStrength: 0x00 (1/1)
I (88) MSPI Timing: Enter psram timing tuning
I (89) esp_psram: Found 8MB PSRAM device
I (89) esp_psram: Speed: 80MHz
I (89) cpu_start: Multicore app
I (522) esp_psram: SPI SRAM memory test OK
I (531) cpu_start: Pro cpu start user code
I (531) cpu_start: cpu freq: 240000000 Hz
I (531) app_init: Application information:
I (531) app_init: Project name:     rlcd-dashboard
I (531) app_init: App version:      a8e6384-dirty
I (531) app_init: Compile time:     Oct  2 2026 19:41:52
I (532) app_init: ELF file SHA256:  03e3a289b...
I (532) app_init: ESP-IDF:          v5.5.3
I (532) efuse_init: Min chip rev:     v0.0
I (532) efuse_init: Max chip rev:     v0.99
I (532) efuse_init: Chip rev:         v0.2
I (532) heap_init: Initializing. RAM available for dynamic allocation:
I (533) heap_init: At 3FC9A198 len 0004F578 (317 KiB): RAM
I (533) heap_init: At 3FCE9710 len 00005724 (21 KiB): RAM
I (533) heap_init: At 3FCF0000 len 00008000 (32 KiB): DRAM
I (533) heap_init: At 600FE000 len 00001FE8 (7 KiB): RTCRAM
I (533) esp_psram: Adding pool of 8192K of PSRAM memory to heap allocator
I (534) spi_flash: detected chip: generic
I (534) spi_flash: flash io: dio
I (535) sleep_gpio: Configure to isolate all GPIO pins in sleep state
I (535) sleep_gpio: Enable automatic switching of GPIO sleep configuration
I (536) main_task: Started on CPU0
I (546) esp_psram: Reserving pool of 32K of internal memory for DMA/internal allocations
I (546) main_task: Calling app_main()
I (866) rlcd_panel: Initialized: SPI3 10 MHz, 400x300, 15000-byte framebuffer
I (876) rlcd_dashboard: DEMO layout=icons case=roster draw_us=5056 transfer_us=12205 internal_free=353747
I (12886) rlcd_dashboard: DEMO layout=icons case=overflow draw_us=4801 transfer_us=12153 internal_free=353747
I (24896) rlcd_dashboard: DEMO layout=icons case=stale draw_us=4332 transfer_us=12158 internal_free=353747
I (36906) rlcd_dashboard: DEMO layout=icons case=offline draw_us=4190 transfer_us=12154 internal_free=353747
I (48916) rlcd_dashboard: DEMO layout=icons case=empty draw_us=1726 transfer_us=12155 internal_free=353747
I (60926) rlcd_dashboard: DEMO layout=icons case=uncertainty draw_us=3069 transfer_us=12156 internal_free=353747
I (72936) rlcd_dashboard: DEMO layout=icons case=identity draw_us=3970 transfer_us=12155 internal_free=353747
I (84946) rlcd_dashboard: DEMO layout=icons case=roster draw_us=4795 transfer_us=12156 internal_free=353747
I (96956) rlcd_dashboard: DEMO layout=icons case=overflow draw_us=4798 transfer_us=12154 internal_free=353747
