ESP-ROM:esp32s3-20210327
Build:Mar 27 2021
rst:0x15 (USB_UART_CHIP_RESET),boot:0x8 (SPI_FAST_FLASH_BOOT)
Saved PC:0x40045878
SPIWP:0xee
mode:DIO, clock div:1
load:0x3fce2820,len:0x152c
load:0x403c8700,len:0xce4
load:0x403cb700,len:0x2efc
entry 0x403c8920
I (24) boot: ESP-IDF v5.5.3 2nd stage bootloader
I (24) boot: compile time Oct  2 2026 10:19:52
I (25) boot: Multicore bootloader
I (25) boot: chip revision: v0.2
I (25) boot: efuse block revision: v1.4
I (25) boot.esp32s3: Boot SPI Speed : 80MHz
I (25) boot.esp32s3: SPI Mode       : DIO
I (26) boot.esp32s3: SPI Flash Size : 16MB
I (26) boot: Enabling RNG early entropy source...
I (26) boot: Partition Table:
I (26) boot: ## Label            Usage          Type ST Offset   Length
I (26) boot:  0 nvs              WiFi data        01 02 00009000 00006000
I (27) boot:  1 phy_init         RF data          01 01 0000f000 00001000
I (27) boot:  2 factory          factory app      00 00 00010000 00100000
I (28) boot: End of partition table
I (28) esp_image: segment 0: paddr=00010020 vaddr=3c020020 size=099c0h ( 39360) map
I (35) esp_image: segment 1: paddr=000199e8 vaddr=3fc93300 size=0329ch ( 12956) load
I (38) esp_image: segment 2: paddr=0001cc8c vaddr=40374000 size=0338ch ( 13196) load
I (42) esp_image: segment 3: paddr=00020020 vaddr=42000020 size=11e7ch ( 73340) map
I (55) esp_image: segment 4: paddr=00031ea4 vaddr=4037738c size=0bea4h ( 48804) load
I (66) esp_image: segment 5: paddr=0003dd50 vaddr=50000000 size=00020h (    32) load
I (72) boot: Loaded app from partition at offset 0x10000
I (73) boot: Disabling RNG early entropy source...
I (74) octal_psram: vendor id    : 0x0d (AP)
I (74) octal_psram: dev id       : 0x02 (generation 3)
I (74) octal_psram: density      : 0x03 (64 Mbit)
I (74) octal_psram: good-die     : 0x01 (Pass)
I (74) octal_psram: Latency      : 0x01 (Fixed)
I (74) octal_psram: VCC          : 0x01 (3V)
I (75) octal_psram: SRF          : 0x01 (Fast Refresh)
I (75) octal_psram: BurstType    : 0x01 (Hybrid Wrap)
I (75) octal_psram: BurstLen     : 0x01 (32 Byte)
I (75) octal_psram: Readlatency  : 0x02 (10 cycles@Fixed)
I (76) octal_psram: DriveStrength: 0x00 (1/1)
I (76) MSPI Timing: Enter psram timing tuning
I (77) esp_psram: Found 8MB PSRAM device
I (77) esp_psram: Speed: 80MHz
I (77) cpu_start: Multicore app
I (510) esp_psram: SPI SRAM memory test OK
I (519) cpu_start: Pro cpu start user code
I (519) cpu_start: cpu freq: 240000000 Hz
I (519) app_init: Application information:
I (519) app_init: Project name:     rlcd-bringup
I (519) app_init: App version:      1
I (519) app_init: Compile time:     Oct  2 2026 10:19:50
I (520) app_init: ELF file SHA256:  e1b982047...
I (520) app_init: ESP-IDF:          v5.5.3
I (520) efuse_init: Min chip rev:     v0.0
I (520) efuse_init: Max chip rev:     v0.99
I (520) efuse_init: Chip rev:         v0.2
I (520) heap_init: Initializing. RAM available for dynamic allocation:
I (521) heap_init: At 3FC96EC0 len 00052850 (330 KiB): RAM
I (521) heap_init: At 3FCE9710 len 00005724 (21 KiB): RAM
I (521) heap_init: At 3FCF0000 len 00008000 (32 KiB): DRAM
I (521) heap_init: At 600FE000 len 00001FE8 (7 KiB): RTCRAM
I (521) esp_psram: Adding pool of 8192K of PSRAM memory to heap allocator
I (522) spi_flash: detected chip: generic
I (522) spi_flash: flash io: dio
I (523) sleep_gpio: Configure to isolate all GPIO pins in sleep state
I (523) sleep_gpio: Enable automatic switching of GPIO sleep configuration
I (524) main_task: Started on CPU0
I (534) esp_psram: Reserving pool of 32K of internal memory for DMA/internal allocations
I (534) main_task: Calling app_main()
I (534) rlcd: esp32-rlcd: USB bring-up
I (534) rlcd: Target: esp32s3; ESP-IDF: v5.5.3
I (534) rlcd: Cores: 2; revision: 0.2; reset reason: 11
I (534) rlcd: Flash: 16 MiB; PSRAM: 8 MiB
I (534) rlcd: Console ready. Display and peripherals are not initialized.
I (534) rlcd: uptime=0s internal_free=383403 psram_free=8386192
I (5534) rlcd: uptime=5s internal_free=383403 psram_free=8386192
I (10534) rlcd: uptime=10s internal_free=383403 psram_free=8386192
I (15534) rlcd: uptime=15s internal_free=383403 psram_free=8386192
I (20534) rlcd: uptime=20s internal_free=383403 psram_free=8386192
I (25534) rlcd: uptime=25s internal_free=383403 psram_free=8386192
I (30534) rlcd: uptime=30s internal_free=383403 psram_free=8386192
I (35534) rlcd: uptime=35s internal_free=383403 psram_free=8386192
I (40534) rlcd: uptime=40s internal_free=383403 psram_free=8386192
I (45534) rlcd: uptime=45s internal_free=383403 psram_free=8386192
I (50534) rlcd: uptime=50s internal_free=383403 psram_free=8386192
I (55534) rlcd: uptime=55s internal_free=383403 psram_free=8386192
I (60534) rlcd: uptime=60s internal_free=383403 psram_free=8386192
I (65534) rlcd: uptime=65s internal_free=383403 psram_free=8386192
