ESP-ROM:esp32s3-20210327
Build:Mar 27 2021
rst:0x15 (USB_UART_CHIP_RESET),boot:0x8 (SPI_FAST_FLASH_BOOT)
Saved PC:0x40379286
SPIWP:0xee
mode:DIO, clock div:1
load:0x3fce2820,len:0x152c
load:0x403c8700,len:0xce4
load:0x403cb700,len:0x2efc
entry 0x403c8920
I (24) boot: ESP-IDF v5.5.3 2nd stage bootloader
I (24) boot: compile time Oct  5 2026 11:26:50
I (25) boot: Multicore bootloader
I (25) boot: chip revision: v0.2
I (25) boot: efuse block revision: v1.4
I (25) boot.esp32s3: Boot SPI Speed : 80MHz
I (25) boot.esp32s3: SPI Mode       : DIO
I (26) boot.esp32s3: SPI Flash Size : 16MB
I (26) boot: Enabling RNG early entropy source...
I (26) boot: Partition Table:
I (26) boot: ## Label            Usage          Type ST Offset   Length
I (27) boot:  0 nvs              WiFi data        01 02 00009000 00006000
I (27) boot:  1 phy_init         RF data          01 01 0000f000 00001000
I (27) boot:  2 factory          factory app      00 00 00010000 00100000
I (28) boot: End of partition table
I (28) esp_image: segment 0: paddr=00010020 vaddr=3c020020 size=0cbb4h ( 52148) map
I (38) esp_image: segment 1: paddr=0001cbdc vaddr=3fc96300 size=0343ch ( 13372) load
I (41) esp_image: segment 2: paddr=00020020 vaddr=42000020 size=1c97ch (117116) map
I (62) esp_image: segment 3: paddr=0003c9a4 vaddr=3fc9973c size=001f0h (   496) load
I (63) esp_image: segment 4: paddr=0003cb9c vaddr=40374000 size=12280h ( 74368) load
I (79) esp_image: segment 5: paddr=0004ee24 vaddr=50000000 size=00020h (    32) load
I (86) boot: Loaded app from partition at offset 0x10000
I (87) boot: Disabling RNG early entropy source...
I (88) octal_psram: vendor id    : 0x0d (AP)
I (88) octal_psram: dev id       : 0x02 (generation 3)
I (88) octal_psram: density      : 0x03 (64 Mbit)
I (88) octal_psram: good-die     : 0x01 (Pass)
I (88) octal_psram: Latency      : 0x01 (Fixed)
I (89) octal_psram: VCC          : 0x01 (3V)
I (89) octal_psram: SRF          : 0x01 (Fast Refresh)
I (89) octal_psram: BurstType    : 0x01 (Hybrid Wrap)
I (89) octal_psram: BurstLen     : 0x01 (32 Byte)
I (89) octal_psram: Readlatency  : 0x02 (10 cycles@Fixed)
I (90) octal_psram: DriveStrength: 0x00 (1/1)
I (90) MSPI Timing: Enter psram timing tuning
I (91) esp_psram: Found 8MB PSRAM device
I (91) esp_psram: Speed: 80MHz
I (91) cpu_start: Multicore app
I (517) esp_psram: SPI SRAM memory test OK
I (526) cpu_start: Pro cpu start user code
I (526) cpu_start: cpu freq: 240000000 Hz
I (527) app_init: Application information:
I (527) app_init: Project name:     rlcd-dashboard
I (527) app_init: App version:      06c74f6
I (527) app_init: Compile time:     Oct  5 2026 11:26:46
I (527) app_init: ELF file SHA256:  cdddbb3c7...
I (527) app_init: ESP-IDF:          v5.5.3
I (527) efuse_init: Min chip rev:     v0.0
I (527) efuse_init: Max chip rev:     v0.99
I (528) efuse_init: Chip rev:         v0.2
I (528) heap_init: Initializing. RAM available for dynamic allocation:
I (528) heap_init: At 3FC9CC38 len 0004CAD8 (306 KiB): RAM
I (528) heap_init: At 3FCE9710 len 00005724 (21 KiB): RAM
I (528) heap_init: At 3FCF0000 len 00008000 (32 KiB): DRAM
I (529) heap_init: At 600FE000 len 00001FE8 (7 KiB): RTCRAM
I (529) esp_psram: Adding pool of 8192K of PSRAM memory to heap allocator
I (530) spi_flash: detected chip: generic
I (530) spi_flash: flash io: dio
I (530) sleep_gpio: Configure to isolate all GPIO pins in sleep state
I (531) sleep_gpio: Enable automatic switching of GPIO sleep configuration
I (531) main_task: Started on CPU0
I (541) esp_psram: Reserving pool of 32K of internal memory for DMA/internal allocations
I (541) main_task: Calling app_main()
I (861) rlcd_panel: Initialized: SPI3 10 MHz, 400x300, 15000-byte framebuffer
I (861) rlcd_dashboard: MOTION event=config phases=23 cycle_ms=92000 fps=25 duration_ms=360 frame_budget_us=40000 capacity=16 model_bytes=10640 visible_policy=height_prefix full_row_px=26 working_row_px=18
I (871) rlcd_dashboard: MOTION event=frame case=initial-order tick_ms=0 moving=0 draw_us=5072 transfer_us=12216 frame_us=17697 interval_us=0 deadline_miss=0 internal_free=342835 stack_watermark=1864
I (881) rlcd_dashboard: MOTION event=phase phase=0 case=initial-order tick_ms=0 count=8 feed_health=0 visible=8 overflow=0 hidden_blocked=0
I (1911) rlcd_dashboard: MOTION event=frame case=initial-order tick_ms=1039 moving=0 draw_us=4791 transfer_us=12178 frame_us=16973 interval_us=0 deadline_miss=0 internal_free=342835 stack_watermark=1848
I (2911) rlcd_dashboard: MOTION event=frame case=initial-order tick_ms=2039 moving=0 draw_us=4788 transfer_us=12176 frame_us=16968 interval_us=0 deadline_miss=0 internal_free=342835 stack_watermark=1848
I (3911) rlcd_dashboard: MOTION event=frame case=initial-order tick_ms=3039 moving=0 draw_us=4794 transfer_us=12174 frame_us=16972 interval_us=0 deadline_miss=0 internal_free=342835 stack_watermark=1848
I (4911) rlcd_dashboard: MOTION event=frame case=answered-wait-to-run tick_ms=4039 moving=1 draw_us=4752 transfer_us=12197 frame_us=17253 interval_us=0 deadline_miss=0 internal_free=342835 stack_watermark=1848
I (4911) rlcd_dashboard: MOTION event=phase phase=1 case=answered-wait-to-run tick_ms=4039 count=8 feed_health=0 visible=8 overflow=0 hidden_blocked=0
I (4951) rlcd_dashboard: MOTION event=frame case=answered-wait-to-run tick_ms=4079 moving=1 draw_us=4620 transfer_us=12178 frame_us=16843 interval_us=40001 deadline_miss=0 internal_free=342835 stack_watermark=1848
I (4991) rlcd_dashboard: MOTION event=frame case=answered-wait-to-run tick_ms=4119 moving=1 draw_us=4641 transfer_us=12185 frame_us=16866 interval_us=40000 deadline_miss=0 internal_free=342835 stack_watermark=1848
I (5031) rlcd_dashboard: MOTION event=frame case=answered-wait-to-run tick_ms=4159 moving=1 draw_us=4642 transfer_us=12176 frame_us=16869 interval_us=40000 deadline_miss=0 internal_free=342835 stack_watermark=1848
I (5071) rlcd_dashboard: MOTION event=frame case=answered-wait-to-run tick_ms=4199 moving=1 draw_us=4646 transfer_us=12186 frame_us=16872 interval_us=40000 deadline_miss=0 internal_free=342835 stack_watermark=1848
I (5111) rlcd_dashboard: MOTION event=frame case=answered-wait-to-run tick_ms=4239 moving=1 draw_us=4617 transfer_us=12176 frame_us=16840 interval_us=40000 deadline_miss=0 internal_free=342835 stack_watermark=1848
I (5151) rlcd_dashboard: MOTION event=frame case=answered-wait-to-run tick_ms=4279 moving=1 draw_us=4613 transfer_us=12185 frame_us=16843 interval_us=40000 deadline_miss=0 internal_free=342835 stack_watermark=1848
I (5191) rlcd_dashboard: MOTION event=frame case=answered-wait-to-run tick_ms=4319 moving=1 draw_us=4622 transfer_us=12176 frame_us=16845 interval_us=40000 deadline_miss=0 internal_free=342835 stack_watermark=1848
I (5231) rlcd_dashboard: MOTION event=frame case=answered-wait-to-run tick_ms=4359 moving=1 draw_us=4641 transfer_us=12185 frame_us=16866 interval_us=40000 deadline_miss=0 internal_free=342835 stack_watermark=1848
I (5271) rlcd_dashboard: MOTION event=frame case=answered-wait-to-run tick_ms=4399 moving=0 draw_us=4639 transfer_us=12181 frame_us=16878 interval_us=0 deadline_miss=0 internal_free=342835 stack_watermark=1848
I (5911) rlcd_dashboard: MOTION event=frame case=answered-wait-to-run tick_ms=5039 moving=0 draw_us=4631 transfer_us=12176 frame_us=16811 interval_us=0 deadline_miss=0 internal_free=342835 stack_watermark=1848
I (6911) rlcd_dashboard: MOTION event=frame case=answered-wait-to-run tick_ms=6039 moving=0 draw_us=4625 transfer_us=12174 frame_us=16803 interval_us=0 deadline_miss=0 internal_free=342835 stack_watermark=1848
I (7911) rlcd_dashboard: MOTION event=frame case=answered-wait-to-run tick_ms=7039 moving=0 draw_us=4628 transfer_us=12176 frame_us=16808 interval_us=0 deadline_miss=0 internal_free=342835 stack_watermark=1848
I (8911) rlcd_dashboard: MOTION event=frame case=idle-to-run tick_ms=8039 moving=1 draw_us=4700 transfer_us=12212 frame_us=17208 interval_us=0 deadline_miss=0 internal_free=342835 stack_watermark=1848
I (8911) rlcd_dashboard: MOTION event=phase phase=2 case=idle-to-run tick_ms=8039 count=8 feed_health=0 visible=8 overflow=0 hidden_blocked=0
I (8951) rlcd_dashboard: MOTION event=frame case=idle-to-run tick_ms=8079 moving=1 draw_us=4694 transfer_us=12182 frame_us=16925 interval_us=40001 deadline_miss=0 internal_free=342835 stack_watermark=1848
I (8991) rlcd_dashboard: MOTION event=frame case=idle-to-run tick_ms=8119 moving=1 draw_us=4600 transfer_us=12188 frame_us=16828 interval_us=40000 deadline_miss=0 internal_free=342835 stack_watermark=1848
I (9031) rlcd_dashboard: MOTION event=frame case=idle-to-run tick_ms=8159 moving=1 draw_us=4596 transfer_us=12180 frame_us=16823 interval_us=40000 deadline_miss=0 internal_free=342835 stack_watermark=1848
I (9071) rlcd_dashboard: MOTION event=frame case=idle-to-run tick_ms=8199 moving=1 draw_us=4612 transfer_us=12188 frame_us=16845 interval_us=40000 deadline_miss=0 internal_free=342835 stack_watermark=1848
I (9111) rlcd_dashboard: MOTION event=frame case=idle-to-run tick_ms=8239 moving=1 draw_us=4724 transfer_us=12180 frame_us=16951 interval_us=40000 deadline_miss=0 internal_free=342835 stack_watermark=1848
I (9151) rlcd_dashboard: MOTION event=frame case=idle-to-run tick_ms=8279 moving=1 draw_us=4679 transfer_us=12188 frame_us=16907 interval_us=40000 deadline_miss=0 internal_free=342835 stack_watermark=1848
I (9191) rlcd_dashboard: MOTION event=frame case=idle-to-run tick_ms=8319 moving=1 draw_us=4692 transfer_us=12179 frame_us=16922 interval_us=40000 deadline_miss=0 internal_free=342835 stack_watermark=1848
I (9231) rlcd_dashboard: MOTION event=frame case=idle-to-run tick_ms=8359 moving=1 draw_us=4600 transfer_us=12188 frame_us=16828 interval_us=40000 deadline_miss=0 internal_free=342835 stack_watermark=1848
I (9271) rlcd_dashboard: MOTION event=frame case=idle-to-run tick_ms=8399 moving=0 draw_us=4591 transfer_us=12186 frame_us=16830 interval_us=0 deadline_miss=0 internal_free=342835 stack_watermark=1848
I (9911) rlcd_dashboard: MOTION event=frame case=idle-to-run tick_ms=9039 moving=0 draw_us=4578 transfer_us=12177 frame_us=16759 interval_us=0 deadline_miss=0 internal_free=342835 stack_watermark=1848
I (10911) rlcd_dashboard: MOTION event=frame case=idle-to-run tick_ms=10039 moving=0 draw_us=4590 transfer_us=12177 frame_us=16771 interval_us=0 deadline_miss=0 internal_free=342835 stack_watermark=1848
I (11911) rlcd_dashboard: MOTION event=frame case=idle-to-run tick_ms=11039 moving=0 draw_us=4581 transfer_us=12177 frame_us=16762 interval_us=0 deadline_miss=0 internal_free=342835 stack_watermark=1848
I (12911) rlcd_dashboard: MOTION event=frame case=run-to-wait tick_ms=12039 moving=1 draw_us=4825 transfer_us=12199 frame_us=17324 interval_us=0 deadline_miss=0 internal_free=342835 stack_watermark=1848
I (12911) rlcd_dashboard: MOTION event=phase phase=3 case=run-to-wait tick_ms=12039 count=8 feed_health=0 visible=8 overflow=0 hidden_blocked=0
I (12951) rlcd_dashboard: MOTION event=frame case=run-to-wait tick_ms=12079 moving=1 draw_us=4659 transfer_us=12182 frame_us=16886 interval_us=40001 deadline_miss=0 internal_free=342835 stack_watermark=1848
I (12991) rlcd_dashboard: MOTION event=frame case=run-to-wait tick_ms=12119 moving=1 draw_us=4874 transfer_us=12187 frame_us=17102 interval_us=40000 deadline_miss=0 internal_free=342835 stack_watermark=1848
I (13031) rlcd_dashboard: MOTION event=frame case=run-to-wait tick_ms=12159 moving=1 draw_us=4707 transfer_us=12180 frame_us=16938 interval_us=40000 deadline_miss=0 internal_free=342835 stack_watermark=1848
I (13071) rlcd_dashboard: MOTION event=frame case=run-to-wait tick_ms=12199 moving=1 draw_us=4709 transfer_us=12187 frame_us=16937 interval_us=40000 deadline_miss=0 internal_free=342835 stack_watermark=1848
I (13111) rlcd_dashboard: MOTION event=frame case=run-to-wait tick_ms=12239 moving=1 draw_us=4617 transfer_us=12180 frame_us=16844 interval_us=40000 deadline_miss=0 internal_free=342835 stack_watermark=1848
I (13151) rlcd_dashboard: MOTION event=frame case=run-to-wait tick_ms=12279 moving=1 draw_us=4787 transfer_us=12187 frame_us=17019 interval_us=40000 deadline_miss=0 internal_free=342835 stack_watermark=1848
I (13191) rlcd_dashboard: MOTION event=frame case=run-to-wait tick_ms=12319 moving=1 draw_us=4622 transfer_us=12180 frame_us=16849 interval_us=40000 deadline_miss=0 internal_free=342835 stack_watermark=1848
I (13231) rlcd_dashboard: MOTION event=frame case=run-to-wait tick_ms=12359 moving=1 draw_us=4704 transfer_us=12187 frame_us=16932 interval_us=40000 deadline_miss=0 internal_free=342835 stack_watermark=1848
I (13271) rlcd_dashboard: MOTION event=frame case=run-to-wait tick_ms=12399 moving=0 draw_us=4742 transfer_us=12186 frame_us=16986 interval_us=0 deadline_miss=0 internal_free=342835 stack_watermark=1848
I (13911) rlcd_dashboard: MOTION event=frame case=run-to-wait tick_ms=13039 moving=0 draw_us=4742 transfer_us=12178 frame_us=16924 interval_us=0 deadline_miss=0 internal_free=342835 stack_watermark=1848
I (14911) rlcd_dashboard: MOTION event=frame case=run-to-wait tick_ms=14039 moving=0 draw_us=4735 transfer_us=12178 frame_us=16917 interval_us=0 deadline_miss=0 internal_free=342835 stack_watermark=1848
I (15911) rlcd_dashboard: MOTION event=frame case=run-to-wait tick_ms=15039 moving=0 draw_us=4727 transfer_us=12178 frame_us=16909 interval_us=0 deadline_miss=0 internal_free=342835 stack_watermark=1848
I (16911) rlcd_dashboard: MOTION event=frame case=run-to-idle tick_ms=16039 moving=1 draw_us=4913 transfer_us=12206 frame_us=17418 interval_us=0 deadline_miss=0 internal_free=342835 stack_watermark=1848
I (16911) rlcd_dashboard: MOTION event=phase phase=4 case=run-to-idle tick_ms=16039 count=8 feed_health=0 visible=8 overflow=0 hidden_blocked=0
I (16951) rlcd_dashboard: MOTION event=frame case=run-to-idle tick_ms=16079 moving=1 draw_us=4867 transfer_us=12188 frame_us=17104 interval_us=40001 deadline_miss=0 internal_free=342835 stack_watermark=1848
I (16991) rlcd_dashboard: MOTION event=frame case=run-to-idle tick_ms=16119 moving=1 draw_us=4888 transfer_us=12192 frame_us=17125 interval_us=40000 deadline_miss=0 internal_free=342835 stack_watermark=1848
I (17031) rlcd_dashboard: MOTION event=frame case=run-to-idle tick_ms=16159 moving=1 draw_us=4768 transfer_us=12179 frame_us=16994 interval_us=40000 deadline_miss=0 internal_free=342835 stack_watermark=1848
I (17071) rlcd_dashboard: MOTION event=frame case=run-to-idle tick_ms=16199 moving=1 draw_us=4796 transfer_us=12188 frame_us=17029 interval_us=40000 deadline_miss=0 internal_free=342835 stack_watermark=1848
I (17111) rlcd_dashboard: MOTION event=frame case=run-to-idle tick_ms=16239 moving=1 draw_us=4869 transfer_us=12186 frame_us=17102 interval_us=40000 deadline_miss=0 internal_free=342835 stack_watermark=1848
I (17151) rlcd_dashboard: MOTION event=frame case=run-to-idle tick_ms=16279 moving=1 draw_us=4904 transfer_us=12187 frame_us=17136 interval_us=40000 deadline_miss=0 internal_free=342835 stack_watermark=1848
I (17191) rlcd_dashboard: MOTION event=frame case=run-to-idle tick_ms=16319 moving=1 draw_us=4819 transfer_us=12184 frame_us=17054 interval_us=40000 deadline_miss=0 internal_free=342835 stack_watermark=1848
I (17231) rlcd_dashboard: MOTION event=frame case=run-to-idle tick_ms=16359 moving=1 draw_us=4821 transfer_us=12189 frame_us=17053 interval_us=40000 deadline_miss=0 internal_free=342835 stack_watermark=1848
I (17271) rlcd_dashboard: MOTION event=frame case=run-to-idle tick_ms=16399 moving=0 draw_us=4808 transfer_us=12189 frame_us=17050 interval_us=0 deadline_miss=0 internal_free=342835 stack_watermark=1848
I (17911) rlcd_dashboard: MOTION event=frame case=run-to-idle tick_ms=17039 moving=0 draw_us=4802 transfer_us=12178 frame_us=16984 interval_us=0 deadline_miss=0 internal_free=342835 stack_watermark=1848
I (18911) rlcd_dashboard: MOTION event=frame case=run-to-idle tick_ms=18039 moving=0 draw_us=4807 transfer_us=12178 frame_us=16989 interval_us=0 deadline_miss=0 internal_free=342835 stack_watermark=1848
I (19911) rlcd_dashboard: MOTION event=frame case=run-to-idle tick_ms=19039 moving=0 draw_us=4794 transfer_us=12178 frame_us=16976 interval_us=0 deadline_miss=0 internal_free=342835 stack_watermark=1848
I (20911) rlcd_dashboard: MOTION event=frame case=simultaneous-changes tick_ms=20039 moving=1 draw_us=4728 transfer_us=12199 frame_us=17228 interval_us=0 deadline_miss=0 internal_free=342835 stack_watermark=1848
I (20911) rlcd_dashboard: MOTION event=phase phase=5 case=simultaneous-changes tick_ms=20039 count=8 feed_health=0 visible=8 overflow=0 hidden_blocked=0
I (20951) rlcd_dashboard: MOTION event=frame case=simultaneous-changes tick_ms=20079 moving=1 draw_us=4656 transfer_us=12182 frame_us=16883 interval_us=40001 deadline_miss=0 internal_free=342835 stack_watermark=1848
I (20991) rlcd_dashboard: MOTION event=frame case=simultaneous-changes tick_ms=20119 moving=1 draw_us=4698 transfer_us=12187 frame_us=16926 interval_us=40000 deadline_miss=0 internal_free=342835 stack_watermark=1848
I (21031) rlcd_dashboard: MOTION event=frame case=simultaneous-changes tick_ms=20159 moving=1 draw_us=4700 transfer_us=12180 frame_us=16931 interval_us=40000 deadline_miss=0 internal_free=342835 stack_watermark=1848
I (21071) rlcd_dashboard: MOTION event=frame case=simultaneous-changes tick_ms=20199 moving=1 draw_us=4620 transfer_us=12188 frame_us=16849 interval_us=40000 deadline_miss=0 internal_free=342835 stack_watermark=1848
I (21111) rlcd_dashboard: MOTION event=frame case=simultaneous-changes tick_ms=20239 moving=1 draw_us=4594 transfer_us=12180 frame_us=16821 interval_us=40000 deadline_miss=0 internal_free=342835 stack_watermark=1848
I (21151) rlcd_dashboard: MOTION event=frame case=simultaneous-changes tick_ms=20279 moving=1 draw_us=4572 transfer_us=12187 frame_us=16804 interval_us=40000 deadline_miss=0 internal_free=342835 stack_watermark=1848
I (21191) rlcd_dashboard: MOTION event=frame case=simultaneous-changes tick_ms=20319 moving=1 draw_us=4662 transfer_us=12180 frame_us=16889 interval_us=40000 deadline_miss=0 internal_free=342835 stack_watermark=1848
I (21231) rlcd_dashboard: MOTION event=frame case=simultaneous-changes tick_ms=20359 moving=1 draw_us=4693 transfer_us=12188 frame_us=16922 interval_us=40000 deadline_miss=0 internal_free=342835 stack_watermark=1848
I (21271) rlcd_dashboard: MOTION event=frame case=simultaneous-changes tick_ms=20399 moving=0 draw_us=4594 transfer_us=12185 frame_us=16837 interval_us=0 deadline_miss=0 internal_free=342835 stack_watermark=1848
I (21911) rlcd_dashboard: MOTION event=frame case=simultaneous-changes tick_ms=21039 moving=0 draw_us=4578 transfer_us=12178 frame_us=16760 interval_us=0 deadline_miss=0 internal_free=342835 stack_watermark=1848
I (22911) rlcd_dashboard: MOTION event=frame case=simultaneous-changes tick_ms=22039 moving=0 draw_us=4580 transfer_us=12178 frame_us=16762 interval_us=0 deadline_miss=0 internal_free=342835 stack_watermark=1848
I (23911) rlcd_dashboard: MOTION event=frame case=simultaneous-changes tick_ms=23039 moving=0 draw_us=4570 transfer_us=12178 frame_us=16752 interval_us=0 deadline_miss=0 internal_free=342835 stack_watermark=1848
I (24911) rlcd_dashboard: MOTION event=frame case=mid-motion-retarget tick_ms=24039 moving=1 draw_us=4770 transfer_us=12206 frame_us=17283 interval_us=0 deadline_miss=0 internal_free=342835 stack_watermark=1848
I (24911) rlcd_dashboard: MOTION event=phase phase=6 case=mid-motion-retarget tick_ms=24039 count=8 feed_health=0 visible=8 overflow=0 hidden_blocked=0
I (24951) rlcd_dashboard: MOTION event=frame case=mid-motion-retarget tick_ms=24079 moving=1 draw_us=4614 transfer_us=12182 frame_us=16847 interval_us=40001 deadline_miss=0 internal_free=342835 stack_watermark=1848
I (24991) rlcd_dashboard: MOTION event=frame case=mid-motion-retarget tick_ms=24119 moving=1 draw_us=4648 transfer_us=12187 frame_us=16882 interval_us=40000 deadline_miss=0 internal_free=342835 stack_watermark=1848
I (25031) rlcd_dashboard: MOTION event=frame case=mid-motion-retarget tick_ms=24159 moving=1 draw_us=4697 transfer_us=12180 frame_us=16930 interval_us=40000 deadline_miss=0 internal_free=342835 stack_watermark=1848
I (25071) rlcd_dashboard: MOTION event=frame case=mid-motion-retarget tick_ms=24199 moving=1 draw_us=4804 transfer_us=12198 frame_us=17319 interval_us=40000 deadline_miss=0 internal_free=342835 stack_watermark=1848
I (25071) rlcd_dashboard: MOTION event=phase phase=6 case=mid-motion-retarget tick_ms=24199 count=8 feed_health=0 visible=8 overflow=0 hidden_blocked=0
I (25111) rlcd_dashboard: MOTION event=frame case=mid-motion-retarget tick_ms=24239 moving=1 draw_us=4733 transfer_us=12187 frame_us=16969 interval_us=40000 deadline_miss=0 internal_free=342835 stack_watermark=1848
I (25151) rlcd_dashboard: MOTION event=frame case=mid-motion-retarget tick_ms=24279 moving=1 draw_us=4748 transfer_us=12187 frame_us=16983 interval_us=40000 deadline_miss=0 internal_free=342835 stack_watermark=1848
I (25191) rlcd_dashboard: MOTION event=frame case=mid-motion-retarget tick_ms=24319 moving=1 draw_us=4728 transfer_us=12185 frame_us=16964 interval_us=40000 deadline_miss=0 internal_free=342835 stack_watermark=1848
I (25231) rlcd_dashboard: MOTION event=frame case=mid-motion-retarget tick_ms=24359 moving=1 draw_us=4719 transfer_us=12188 frame_us=16955 interval_us=40000 deadline_miss=0 internal_free=342835 stack_watermark=1848
I (25271) rlcd_dashboard: MOTION event=frame case=mid-motion-retarget tick_ms=24399 moving=1 draw_us=4764 transfer_us=12185 frame_us=17000 interval_us=40000 deadline_miss=0 internal_free=342835 stack_watermark=1848
I (25311) rlcd_dashboard: MOTION event=frame case=mid-motion-retarget tick_ms=24439 moving=1 draw_us=4821 transfer_us=12188 frame_us=17057 interval_us=40000 deadline_miss=0 internal_free=342835 stack_watermark=1848
I (25351) rlcd_dashboard: MOTION event=frame case=mid-motion-retarget tick_ms=24479 moving=1 draw_us=4763 transfer_us=12185 frame_us=16999 interval_us=40000 deadline_miss=0 internal_free=342835 stack_watermark=1848
I (25391) rlcd_dashboard: MOTION event=frame case=mid-motion-retarget tick_ms=24519 moving=1 draw_us=4768 transfer_us=12188 frame_us=17004 interval_us=40000 deadline_miss=0 internal_free=342835 stack_watermark=1848
I (25431) rlcd_dashboard: MOTION event=frame case=mid-motion-retarget tick_ms=24559 moving=0 draw_us=4762 transfer_us=12186 frame_us=17006 interval_us=0 deadline_miss=0 internal_free=342835 stack_watermark=1848
I (25911) rlcd_dashboard: MOTION event=frame case=mid-motion-retarget tick_ms=25039 moving=0 draw_us=4754 transfer_us=12178 frame_us=16936 interval_us=0 deadline_miss=0 internal_free=342835 stack_watermark=1848
I (26911) rlcd_dashboard: MOTION event=frame case=mid-motion-retarget tick_ms=26039 moving=0 draw_us=4752 transfer_us=12178 frame_us=16934 interval_us=0 deadline_miss=0 internal_free=342835 stack_watermark=1848
I (27911) rlcd_dashboard: MOTION event=frame case=mid-motion-retarget tick_ms=27039 moving=0 draw_us=4749 transfer_us=12178 frame_us=16931 interval_us=0 deadline_miss=0 internal_free=342835 stack_watermark=1848
I (28911) rlcd_dashboard: MOTION event=frame case=overflow-admission tick_ms=28039 moving=1 draw_us=4988 transfer_us=12200 frame_us=17629 interval_us=0 deadline_miss=0 internal_free=342835 stack_watermark=1848
I (28911) rlcd_dashboard: MOTION event=phase phase=7 case=overflow-admission tick_ms=28039 count=12 feed_health=0 visible=9 overflow=3 hidden_blocked=0
I (28951) rlcd_dashboard: MOTION event=frame case=overflow-admission tick_ms=28079 moving=1 draw_us=6154 transfer_us=12190 frame_us=18394 interval_us=40001 deadline_miss=0 internal_free=342835 stack_watermark=1848
I (28991) rlcd_dashboard: MOTION event=frame case=overflow-admission tick_ms=28119 moving=1 draw_us=6332 transfer_us=12188 frame_us=18570 interval_us=40000 deadline_miss=0 internal_free=342835 stack_watermark=1848
I (29031) rlcd_dashboard: MOTION event=frame case=overflow-admission tick_ms=28159 moving=1 draw_us=6223 transfer_us=12188 frame_us=18463 interval_us=40000 deadline_miss=0 internal_free=342835 stack_watermark=1848
I (29071) rlcd_dashboard: MOTION event=frame case=overflow-admission tick_ms=28199 moving=1 draw_us=6077 transfer_us=12188 frame_us=18315 interval_us=40000 deadline_miss=0 internal_free=342835 stack_watermark=1848
I (29111) rlcd_dashboard: MOTION event=frame case=overflow-admission tick_ms=28239 moving=1 draw_us=5657 transfer_us=12188 frame_us=17897 interval_us=40000 deadline_miss=0 internal_free=342835 stack_watermark=1848
I (29151) rlcd_dashboard: MOTION event=frame case=overflow-admission tick_ms=28279 moving=1 draw_us=5530 transfer_us=12187 frame_us=17767 interval_us=40000 deadline_miss=0 internal_free=342835 stack_watermark=1848
I (29191) rlcd_dashboard: MOTION event=frame case=overflow-admission tick_ms=28319 moving=1 draw_us=5383 transfer_us=12188 frame_us=17623 interval_us=40000 deadline_miss=0 internal_free=342835 stack_watermark=1848
I (29231) rlcd_dashboard: MOTION event=frame case=overflow-admission tick_ms=28359 moving=1 draw_us=5405 transfer_us=12188 frame_us=17643 interval_us=40000 deadline_miss=0 internal_free=342835 stack_watermark=1848
I (29271) rlcd_dashboard: MOTION event=frame case=overflow-admission tick_ms=28399 moving=0 draw_us=5298 transfer_us=12185 frame_us=17541 interval_us=0 deadline_miss=0 internal_free=342835 stack_watermark=1848
I (29911) rlcd_dashboard: MOTION event=frame case=overflow-admission tick_ms=29039 moving=0 draw_us=5283 transfer_us=12178 frame_us=17465 interval_us=0 deadline_miss=0 internal_free=342835 stack_watermark=1848
I (30911) rlcd_dashboard: MOTION event=frame case=overflow-admission tick_ms=30039 moving=0 draw_us=5294 transfer_us=12178 frame_us=17476 interval_us=0 deadline_miss=0 internal_free=342835 stack_watermark=1848
I (31911) rlcd_dashboard: MOTION event=frame case=overflow-admission tick_ms=31039 moving=0 draw_us=5288 transfer_us=12178 frame_us=17470 interval_us=0 deadline_miss=0 internal_free=342835 stack_watermark=1848
I (32911) rlcd_dashboard: MOTION event=frame case=same-project-identities tick_ms=32039 moving=1 draw_us=5297 transfer_us=12201 frame_us=17925 interval_us=0 deadline_miss=0 internal_free=342835 stack_watermark=1848
I (32911) rlcd_dashboard: MOTION event=phase phase=8 case=same-project-identities tick_ms=32039 count=12 feed_health=0 visible=9 overflow=3 hidden_blocked=0
I (32951) rlcd_dashboard: MOTION event=frame case=same-project-identities tick_ms=32079 moving=1 draw_us=5480 transfer_us=12187 frame_us=17717 interval_us=40001 deadline_miss=0 internal_free=342835 stack_watermark=1848
I (32991) rlcd_dashboard: MOTION event=frame case=same-project-identities tick_ms=32119 moving=1 draw_us=5507 transfer_us=12187 frame_us=17744 interval_us=40000 deadline_miss=0 internal_free=342835 stack_watermark=1848
I (33031) rlcd_dashboard: MOTION event=frame case=same-project-identities tick_ms=32159 moving=1 draw_us=5525 transfer_us=12187 frame_us=17764 interval_us=40000 deadline_miss=0 internal_free=342835 stack_watermark=1848
I (33071) rlcd_dashboard: MOTION event=frame case=same-project-identities tick_ms=32199 moving=1 draw_us=5415 transfer_us=12187 frame_us=17652 interval_us=40000 deadline_miss=0 internal_free=342835 stack_watermark=1848
I (33111) rlcd_dashboard: MOTION event=frame case=same-project-identities tick_ms=32239 moving=1 draw_us=5048 transfer_us=12187 frame_us=17287 interval_us=40000 deadline_miss=0 internal_free=342835 stack_watermark=1848
I (33151) rlcd_dashboard: MOTION event=frame case=same-project-identities tick_ms=32279 moving=1 draw_us=5051 transfer_us=12188 frame_us=17289 interval_us=40000 deadline_miss=0 internal_free=342835 stack_watermark=1848
I (33191) rlcd_dashboard: MOTION event=frame case=same-project-identities tick_ms=32319 moving=1 draw_us=5047 transfer_us=12187 frame_us=17286 interval_us=40000 deadline_miss=0 internal_free=342835 stack_watermark=1848
I (33231) rlcd_dashboard: MOTION event=frame case=same-project-identities tick_ms=32359 moving=1 draw_us=4989 transfer_us=12187 frame_us=17226 interval_us=40000 deadline_miss=0 internal_free=342835 stack_watermark=1848
I (33271) rlcd_dashboard: MOTION event=frame case=same-project-identities tick_ms=32399 moving=0 draw_us=4979 transfer_us=12185 frame_us=17222 interval_us=0 deadline_miss=0 internal_free=342835 stack_watermark=1848
I (33911) rlcd_dashboard: MOTION event=frame case=same-project-identities tick_ms=33039 moving=0 draw_us=4969 transfer_us=12178 frame_us=17151 interval_us=0 deadline_miss=0 internal_free=342835 stack_watermark=1848
I (34911) rlcd_dashboard: MOTION event=frame case=same-project-identities tick_ms=34039 moving=0 draw_us=4966 transfer_us=12178 frame_us=17148 interval_us=0 deadline_miss=0 internal_free=342835 stack_watermark=1848
I (35911) rlcd_dashboard: MOTION event=frame case=same-project-identities tick_ms=35039 moving=0 draw_us=4947 transfer_us=12178 frame_us=17129 interval_us=0 deadline_miss=0 internal_free=342835 stack_watermark=1848
I (36911) rlcd_dashboard: MOTION event=frame case=feed-stale-during-motion tick_ms=36039 moving=1 draw_us=5194 transfer_us=12202 frame_us=17824 interval_us=0 deadline_miss=0 internal_free=342835 stack_watermark=1848
I (36911) rlcd_dashboard: MOTION event=phase phase=9 case=feed-stale-during-motion tick_ms=36039 count=12 feed_health=0 visible=9 overflow=3 hidden_blocked=0
I (36951) rlcd_dashboard: MOTION event=frame case=feed-stale-during-motion tick_ms=36079 moving=1 draw_us=5013 transfer_us=12187 frame_us=17252 interval_us=40001 deadline_miss=0 internal_free=342835 stack_watermark=1848
I (36991) rlcd_dashboard: MOTION event=frame case=feed-stale-during-motion tick_ms=36119 moving=1 draw_us=5176 transfer_us=12188 frame_us=17417 interval_us=40000 deadline_miss=0 internal_free=342835 stack_watermark=1848
I (37031) rlcd_dashboard: MOTION event=frame case=feed-stale-during-motion tick_ms=36159 moving=1 draw_us=5057 transfer_us=12188 frame_us=17299 interval_us=40000 deadline_miss=0 internal_free=342835 stack_watermark=1848
I (37071) rlcd_dashboard: MOTION event=frame case=feed-stale-during-motion tick_ms=36199 moving=0 draw_us=4107 transfer_us=12179 frame_us=16356 interval_us=0 deadline_miss=0 internal_free=342835 stack_watermark=1848
I (37071) rlcd_dashboard: MOTION event=phase phase=9 case=feed-stale-during-motion tick_ms=36199 count=12 feed_health=1 visible=9 overflow=0 hidden_blocked=0
I (37911) rlcd_dashboard: MOTION event=frame case=feed-stale-during-motion tick_ms=37039 moving=0 draw_us=4068 transfer_us=12180 frame_us=16252 interval_us=0 deadline_miss=0 internal_free=342835 stack_watermark=1848
I (38911) rlcd_dashboard: MOTION event=frame case=feed-stale-during-motion tick_ms=38039 moving=0 draw_us=4064 transfer_us=12172 frame_us=16240 interval_us=0 deadline_miss=0 internal_free=342835 stack_watermark=1848
I (39911) rlcd_dashboard: MOTION event=frame case=feed-stale-during-motion tick_ms=39039 moving=0 draw_us=4066 transfer_us=12176 frame_us=16246 interval_us=0 deadline_miss=0 internal_free=342835 stack_watermark=1848
I (40911) rlcd_dashboard: MOTION event=frame case=feed-recovery tick_ms=40039 moving=1 draw_us=5235 transfer_us=12201 frame_us=17867 interval_us=0 deadline_miss=0 internal_free=342835 stack_watermark=1848
I (40911) rlcd_dashboard: MOTION event=phase phase=10 case=feed-recovery tick_ms=40039 count=12 feed_health=0 visible=8 overflow=4 hidden_blocked=0
I (40951) rlcd_dashboard: MOTION event=frame case=feed-recovery tick_ms=40079 moving=1 draw_us=5161 transfer_us=12187 frame_us=17400 interval_us=40001 deadline_miss=0 internal_free=342835 stack_watermark=1848
I (40991) rlcd_dashboard: MOTION event=frame case=feed-recovery tick_ms=40119 moving=1 draw_us=5062 transfer_us=12187 frame_us=17299 interval_us=40000 deadline_miss=0 internal_free=342835 stack_watermark=1848
I (41031) rlcd_dashboard: MOTION event=frame case=feed-recovery tick_ms=40159 moving=1 draw_us=5188 transfer_us=12187 frame_us=17427 interval_us=40000 deadline_miss=0 internal_free=342835 stack_watermark=1848
I (41071) rlcd_dashboard: MOTION event=frame case=feed-recovery tick_ms=40199 moving=1 draw_us=5137 transfer_us=12187 frame_us=17374 interval_us=40000 deadline_miss=0 internal_free=342835 stack_watermark=1848
I (41111) rlcd_dashboard: MOTION event=frame case=feed-recovery tick_ms=40239 moving=1 draw_us=5080 transfer_us=12188 frame_us=17320 interval_us=40000 deadline_miss=0 internal_free=342835 stack_watermark=1848
I (41151) rlcd_dashboard: MOTION event=frame case=feed-recovery tick_ms=40279 moving=1 draw_us=5000 transfer_us=12187 frame_us=17237 interval_us=40000 deadline_miss=0 internal_free=342835 stack_watermark=1848
I (41191) rlcd_dashboard: MOTION event=frame case=feed-recovery tick_ms=40319 moving=1 draw_us=5052 transfer_us=12187 frame_us=17291 interval_us=40000 deadline_miss=0 internal_free=342835 stack_watermark=1848
I (41231) rlcd_dashboard: MOTION event=frame case=feed-recovery tick_ms=40359 moving=1 draw_us=4905 transfer_us=12194 frame_us=17149 interval_us=40000 deadline_miss=0 internal_free=342835 stack_watermark=1848
I (41271) rlcd_dashboard: MOTION event=frame case=feed-recovery tick_ms=40399 moving=0 draw_us=4898 transfer_us=12191 frame_us=17147 interval_us=0 deadline_miss=0 internal_free=342835 stack_watermark=1848
I (41911) rlcd_dashboard: MOTION event=frame case=feed-recovery tick_ms=41039 moving=0 draw_us=4883 transfer_us=12183 frame_us=17070 interval_us=0 deadline_miss=0 internal_free=342835 stack_watermark=1848
I (42911) rlcd_dashboard: MOTION event=frame case=feed-recovery tick_ms=42039 moving=0 draw_us=4890 transfer_us=12181 frame_us=17075 interval_us=0 deadline_miss=0 internal_free=342835 stack_watermark=1848
I (43911) rlcd_dashboard: MOTION event=frame case=feed-recovery tick_ms=43039 moving=0 draw_us=4885 transfer_us=12181 frame_us=17070 interval_us=0 deadline_miss=0 internal_free=342835 stack_watermark=1848
I (44911) rlcd_dashboard: MOTION event=frame case=feed-offline-during-motion tick_ms=44039 moving=1 draw_us=4843 transfer_us=12202 frame_us=17460 interval_us=0 deadline_miss=0 internal_free=342835 stack_watermark=1848
I (44911) rlcd_dashboard: MOTION event=phase phase=11 case=feed-offline-during-motion tick_ms=44039 count=12 feed_health=0 visible=9 overflow=3 hidden_blocked=0
I (44951) rlcd_dashboard: MOTION event=frame case=feed-offline-during-motion tick_ms=44079 moving=1 draw_us=4920 transfer_us=12187 frame_us=17161 interval_us=40001 deadline_miss=0 internal_free=342835 stack_watermark=1848
I (44991) rlcd_dashboard: MOTION event=frame case=feed-offline-during-motion tick_ms=44119 moving=1 draw_us=5047 transfer_us=12187 frame_us=17286 interval_us=40000 deadline_miss=0 internal_free=342835 stack_watermark=1848
I (45031) rlcd_dashboard: MOTION event=frame case=feed-offline-during-motion tick_ms=44159 moving=1 draw_us=5293 transfer_us=12188 frame_us=17535 interval_us=40000 deadline_miss=0 internal_free=342835 stack_watermark=1848
I (45071) rlcd_dashboard: MOTION event=frame case=feed-offline-during-motion tick_ms=44199 moving=0 draw_us=4206 transfer_us=12173 frame_us=16445 interval_us=0 deadline_miss=0 internal_free=342835 stack_watermark=1848
I (45071) rlcd_dashboard: MOTION event=phase phase=11 case=feed-offline-during-motion tick_ms=44199 count=12 feed_health=2 visible=9 overflow=0 hidden_blocked=0
I (45911) rlcd_dashboard: MOTION event=frame case=feed-offline-during-motion tick_ms=45039 moving=0 draw_us=4171 transfer_us=12170 frame_us=16345 interval_us=0 deadline_miss=0 internal_free=342835 stack_watermark=1848
I (46911) rlcd_dashboard: MOTION event=frame case=feed-offline-during-motion tick_ms=46039 moving=0 draw_us=4167 transfer_us=12166 frame_us=16337 interval_us=0 deadline_miss=0 internal_free=342835 stack_watermark=1848
I (47911) rlcd_dashboard: MOTION event=frame case=feed-offline-during-motion tick_ms=47039 moving=0 draw_us=4169 transfer_us=12167 frame_us=16340 interval_us=0 deadline_miss=0 internal_free=342835 stack_watermark=1848
I (48911) rlcd_dashboard: MOTION event=frame case=feed-recovery-again tick_ms=48039 moving=1 draw_us=5559 transfer_us=12201 frame_us=18194 interval_us=0 deadline_miss=0 internal_free=342835 stack_watermark=1848
I (48911) rlcd_dashboard: MOTION event=phase phase=12 case=feed-recovery-again tick_ms=48039 count=12 feed_health=0 visible=8 overflow=4 hidden_blocked=0
I (48951) rlcd_dashboard: MOTION event=frame case=feed-recovery-again tick_ms=48079 moving=1 draw_us=5296 transfer_us=12188 frame_us=17536 interval_us=40001 deadline_miss=0 internal_free=342835 stack_watermark=1848
I (48991) rlcd_dashboard: MOTION event=frame case=feed-recovery-again tick_ms=48119 moving=1 draw_us=4959 transfer_us=12188 frame_us=17197 interval_us=40000 deadline_miss=0 internal_free=342835 stack_watermark=1848
I (49031) rlcd_dashboard: MOTION event=frame case=feed-recovery-again tick_ms=48159 moving=1 draw_us=5056 transfer_us=12187 frame_us=17295 interval_us=40000 deadline_miss=0 internal_free=342835 stack_watermark=1848
I (49071) rlcd_dashboard: MOTION event=frame case=feed-recovery-again tick_ms=48199 moving=1 draw_us=5016 transfer_us=12188 frame_us=17254 interval_us=40000 deadline_miss=0 internal_free=342835 stack_watermark=1848
I (49111) rlcd_dashboard: MOTION event=frame case=feed-recovery-again tick_ms=48239 moving=1 draw_us=4997 transfer_us=12188 frame_us=17237 interval_us=40000 deadline_miss=0 internal_free=342835 stack_watermark=1848
I (49151) rlcd_dashboard: MOTION event=frame case=feed-recovery-again tick_ms=48279 moving=1 draw_us=4774 transfer_us=12186 frame_us=17010 interval_us=40000 deadline_miss=0 internal_free=342835 stack_watermark=1848
I (49191) rlcd_dashboard: MOTION event=frame case=feed-recovery-again tick_ms=48319 moving=1 draw_us=4965 transfer_us=12187 frame_us=17202 interval_us=40000 deadline_miss=0 internal_free=342835 stack_watermark=1848
I (49231) rlcd_dashboard: MOTION event=frame case=feed-recovery-again tick_ms=48359 moving=1 draw_us=4841 transfer_us=12188 frame_us=17079 interval_us=40000 deadline_miss=0 internal_free=342835 stack_watermark=1848
I (49271) rlcd_dashboard: MOTION event=frame case=feed-recovery-again tick_ms=48399 moving=0 draw_us=4831 transfer_us=12186 frame_us=17075 interval_us=0 deadline_miss=0 internal_free=342835 stack_watermark=1848
I (49911) rlcd_dashboard: MOTION event=frame case=feed-recovery-again tick_ms=49039 moving=0 draw_us=4806 transfer_us=12178 frame_us=16988 interval_us=0 deadline_miss=0 internal_free=342835 stack_watermark=1848
I (50911) rlcd_dashboard: MOTION event=frame case=feed-recovery-again tick_ms=50039 moving=0 draw_us=4822 transfer_us=12178 frame_us=17004 interval_us=0 deadline_miss=0 internal_free=342835 stack_watermark=1848
I (51911) rlcd_dashboard: MOTION event=frame case=feed-recovery-again tick_ms=51039 moving=0 draw_us=4811 transfer_us=12178 frame_us=16993 interval_us=0 deadline_miss=0 internal_free=342835 stack_watermark=1848
I (52911) rlcd_dashboard: MOTION event=frame case=attention-overflow tick_ms=52039 moving=1 draw_us=5288 transfer_us=12203 frame_us=17917 interval_us=0 deadline_miss=0 internal_free=342835 stack_watermark=1848
I (52911) rlcd_dashboard: MOTION event=phase phase=13 case=attention-overflow tick_ms=52039 count=12 feed_health=0 visible=8 overflow=4 hidden_blocked=2
I (52951) rlcd_dashboard: MOTION event=frame case=attention-overflow tick_ms=52079 moving=1 draw_us=5477 transfer_us=12188 frame_us=17717 interval_us=40001 deadline_miss=0 internal_free=342835 stack_watermark=1848
I (52991) rlcd_dashboard: MOTION event=frame case=attention-overflow tick_ms=52119 moving=1 draw_us=5698 transfer_us=12187 frame_us=17935 interval_us=40000 deadline_miss=0 internal_free=342835 stack_watermark=1848
I (53031) rlcd_dashboard: MOTION event=frame case=attention-overflow tick_ms=52159 moving=1 draw_us=5515 transfer_us=12187 frame_us=17754 interval_us=40000 deadline_miss=0 internal_free=342835 stack_watermark=1848
I (53071) rlcd_dashboard: MOTION event=frame case=attention-overflow tick_ms=52199 moving=1 draw_us=5426 transfer_us=12181 frame_us=17657 interval_us=40000 deadline_miss=0 internal_free=342835 stack_watermark=1848
I (53111) rlcd_dashboard: MOTION event=frame case=attention-overflow tick_ms=52239 moving=1 draw_us=5254 transfer_us=12181 frame_us=17487 interval_us=40000 deadline_miss=0 internal_free=342835 stack_watermark=1848
I (53151) rlcd_dashboard: MOTION event=frame case=attention-overflow tick_ms=52279 moving=1 draw_us=5284 transfer_us=12181 frame_us=17515 interval_us=40000 deadline_miss=0 internal_free=342835 stack_watermark=1848
I (53191) rlcd_dashboard: MOTION event=frame case=attention-overflow tick_ms=52319 moving=1 draw_us=5166 transfer_us=12181 frame_us=17397 interval_us=40000 deadline_miss=0 internal_free=342835 stack_watermark=1848
I (53231) rlcd_dashboard: MOTION event=frame case=attention-overflow tick_ms=52359 moving=1 draw_us=5229 transfer_us=12182 frame_us=17461 interval_us=40000 deadline_miss=0 internal_free=342835 stack_watermark=1848
I (53271) rlcd_dashboard: MOTION event=frame case=attention-overflow tick_ms=52399 moving=0 draw_us=5384 transfer_us=12180 frame_us=17621 interval_us=0 deadline_miss=0 internal_free=342835 stack_watermark=1848
I (53911) rlcd_dashboard: MOTION event=frame case=attention-overflow tick_ms=53039 moving=0 draw_us=5308 transfer_us=12171 frame_us=17483 interval_us=0 deadline_miss=0 internal_free=342835 stack_watermark=1848
I (54911) rlcd_dashboard: MOTION event=frame case=attention-overflow tick_ms=54039 moving=0 draw_us=5337 transfer_us=12172 frame_us=17513 interval_us=0 deadline_miss=0 internal_free=342835 stack_watermark=1848
I (55911) rlcd_dashboard: MOTION event=frame case=attention-overflow tick_ms=55039 moving=0 draw_us=5337 transfer_us=12172 frame_us=17513 interval_us=0 deadline_miss=0 internal_free=342835 stack_watermark=1848
I (56911) rlcd_dashboard: MOTION event=frame case=uncertainty-section tick_ms=56039 moving=1 draw_us=4648 transfer_us=12205 frame_us=17174 interval_us=0 deadline_miss=0 internal_free=342835 stack_watermark=1848
I (56911) rlcd_dashboard: MOTION event=phase phase=14 case=uncertainty-section tick_ms=56039 count=8 feed_health=0 visible=8 overflow=0 hidden_blocked=0
I (56951) rlcd_dashboard: MOTION event=frame case=uncertainty-section tick_ms=56079 moving=1 draw_us=4939 transfer_us=12190 frame_us=17181 interval_us=40001 deadline_miss=0 internal_free=342835 stack_watermark=1848
I (56991) rlcd_dashboard: MOTION event=frame case=uncertainty-section tick_ms=56119 moving=1 draw_us=4723 transfer_us=12180 frame_us=16951 interval_us=40000 deadline_miss=0 internal_free=342835 stack_watermark=1848
I (57031) rlcd_dashboard: MOTION event=frame case=uncertainty-section tick_ms=56159 moving=1 draw_us=5256 transfer_us=12187 frame_us=17495 interval_us=40000 deadline_miss=0 internal_free=342835 stack_watermark=1848
I (57071) rlcd_dashboard: MOTION event=frame case=uncertainty-section tick_ms=56199 moving=1 draw_us=5426 transfer_us=12185 frame_us=17659 interval_us=40000 deadline_miss=0 internal_free=342835 stack_watermark=1848
I (57111) rlcd_dashboard: MOTION event=frame case=uncertainty-section tick_ms=56239 moving=1 draw_us=5368 transfer_us=12187 frame_us=17608 interval_us=40000 deadline_miss=0 internal_free=342835 stack_watermark=1848
I (57151) rlcd_dashboard: MOTION event=frame case=uncertainty-section tick_ms=56279 moving=1 draw_us=5411 transfer_us=12186 frame_us=17645 interval_us=40000 deadline_miss=0 internal_free=342835 stack_watermark=1848
I (57191) rlcd_dashboard: MOTION event=frame case=uncertainty-section tick_ms=56319 moving=1 draw_us=5261 transfer_us=12186 frame_us=17500 interval_us=40000 deadline_miss=0 internal_free=342835 stack_watermark=1848
I (57231) rlcd_dashboard: MOTION event=frame case=uncertainty-section tick_ms=56359 moving=1 draw_us=5009 transfer_us=12185 frame_us=17242 interval_us=40000 deadline_miss=0 internal_free=342835 stack_watermark=1848
I (57271) rlcd_dashboard: MOTION event=frame case=uncertainty-section tick_ms=56399 moving=0 draw_us=5012 transfer_us=12186 frame_us=17259 interval_us=0 deadline_miss=0 internal_free=342835 stack_watermark=1848
I (57911) rlcd_dashboard: MOTION event=frame case=uncertainty-section tick_ms=57039 moving=0 draw_us=5014 transfer_us=12177 frame_us=17195 interval_us=0 deadline_miss=0 internal_free=342835 stack_watermark=1848
I (58911) rlcd_dashboard: MOTION event=frame case=uncertainty-section tick_ms=58039 moving=0 draw_us=5007 transfer_us=12177 frame_us=17188 interval_us=0 deadline_miss=0 internal_free=342835 stack_watermark=1848
I (59911) rlcd_dashboard: MOTION event=frame case=uncertainty-section tick_ms=59039 moving=0 draw_us=4988 transfer_us=12182 frame_us=17174 interval_us=0 deadline_miss=0 internal_free=342835 stack_watermark=1848
I (60911) rlcd_dashboard: MOTION event=frame case=working-to-blocked tick_ms=60039 moving=1 draw_us=5234 transfer_us=12205 frame_us=17746 interval_us=0 deadline_miss=0 internal_free=342835 stack_watermark=1848
I (60911) rlcd_dashboard: MOTION event=phase phase=15 case=working-to-blocked tick_ms=60039 count=8 feed_health=0 visible=8 overflow=0 hidden_blocked=0
I (60951) rlcd_dashboard: MOTION event=frame case=working-to-blocked tick_ms=60079 moving=1 draw_us=5077 transfer_us=12189 frame_us=17316 interval_us=40001 deadline_miss=0 internal_free=342835 stack_watermark=1848
I (60991) rlcd_dashboard: MOTION event=frame case=working-to-blocked tick_ms=60119 moving=1 draw_us=5130 transfer_us=12187 frame_us=17368 interval_us=40000 deadline_miss=0 internal_free=342835 stack_watermark=1848
I (61031) rlcd_dashboard: MOTION event=frame case=working-to-blocked tick_ms=60159 moving=1 draw_us=5047 transfer_us=12187 frame_us=17284 interval_us=40000 deadline_miss=0 internal_free=342835 stack_watermark=1848
I (61071) rlcd_dashboard: MOTION event=frame case=working-to-blocked tick_ms=60199 moving=1 draw_us=5133 transfer_us=12188 frame_us=17372 interval_us=40000 deadline_miss=0 internal_free=342835 stack_watermark=1848
I (61111) rlcd_dashboard: MOTION event=frame case=working-to-blocked tick_ms=60239 moving=1 draw_us=5085 transfer_us=12188 frame_us=17323 interval_us=40000 deadline_miss=0 internal_free=342835 stack_watermark=1848
I (61151) rlcd_dashboard: MOTION event=frame case=working-to-blocked tick_ms=60279 moving=1 draw_us=5084 transfer_us=12187 frame_us=17322 interval_us=40000 deadline_miss=0 internal_free=342835 stack_watermark=1848
I (61191) rlcd_dashboard: MOTION event=frame case=working-to-blocked tick_ms=60319 moving=1 draw_us=5169 transfer_us=12188 frame_us=17407 interval_us=40000 deadline_miss=0 internal_free=342835 stack_watermark=1848
I (61231) rlcd_dashboard: MOTION event=frame case=working-to-blocked tick_ms=60359 moving=1 draw_us=5167 transfer_us=12188 frame_us=17406 interval_us=40000 deadline_miss=0 internal_free=342835 stack_watermark=1848
I (61271) rlcd_dashboard: MOTION event=frame case=working-to-blocked tick_ms=60399 moving=0 draw_us=5168 transfer_us=12185 frame_us=17410 interval_us=0 deadline_miss=0 internal_free=342835 stack_watermark=1848
I (61911) rlcd_dashboard: MOTION event=frame case=working-to-blocked tick_ms=61039 moving=0 draw_us=5138 transfer_us=12178 frame_us=17320 interval_us=0 deadline_miss=0 internal_free=342835 stack_watermark=1848
I (62911) rlcd_dashboard: MOTION event=frame case=working-to-blocked tick_ms=62039 moving=0 draw_us=5135 transfer_us=12178 frame_us=17317 interval_us=0 deadline_miss=0 internal_free=342835 stack_watermark=1848
I (63911) rlcd_dashboard: MOTION event=frame case=working-to-blocked tick_ms=63039 moving=0 draw_us=5090 transfer_us=12178 frame_us=17272 interval_us=0 deadline_miss=0 internal_free=342835 stack_watermark=1848
I (64911) rlcd_dashboard: MOTION event=frame case=blocked-to-working tick_ms=64039 moving=1 draw_us=5066 transfer_us=12205 frame_us=17578 interval_us=0 deadline_miss=0 internal_free=342835 stack_watermark=1848
I (64911) rlcd_dashboard: MOTION event=phase phase=16 case=blocked-to-working tick_ms=64039 count=8 feed_health=0 visible=8 overflow=0 hidden_blocked=0
I (64951) rlcd_dashboard: MOTION event=frame case=blocked-to-working tick_ms=64079 moving=1 draw_us=4909 transfer_us=12190 frame_us=17150 interval_us=40001 deadline_miss=0 internal_free=342835 stack_watermark=1848
I (64991) rlcd_dashboard: MOTION event=frame case=blocked-to-working tick_ms=64119 moving=1 draw_us=5015 transfer_us=12188 frame_us=17253 interval_us=40000 deadline_miss=0 internal_free=342835 stack_watermark=1848
I (65031) rlcd_dashboard: MOTION event=frame case=blocked-to-working tick_ms=64159 moving=1 draw_us=4923 transfer_us=12188 frame_us=17162 interval_us=40000 deadline_miss=0 internal_free=342835 stack_watermark=1848
I (65071) rlcd_dashboard: MOTION event=frame case=blocked-to-working tick_ms=64199 moving=1 draw_us=5011 transfer_us=12188 frame_us=17249 interval_us=40000 deadline_miss=0 internal_free=342835 stack_watermark=1848
I (65111) rlcd_dashboard: MOTION event=frame case=blocked-to-working tick_ms=64239 moving=1 draw_us=4899 transfer_us=12188 frame_us=17138 interval_us=40000 deadline_miss=0 internal_free=342835 stack_watermark=1848
I (65151) rlcd_dashboard: MOTION event=frame case=blocked-to-working tick_ms=64279 moving=1 draw_us=4901 transfer_us=12190 frame_us=17141 interval_us=40000 deadline_miss=0 internal_free=342835 stack_watermark=1848
I (65191) rlcd_dashboard: MOTION event=frame case=blocked-to-working tick_ms=64319 moving=1 draw_us=4989 transfer_us=12187 frame_us=17227 interval_us=40000 deadline_miss=0 internal_free=342835 stack_watermark=1848
I (65231) rlcd_dashboard: MOTION event=frame case=blocked-to-working tick_ms=64359 moving=1 draw_us=4991 transfer_us=12187 frame_us=17228 interval_us=40000 deadline_miss=0 internal_free=342835 stack_watermark=1848
I (65271) rlcd_dashboard: MOTION event=frame case=blocked-to-working tick_ms=64399 moving=0 draw_us=4987 transfer_us=12185 frame_us=17230 interval_us=0 deadline_miss=0 internal_free=342835 stack_watermark=1848
I (65911) rlcd_dashboard: MOTION event=frame case=blocked-to-working tick_ms=65039 moving=0 draw_us=4971 transfer_us=12178 frame_us=17153 interval_us=0 deadline_miss=0 internal_free=342835 stack_watermark=1848
I (66911) rlcd_dashboard: MOTION event=frame case=blocked-to-working tick_ms=66039 moving=0 draw_us=4972 transfer_us=12178 frame_us=17154 interval_us=0 deadline_miss=0 internal_free=342835 stack_watermark=1848
I (67911) rlcd_dashboard: MOTION event=frame case=blocked-to-working tick_ms=67039 moving=0 draw_us=4987 transfer_us=12182 frame_us=17173 interval_us=0 deadline_miss=0 internal_free=342835 stack_watermark=1848
I (68911) rlcd_dashboard: MOTION event=frame case=compact-capacity tick_ms=68039 moving=1 draw_us=4546 transfer_us=12203 frame_us=17171 interval_us=0 deadline_miss=0 internal_free=342835 stack_watermark=1848
I (68911) rlcd_dashboard: MOTION event=phase phase=17 case=compact-capacity tick_ms=68039 count=12 feed_health=0 visible=11 overflow=1 hidden_blocked=0
I (68951) rlcd_dashboard: MOTION event=frame case=compact-capacity tick_ms=68079 moving=1 draw_us=5526 transfer_us=12182 frame_us=17754 interval_us=40001 deadline_miss=0 internal_free=342835 stack_watermark=1848
I (68991) rlcd_dashboard: MOTION event=frame case=compact-capacity tick_ms=68119 moving=1 draw_us=5668 transfer_us=12180 frame_us=17892 interval_us=40000 deadline_miss=0 internal_free=342835 stack_watermark=1848
I (69031) rlcd_dashboard: MOTION event=frame case=compact-capacity tick_ms=68159 moving=1 draw_us=5585 transfer_us=12181 frame_us=17812 interval_us=40000 deadline_miss=0 internal_free=342835 stack_watermark=1848
I (69071) rlcd_dashboard: MOTION event=frame case=compact-capacity tick_ms=68199 moving=1 draw_us=5542 transfer_us=12180 frame_us=17766 interval_us=40000 deadline_miss=0 internal_free=342835 stack_watermark=1848
I (69111) rlcd_dashboard: MOTION event=frame case=compact-capacity tick_ms=68239 moving=1 draw_us=5546 transfer_us=12181 frame_us=17773 interval_us=40000 deadline_miss=0 internal_free=342835 stack_watermark=1848
I (69151) rlcd_dashboard: MOTION event=frame case=compact-capacity tick_ms=68279 moving=1 draw_us=5568 transfer_us=12180 frame_us=17792 interval_us=40000 deadline_miss=0 internal_free=342835 stack_watermark=1848
I (69191) rlcd_dashboard: MOTION event=frame case=compact-capacity tick_ms=68319 moving=1 draw_us=5569 transfer_us=12181 frame_us=17796 interval_us=40000 deadline_miss=0 internal_free=342835 stack_watermark=1848
I (69231) rlcd_dashboard: MOTION event=frame case=compact-capacity tick_ms=68359 moving=1 draw_us=5572 transfer_us=12180 frame_us=17796 interval_us=40000 deadline_miss=0 internal_free=342835 stack_watermark=1848
I (69271) rlcd_dashboard: MOTION event=frame case=compact-capacity tick_ms=68399 moving=0 draw_us=5400 transfer_us=12180 frame_us=17632 interval_us=0 deadline_miss=0 internal_free=342835 stack_watermark=1848
I (69911) rlcd_dashboard: MOTION event=frame case=compact-capacity tick_ms=69039 moving=0 draw_us=5315 transfer_us=12172 frame_us=17491 interval_us=0 deadline_miss=0 internal_free=342835 stack_watermark=1848
I (70911) rlcd_dashboard: MOTION event=frame case=compact-capacity tick_ms=70039 moving=0 draw_us=5350 transfer_us=12172 frame_us=17526 interval_us=0 deadline_miss=0 internal_free=342835 stack_watermark=1848
I (71911) rlcd_dashboard: MOTION event=frame case=compact-capacity tick_ms=71039 moving=0 draw_us=5350 transfer_us=12172 frame_us=17526 interval_us=0 deadline_miss=0 internal_free=342835 stack_watermark=1848
I (72911) rlcd_dashboard: MOTION event=frame case=waiting-only tick_ms=72039 moving=1 draw_us=6203 transfer_us=12203 frame_us=18826 interval_us=0 deadline_miss=0 internal_free=342835 stack_watermark=1848
I (72911) rlcd_dashboard: MOTION event=phase phase=18 case=waiting-only tick_ms=72039 count=12 feed_health=0 visible=8 overflow=4 hidden_blocked=0
I (72951) rlcd_dashboard: MOTION event=frame case=waiting-only tick_ms=72079 moving=1 draw_us=5975 transfer_us=12188 frame_us=18211 interval_us=40001 deadline_miss=0 internal_free=342835 stack_watermark=1848
I (72991) rlcd_dashboard: MOTION event=frame case=waiting-only tick_ms=72119 moving=1 draw_us=5687 transfer_us=12188 frame_us=17922 interval_us=40000 deadline_miss=0 internal_free=342835 stack_watermark=1848
I (73031) rlcd_dashboard: MOTION event=frame case=waiting-only tick_ms=72159 moving=1 draw_us=5394 transfer_us=12187 frame_us=17627 interval_us=40000 deadline_miss=0 internal_free=342835 stack_watermark=1848
I (73071) rlcd_dashboard: MOTION event=frame case=waiting-only tick_ms=72199 moving=1 draw_us=5136 transfer_us=12188 frame_us=17371 interval_us=40000 deadline_miss=0 internal_free=342835 stack_watermark=1848
I (73111) rlcd_dashboard: MOTION event=frame case=waiting-only tick_ms=72239 moving=1 draw_us=5109 transfer_us=12187 frame_us=17342 interval_us=40000 deadline_miss=0 internal_free=342835 stack_watermark=1848
I (73151) rlcd_dashboard: MOTION event=frame case=waiting-only tick_ms=72279 moving=1 draw_us=5099 transfer_us=12188 frame_us=17334 interval_us=40000 deadline_miss=0 internal_free=342835 stack_watermark=1848
I (73191) rlcd_dashboard: MOTION event=frame case=waiting-only tick_ms=72319 moving=1 draw_us=5103 transfer_us=12187 frame_us=17336 interval_us=40000 deadline_miss=0 internal_free=342835 stack_watermark=1848
I (73231) rlcd_dashboard: MOTION event=frame case=waiting-only tick_ms=72359 moving=1 draw_us=5068 transfer_us=12188 frame_us=17303 interval_us=40000 deadline_miss=0 internal_free=342835 stack_watermark=1848
I (73271) rlcd_dashboard: MOTION event=frame case=waiting-only tick_ms=72399 moving=0 draw_us=5026 transfer_us=12186 frame_us=17264 interval_us=0 deadline_miss=0 internal_free=342835 stack_watermark=1848
I (73911) rlcd_dashboard: MOTION event=frame case=waiting-only tick_ms=73039 moving=0 draw_us=4942 transfer_us=12181 frame_us=17127 interval_us=0 deadline_miss=0 internal_free=342835 stack_watermark=1848
I (74911) rlcd_dashboard: MOTION event=frame case=waiting-only tick_ms=74039 moving=0 draw_us=4975 transfer_us=12180 frame_us=17159 interval_us=0 deadline_miss=0 internal_free=342835 stack_watermark=1848
I (75911) rlcd_dashboard: MOTION event=frame case=waiting-only tick_ms=75039 moving=0 draw_us=4972 transfer_us=12180 frame_us=17156 interval_us=0 deadline_miss=0 internal_free=342835 stack_watermark=1848
I (76911) rlcd_dashboard: MOTION event=frame case=blocked-only tick_ms=76039 moving=0 draw_us=5731 transfer_us=12195 frame_us=18310 interval_us=0 deadline_miss=0 internal_free=342835 stack_watermark=1848
I (76911) rlcd_dashboard: MOTION event=phase phase=19 case=blocked-only tick_ms=76039 count=12 feed_health=0 visible=8 overflow=4 hidden_blocked=4
I (77911) rlcd_dashboard: MOTION event=frame case=blocked-only tick_ms=77039 moving=0 draw_us=5575 transfer_us=12172 frame_us=17751 interval_us=0 deadline_miss=0 internal_free=342835 stack_watermark=1848
I (78911) rlcd_dashboard: MOTION event=frame case=blocked-only tick_ms=78039 moving=0 draw_us=5597 transfer_us=12172 frame_us=17773 interval_us=0 deadline_miss=0 internal_free=342835 stack_watermark=1848
I (79911) rlcd_dashboard: MOTION event=frame case=blocked-only tick_ms=79039 moving=0 draw_us=5597 transfer_us=12172 frame_us=17773 interval_us=0 deadline_miss=0 internal_free=342835 stack_watermark=1848
I (80911) rlcd_dashboard: MOTION event=frame case=inactive-removal tick_ms=80039 moving=1 draw_us=5537 transfer_us=12202 frame_us=18174 interval_us=0 deadline_miss=0 internal_free=342835 stack_watermark=1848
I (80911) rlcd_dashboard: MOTION event=phase phase=20 case=inactive-removal tick_ms=80039 count=11 feed_health=0 visible=8 overflow=3 hidden_blocked=3
I (80951) rlcd_dashboard: MOTION event=frame case=inactive-removal tick_ms=80079 moving=1 draw_us=5435 transfer_us=12182 frame_us=17668 interval_us=40001 deadline_miss=0 internal_free=342835 stack_watermark=1848
I (80991) rlcd_dashboard: MOTION event=frame case=inactive-removal tick_ms=80119 moving=1 draw_us=5716 transfer_us=12181 frame_us=17948 interval_us=40000 deadline_miss=0 internal_free=342835 stack_watermark=1848
I (81031) rlcd_dashboard: MOTION event=frame case=inactive-removal tick_ms=80159 moving=1 draw_us=5738 transfer_us=12182 frame_us=17971 interval_us=40000 deadline_miss=0 internal_free=342835 stack_watermark=1848
I (81071) rlcd_dashboard: MOTION event=frame case=inactive-removal tick_ms=80199 moving=1 draw_us=5753 transfer_us=12182 frame_us=17986 interval_us=40000 deadline_miss=0 internal_free=342835 stack_watermark=1848
I (81111) rlcd_dashboard: MOTION event=frame case=inactive-removal tick_ms=80239 moving=1 draw_us=5497 transfer_us=12181 frame_us=17729 interval_us=40000 deadline_miss=0 internal_free=342835 stack_watermark=1848
I (81151) rlcd_dashboard: MOTION event=frame case=inactive-removal tick_ms=80279 moving=1 draw_us=5526 transfer_us=12182 frame_us=17759 interval_us=40000 deadline_miss=0 internal_free=342835 stack_watermark=1848
I (81191) rlcd_dashboard: MOTION event=frame case=inactive-removal tick_ms=80319 moving=1 draw_us=5429 transfer_us=12181 frame_us=17661 interval_us=40000 deadline_miss=0 internal_free=342835 stack_watermark=1848
I (81231) rlcd_dashboard: MOTION event=frame case=inactive-removal tick_ms=80359 moving=1 draw_us=5557 transfer_us=12181 frame_us=17789 interval_us=40000 deadline_miss=0 internal_free=342835 stack_watermark=1848
I (81271) rlcd_dashboard: MOTION event=frame case=inactive-removal tick_ms=80399 moving=0 draw_us=5335 transfer_us=12180 frame_us=17573 interval_us=0 deadline_miss=0 internal_free=342835 stack_watermark=1848
I (81911) rlcd_dashboard: MOTION event=frame case=inactive-removal tick_ms=81039 moving=0 draw_us=5347 transfer_us=12172 frame_us=17523 interval_us=0 deadline_miss=0 internal_free=342835 stack_watermark=1848
I (82911) rlcd_dashboard: MOTION event=frame case=inactive-removal tick_ms=82039 moving=0 draw_us=5332 transfer_us=12172 frame_us=17508 interval_us=0 deadline_miss=0 internal_free=342835 stack_watermark=1848
I (83911) rlcd_dashboard: MOTION event=frame case=inactive-removal tick_ms=83039 moving=0 draw_us=5302 transfer_us=12172 frame_us=17478 interval_us=0 deadline_miss=0 internal_free=342835 stack_watermark=1848
I (84911) rlcd_dashboard: MOTION event=frame case=readmission tick_ms=84039 moving=1 draw_us=5453 transfer_us=12201 frame_us=18078 interval_us=0 deadline_miss=0 internal_free=342835 stack_watermark=1848
I (84911) rlcd_dashboard: MOTION event=phase phase=21 case=readmission tick_ms=84039 count=12 feed_health=0 visible=8 overflow=4 hidden_blocked=3
I (84951) rlcd_dashboard: MOTION event=frame case=readmission tick_ms=84079 moving=1 draw_us=5373 transfer_us=12183 frame_us=17607 interval_us=40001 deadline_miss=0 internal_free=342835 stack_watermark=1848
I (84991) rlcd_dashboard: MOTION event=frame case=readmission tick_ms=84119 moving=1 draw_us=5370 transfer_us=12181 frame_us=17601 interval_us=40000 deadline_miss=0 internal_free=342835 stack_watermark=1848
I (85031) rlcd_dashboard: MOTION event=frame case=readmission tick_ms=84159 moving=1 draw_us=5370 transfer_us=12181 frame_us=17601 interval_us=40000 deadline_miss=0 internal_free=342835 stack_watermark=1848
I (85071) rlcd_dashboard: MOTION event=frame case=readmission tick_ms=84199 moving=1 draw_us=5370 transfer_us=12181 frame_us=17601 interval_us=40000 deadline_miss=0 internal_free=342835 stack_watermark=1848
I (85111) rlcd_dashboard: MOTION event=frame case=readmission tick_ms=84239 moving=1 draw_us=5370 transfer_us=12181 frame_us=17601 interval_us=40000 deadline_miss=0 internal_free=342835 stack_watermark=1848
I (85151) rlcd_dashboard: MOTION event=frame case=readmission tick_ms=84279 moving=1 draw_us=5370 transfer_us=12181 frame_us=17601 interval_us=40000 deadline_miss=0 internal_free=342835 stack_watermark=1848
I (85191) rlcd_dashboard: MOTION event=frame case=readmission tick_ms=84319 moving=1 draw_us=5370 transfer_us=12181 frame_us=17601 interval_us=40000 deadline_miss=0 internal_free=342835 stack_watermark=1848
I (85231) rlcd_dashboard: MOTION event=frame case=readmission tick_ms=84359 moving=1 draw_us=5370 transfer_us=12181 frame_us=17601 interval_us=40000 deadline_miss=0 internal_free=342835 stack_watermark=1848
I (85271) rlcd_dashboard: MOTION event=frame case=readmission tick_ms=84399 moving=0 draw_us=5367 transfer_us=12180 frame_us=17604 interval_us=0 deadline_miss=0 internal_free=342835 stack_watermark=1848
I (85911) rlcd_dashboard: MOTION event=frame case=readmission tick_ms=85039 moving=0 draw_us=5342 transfer_us=12172 frame_us=17518 interval_us=0 deadline_miss=0 internal_free=342835 stack_watermark=1848
I (86911) rlcd_dashboard: MOTION event=frame case=readmission tick_ms=86039 moving=0 draw_us=5330 transfer_us=12172 frame_us=17506 interval_us=0 deadline_miss=0 internal_free=342835 stack_watermark=1848
I (87911) rlcd_dashboard: MOTION event=frame case=readmission tick_ms=87039 moving=0 draw_us=5264 transfer_us=12171 frame_us=17439 interval_us=0 deadline_miss=0 internal_free=342835 stack_watermark=1848
I (88911) rlcd_dashboard: MOTION event=frame case=empty-roster tick_ms=88039 moving=1 draw_us=3946 transfer_us=12189 frame_us=16246 interval_us=0 deadline_miss=0 internal_free=342835 stack_watermark=1848
I (88911) rlcd_dashboard: MOTION event=phase phase=22 case=empty-roster tick_ms=88039 count=0 feed_health=0 visible=0 overflow=0 hidden_blocked=0
I (88951) rlcd_dashboard: MOTION event=frame case=empty-roster tick_ms=88079 moving=1 draw_us=3835 transfer_us=12181 frame_us=16058 interval_us=40001 deadline_miss=0 internal_free=342835 stack_watermark=1848
I (88991) rlcd_dashboard: MOTION event=frame case=empty-roster tick_ms=88119 moving=1 draw_us=3796 transfer_us=12182 frame_us=16024 interval_us=40000 deadline_miss=0 internal_free=342835 stack_watermark=1848
I (89031) rlcd_dashboard: MOTION event=frame case=empty-roster tick_ms=88159 moving=1 draw_us=3743 transfer_us=12181 frame_us=15966 interval_us=40000 deadline_miss=0 internal_free=342835 stack_watermark=1848
I (89071) rlcd_dashboard: MOTION event=frame case=empty-roster tick_ms=88199 moving=1 draw_us=3653 transfer_us=12182 frame_us=15881 interval_us=40000 deadline_miss=0 internal_free=342835 stack_watermark=1848
I (89111) rlcd_dashboard: MOTION event=frame case=empty-roster tick_ms=88239 moving=1 draw_us=3618 transfer_us=12181 frame_us=15841 interval_us=40000 deadline_miss=0 internal_free=342835 stack_watermark=1848
I (89151) rlcd_dashboard: MOTION event=frame case=empty-roster tick_ms=88279 moving=1 draw_us=3399 transfer_us=12182 frame_us=15627 interval_us=40000 deadline_miss=0 internal_free=342835 stack_watermark=1848
I (89191) rlcd_dashboard: MOTION event=frame case=empty-roster tick_ms=88319 moving=1 draw_us=2886 transfer_us=12181 frame_us=15109 interval_us=40000 deadline_miss=0 internal_free=342835 stack_watermark=1848
I (89231) rlcd_dashboard: MOTION event=frame case=empty-roster tick_ms=88359 moving=1 draw_us=2327 transfer_us=12182 frame_us=14555 interval_us=40000 deadline_miss=0 internal_free=342835 stack_watermark=1848
I (89271) rlcd_dashboard: MOTION event=frame case=empty-roster tick_ms=88399 moving=0 draw_us=1398 transfer_us=12180 frame_us=13630 interval_us=0 deadline_miss=0 internal_free=342835 stack_watermark=1848
I (89911) rlcd_dashboard: MOTION event=frame case=empty-roster tick_ms=89039 moving=0 draw_us=1386 transfer_us=12170 frame_us=13560 interval_us=0 deadline_miss=0 internal_free=342835 stack_watermark=1848
I (90911) rlcd_dashboard: MOTION event=frame case=empty-roster tick_ms=90039 moving=0 draw_us=1386 transfer_us=12170 frame_us=13560 interval_us=0 deadline_miss=0 internal_free=342835 stack_watermark=1848
I (91911) rlcd_dashboard: MOTION event=frame case=empty-roster tick_ms=91039 moving=0 draw_us=1386 transfer_us=12170 frame_us=13560 interval_us=0 deadline_miss=0 internal_free=342835 stack_watermark=1848
I (92911) rlcd_dashboard: MOTION event=frame case=initial-order tick_ms=92039 moving=1 draw_us=1379 transfer_us=12204 frame_us=13919 interval_us=0 deadline_miss=0 internal_free=342835 stack_watermark=1848
I (92911) rlcd_dashboard: MOTION event=cycle cycle=1
I (92911) rlcd_dashboard: MOTION event=phase phase=0 case=initial-order tick_ms=92039 count=8 feed_health=0 visible=8 overflow=0 hidden_blocked=0
I (92951) rlcd_dashboard: MOTION event=frame case=initial-order tick_ms=92079 moving=1 draw_us=4640 transfer_us=12187 frame_us=16874 interval_us=40001 deadline_miss=0 internal_free=342835 stack_watermark=1848
I (92991) rlcd_dashboard: MOTION event=frame case=initial-order tick_ms=92119 moving=1 draw_us=4870 transfer_us=12188 frame_us=17109 interval_us=40000 deadline_miss=0 internal_free=342835 stack_watermark=1848
I (93031) rlcd_dashboard: MOTION event=frame case=initial-order tick_ms=92159 moving=1 draw_us=4814 transfer_us=12182 frame_us=17047 interval_us=40000 deadline_miss=0 internal_free=342835 stack_watermark=1848
I (93071) rlcd_dashboard: MOTION event=frame case=initial-order tick_ms=92199 moving=1 draw_us=4872 transfer_us=12187 frame_us=17109 interval_us=40000 deadline_miss=0 internal_free=342835 stack_watermark=1848
I (93111) rlcd_dashboard: MOTION event=frame case=initial-order tick_ms=92239 moving=1 draw_us=4757 transfer_us=12182 frame_us=16990 interval_us=40000 deadline_miss=0 internal_free=342835 stack_watermark=1848
I (93151) rlcd_dashboard: MOTION event=frame case=initial-order tick_ms=92279 moving=1 draw_us=4792 transfer_us=12188 frame_us=17030 interval_us=40000 deadline_miss=0 internal_free=342835 stack_watermark=1848
I (93191) rlcd_dashboard: MOTION event=frame case=initial-order tick_ms=92319 moving=1 draw_us=4676 transfer_us=12182 frame_us=16909 interval_us=40000 deadline_miss=0 internal_free=342835 stack_watermark=1848
I (93231) rlcd_dashboard: MOTION event=frame case=initial-order tick_ms=92359 moving=1 draw_us=4843 transfer_us=12187 frame_us=17080 interval_us=40000 deadline_miss=0 internal_free=342835 stack_watermark=1848
I (93271) rlcd_dashboard: MOTION event=frame case=initial-order tick_ms=92399 moving=0 draw_us=4809 transfer_us=12181 frame_us=17048 interval_us=0 deadline_miss=0 internal_free=342835 stack_watermark=1848
I (93911) rlcd_dashboard: MOTION event=frame case=initial-order tick_ms=93039 moving=0 draw_us=4796 transfer_us=12178 frame_us=16978 interval_us=0 deadline_miss=0 internal_free=342835 stack_watermark=1848
I (94911) rlcd_dashboard: MOTION event=frame case=initial-order tick_ms=94039 moving=0 draw_us=4791 transfer_us=12172 frame_us=16967 interval_us=0 deadline_miss=0 internal_free=342835 stack_watermark=1848
I (95911) rlcd_dashboard: MOTION event=frame case=initial-order tick_ms=95039 moving=0 draw_us=4802 transfer_us=12178 frame_us=16984 interval_us=0 deadline_miss=0 internal_free=342835 stack_watermark=1848
I (96911) rlcd_dashboard: MOTION event=frame case=answered-wait-to-run tick_ms=96039 moving=1 draw_us=4752 transfer_us=12203 frame_us=17253 interval_us=0 deadline_miss=0 internal_free=342835 stack_watermark=1848
I (96911) rlcd_dashboard: MOTION event=phase phase=1 case=answered-wait-to-run tick_ms=96039 count=8 feed_health=0 visible=8 overflow=0 hidden_blocked=0
I (96951) rlcd_dashboard: MOTION event=frame case=answered-wait-to-run tick_ms=96079 moving=1 draw_us=4643 transfer_us=12186 frame_us=16879 interval_us=40001 deadline_miss=0 internal_free=342835 stack_watermark=1848
I (96991) rlcd_dashboard: MOTION event=frame case=answered-wait-to-run tick_ms=96119 moving=1 draw_us=4652 transfer_us=12188 frame_us=16889 interval_us=40000 deadline_miss=0 internal_free=342835 stack_watermark=1848
I (97031) rlcd_dashboard: MOTION event=frame case=answered-wait-to-run tick_ms=96159 moving=1 draw_us=4659 transfer_us=12185 frame_us=16894 interval_us=40000 deadline_miss=0 internal_free=342835 stack_watermark=1848
I (97071) rlcd_dashboard: MOTION event=frame case=answered-wait-to-run tick_ms=96199 moving=1 draw_us=4652 transfer_us=12188 frame_us=16889 interval_us=40000 deadline_miss=0 internal_free=342835 stack_watermark=1848
I (97111) rlcd_dashboard: MOTION event=frame case=answered-wait-to-run tick_ms=96239 moving=1 draw_us=4634 transfer_us=12186 frame_us=16870 interval_us=40000 deadline_miss=0 internal_free=342835 stack_watermark=1848
I (97151) rlcd_dashboard: MOTION event=frame case=answered-wait-to-run tick_ms=96279 moving=1 draw_us=4625 transfer_us=12187 frame_us=16861 interval_us=40000 deadline_miss=0 internal_free=342835 stack_watermark=1848
I (97191) rlcd_dashboard: MOTION event=frame case=answered-wait-to-run tick_ms=96319 moving=1 draw_us=4634 transfer_us=12185 frame_us=16869 interval_us=40000 deadline_miss=0 internal_free=342835 stack_watermark=1848
I (97231) rlcd_dashboard: MOTION event=frame case=answered-wait-to-run tick_ms=96359 moving=1 draw_us=4652 transfer_us=12188 frame_us=16889 interval_us=40000 deadline_miss=0 internal_free=342835 stack_watermark=1848
I (97271) rlcd_dashboard: MOTION event=frame case=answered-wait-to-run tick_ms=96399 moving=0 draw_us=4655 transfer_us=12186 frame_us=16897 interval_us=0 deadline_miss=0 internal_free=342835 stack_watermark=1848
I (97911) rlcd_dashboard: MOTION event=frame case=answered-wait-to-run tick_ms=97039 moving=0 draw_us=4636 transfer_us=12178 frame_us=16818 interval_us=0 deadline_miss=0 internal_free=342835 stack_watermark=1848
I (98911) rlcd_dashboard: MOTION event=frame case=answered-wait-to-run tick_ms=98039 moving=0 draw_us=4639 transfer_us=12177 frame_us=16820 interval_us=0 deadline_miss=0 internal_free=342835 stack_watermark=1848
I (99911) rlcd_dashboard: MOTION event=frame case=answered-wait-to-run tick_ms=99039 moving=0 draw_us=4637 transfer_us=12178 frame_us=16819 interval_us=0 deadline_miss=0 internal_free=342835 stack_watermark=1848
I (100911) rlcd_dashboard: MOTION event=frame case=idle-to-run tick_ms=100039 moving=1 draw_us=4692 transfer_us=12215 frame_us=17205 interval_us=0 deadline_miss=0 internal_free=342835 stack_watermark=1848
I (100911) rlcd_dashboard: MOTION event=phase phase=2 case=idle-to-run tick_ms=100039 count=8 feed_health=0 visible=8 overflow=0 hidden_blocked=0
I (100951) rlcd_dashboard: MOTION event=frame case=idle-to-run tick_ms=100079 moving=1 draw_us=4706 transfer_us=12186 frame_us=16943 interval_us=40001 deadline_miss=0 internal_free=342835 stack_watermark=1848
I (100991) rlcd_dashboard: MOTION event=frame case=idle-to-run tick_ms=100119 moving=1 draw_us=4601 transfer_us=12187 frame_us=16836 interval_us=40000 deadline_miss=0 internal_free=342835 stack_watermark=1848
I (101031) rlcd_dashboard: MOTION event=frame case=idle-to-run tick_ms=100159 moving=1 draw_us=4602 transfer_us=12185 frame_us=16838 interval_us=40000 deadline_miss=0 internal_free=342835 stack_watermark=1848
I (101071) rlcd_dashboard: MOTION event=frame case=idle-to-run tick_ms=100199 moving=1 draw_us=4618 transfer_us=12187 frame_us=16853 interval_us=40000 deadline_miss=0 internal_free=342835 stack_watermark=1848
I (101111) rlcd_dashboard: MOTION event=frame case=idle-to-run tick_ms=100239 moving=1 draw_us=4725 transfer_us=12185 frame_us=16961 interval_us=40000 deadline_miss=0 internal_free=342835 stack_watermark=1848
I (101151) rlcd_dashboard: MOTION event=frame case=idle-to-run tick_ms=100279 moving=1 draw_us=4685 transfer_us=12187 frame_us=16920 interval_us=40000 deadline_miss=0 internal_free=342835 stack_watermark=1848
I (101191) rlcd_dashboard: MOTION event=frame case=idle-to-run tick_ms=100319 moving=1 draw_us=4697 transfer_us=12185 frame_us=16933 interval_us=40000 deadline_miss=0 internal_free=342835 stack_watermark=1848
I (101231) rlcd_dashboard: MOTION event=frame case=idle-to-run tick_ms=100359 moving=1 draw_us=4601 transfer_us=12187 frame_us=16836 interval_us=40000 deadline_miss=0 internal_free=342835 stack_watermark=1848
I (101271) rlcd_dashboard: MOTION event=frame case=idle-to-run tick_ms=100399 moving=0 draw_us=4598 transfer_us=12185 frame_us=16841 interval_us=0 deadline_miss=0 internal_free=342835 stack_watermark=1848
I (101911) rlcd_dashboard: MOTION event=frame case=idle-to-run tick_ms=101039 moving=0 draw_us=4582 transfer_us=12178 frame_us=16764 interval_us=0 deadline_miss=0 internal_free=342835 stack_watermark=1848
I (102911) rlcd_dashboard: MOTION event=frame case=idle-to-run tick_ms=102039 moving=0 draw_us=4586 transfer_us=12178 frame_us=16768 interval_us=0 deadline_miss=0 internal_free=342835 stack_watermark=1848
I (103911) rlcd_dashboard: MOTION event=frame case=idle-to-run tick_ms=103039 moving=0 draw_us=4585 transfer_us=12178 frame_us=16767 interval_us=0 deadline_miss=0 internal_free=342835 stack_watermark=1848
I (104911) rlcd_dashboard: MOTION event=frame case=run-to-wait tick_ms=104039 moving=1 draw_us=4814 transfer_us=12203 frame_us=17319 interval_us=0 deadline_miss=0 internal_free=342835 stack_watermark=1848
I (104911) rlcd_dashboard: MOTION event=phase phase=3 case=run-to-wait tick_ms=104039 count=8 feed_health=0 visible=8 overflow=0 hidden_blocked=0
I (104951) rlcd_dashboard: MOTION event=frame case=run-to-wait tick_ms=104079 moving=1 draw_us=4674 transfer_us=12186 frame_us=16910 interval_us=40001 deadline_miss=0 internal_free=342835 stack_watermark=1848
I (104991) rlcd_dashboard: MOTION event=frame case=run-to-wait tick_ms=104119 moving=1 draw_us=4878 transfer_us=12188 frame_us=17115 interval_us=40000 deadline_miss=0 internal_free=342835 stack_watermark=1848
I (105031) rlcd_dashboard: MOTION event=frame case=run-to-wait tick_ms=104159 moving=1 draw_us=4715 transfer_us=12185 frame_us=16950 interval_us=40000 deadline_miss=0 internal_free=342835 stack_watermark=1848
I (105071) rlcd_dashboard: MOTION event=frame case=run-to-wait tick_ms=104199 moving=1 draw_us=4708 transfer_us=12187 frame_us=16944 interval_us=40000 deadline_miss=0 internal_free=342835 stack_watermark=1848
I (105111) rlcd_dashboard: MOTION event=frame case=run-to-wait tick_ms=104239 moving=1 draw_us=4625 transfer_us=12186 frame_us=16861 interval_us=40000 deadline_miss=0 internal_free=342835 stack_watermark=1848
I (105151) rlcd_dashboard: MOTION event=frame case=run-to-wait tick_ms=104279 moving=1 draw_us=4790 transfer_us=12188 frame_us=17027 interval_us=40000 deadline_miss=0 internal_free=342835 stack_watermark=1848
I (105191) rlcd_dashboard: MOTION event=frame case=run-to-wait tick_ms=104319 moving=1 draw_us=4625 transfer_us=12186 frame_us=16861 interval_us=40000 deadline_miss=0 internal_free=342835 stack_watermark=1848
I (105231) rlcd_dashboard: MOTION event=frame case=run-to-wait tick_ms=104359 moving=1 draw_us=4708 transfer_us=12187 frame_us=16944 interval_us=40000 deadline_miss=0 internal_free=342835 stack_watermark=1848
I (105271) rlcd_dashboard: MOTION event=frame case=run-to-wait tick_ms=104399 moving=0 draw_us=4749 transfer_us=12186 frame_us=16991 interval_us=0 deadline_miss=0 internal_free=342835 stack_watermark=1848
I (105911) rlcd_dashboard: MOTION event=frame case=run-to-wait tick_ms=105039 moving=0 draw_us=4739 transfer_us=12177 frame_us=16920 interval_us=0 deadline_miss=0 internal_free=342835 stack_watermark=1848
I (106911) rlcd_dashboard: MOTION event=frame case=run-to-wait tick_ms=106039 moving=0 draw_us=4739 transfer_us=12178 frame_us=16921 interval_us=0 deadline_miss=0 internal_free=342835 stack_watermark=1848
I (107911) rlcd_dashboard: MOTION event=frame case=run-to-wait tick_ms=107039 moving=0 draw_us=4728 transfer_us=12178 frame_us=16910 interval_us=0 deadline_miss=0 internal_free=342835 stack_watermark=1848
I (108911) rlcd_dashboard: MOTION event=frame case=run-to-idle tick_ms=108039 moving=1 draw_us=4905 transfer_us=12209 frame_us=17415 interval_us=0 deadline_miss=0 internal_free=342835 stack_watermark=1848
I (108911) rlcd_dashboard: MOTION event=phase phase=4 case=run-to-idle tick_ms=108039 count=8 feed_health=0 visible=8 overflow=0 hidden_blocked=0
I (108951) rlcd_dashboard: MOTION event=frame case=run-to-idle tick_ms=108079 moving=1 draw_us=4879 transfer_us=12192 frame_us=17122 interval_us=40001 deadline_miss=0 internal_free=342835 stack_watermark=1848
I (108991) rlcd_dashboard: MOTION event=frame case=run-to-idle tick_ms=108119 moving=1 draw_us=4887 transfer_us=12188 frame_us=17125 interval_us=40000 deadline_miss=0 internal_free=342835 stack_watermark=1848
I (109031) rlcd_dashboard: MOTION event=frame case=run-to-idle tick_ms=108159 moving=1 draw_us=4773 transfer_us=12186 frame_us=17010 interval_us=40000 deadline_miss=0 internal_free=342835 stack_watermark=1848
I (109071) rlcd_dashboard: MOTION event=frame case=run-to-idle tick_ms=108199 moving=1 draw_us=4802 transfer_us=12194 frame_us=17044 interval_us=40000 deadline_miss=0 internal_free=342835 stack_watermark=1848
I (109111) rlcd_dashboard: MOTION event=frame case=run-to-idle tick_ms=108239 moving=1 draw_us=4870 transfer_us=12188 frame_us=17109 interval_us=40000 deadline_miss=0 internal_free=342835 stack_watermark=1848
I (109151) rlcd_dashboard: MOTION event=frame case=run-to-idle tick_ms=108279 moving=1 draw_us=4908 transfer_us=12195 frame_us=17153 interval_us=40000 deadline_miss=0 internal_free=342835 stack_watermark=1848
I (109191) rlcd_dashboard: MOTION event=frame case=run-to-idle tick_ms=108319 moving=1 draw_us=4825 transfer_us=12187 frame_us=17063 interval_us=40000 deadline_miss=0 internal_free=342835 stack_watermark=1848
I (109231) rlcd_dashboard: MOTION event=frame case=run-to-idle tick_ms=108359 moving=1 draw_us=4821 transfer_us=12188 frame_us=17059 interval_us=40000 deadline_miss=0 internal_free=342835 stack_watermark=1848
I (109271) rlcd_dashboard: MOTION event=frame case=run-to-idle tick_ms=108399 moving=0 draw_us=4815 transfer_us=12185 frame_us=17058 interval_us=0 deadline_miss=0 internal_free=342835 stack_watermark=1848
I (109911) rlcd_dashboard: MOTION event=frame case=run-to-idle tick_ms=109039 moving=0 draw_us=4806 transfer_us=12178 frame_us=16988 interval_us=0 deadline_miss=0 internal_free=342835 stack_watermark=1848
