Added environment variable ESP_IDF_VERSION = 5.5
Added environment variable IDF_VERSION = 5.5.3
Added environment variable IDF_TOOLS_PATH = /home/bryan/.espressif/tools
Added environment variable IDF_COMPONENT_LOCAL_STORAGE_URL = file:///home/bryan/.espressif/tools
Added environment variable IDF_PATH = /home/bryan/.espressif/v5.5.3/esp-idf
Added environment variable ESP_ROM_ELF_DIR = /home/bryan/.espressif/tools/esp-rom-elfs/20241011/
Added environment variable OPENOCD_SCRIPTS = /home/bryan/.espressif/tools/openocd-esp32/v0.12.0-esp32-20251215/openocd-esp32/share/openocd/scripts
Added environment variable IDF_PYTHON_ENV_PATH = /home/bryan/.espressif/tools/python/v5.5.3/venv
Added proper directory to PATH
Activated virtual environment at /home/bryan/.espressif/tools/python/v5.5.3/venv
Environment setup complete for the current shell session.
These changes will be lost when you close this terminal.
You are now using IDF version 5.5.3.
eim select v5.5.3
ESP-IDF v5.5.3 activated for esp32-rlcd.
Executing action: all (aliases: build)
Running ninja in directory /home/bryan/code/esp32-rlcd/projects/agent-dashboard/build
Executing "ninja all"...
[0/1] Re-running CMake...
-- Minimal build - OFF
-- Building ESP-IDF components for target esp32s3
-- ESP-TEE is currently supported only on the esp32c6;esp32h2;esp32c5 SoCs
-- Project sdkconfig file /home/bryan/code/esp32-rlcd/projects/agent-dashboard/sdkconfig
Loading defaults file /home/bryan/code/esp32-rlcd/sdkconfig.defaults...
Loading defaults file /home/bryan/code/esp32-rlcd/projects/agent-dashboard/sdkconfig.defaults...
-- Compiler supported targets: xtensa-esp-elf
-- USING O3
-- App "rlcd-dashboard" version: 01fc948-dirty
-- Adding linker script /home/bryan/code/esp32-rlcd/projects/agent-dashboard/build/esp-idf/esp_system/ld/memory.ld
-- Adding linker script /home/bryan/code/esp32-rlcd/projects/agent-dashboard/build/esp-idf/esp_system/ld/sections.ld.in
-- Adding linker script /home/bryan/.espressif/v5.5.3/esp-idf/components/esp_rom/esp32s3/ld/esp32s3.rom.ld
-- Adding linker script /home/bryan/.espressif/v5.5.3/esp-idf/components/esp_rom/esp32s3/ld/esp32s3.rom.api.ld
-- Adding linker script /home/bryan/.espressif/v5.5.3/esp-idf/components/esp_rom/esp32s3/ld/esp32s3.rom.bt_funcs.ld
-- Adding linker script /home/bryan/.espressif/v5.5.3/esp-idf/components/esp_rom/esp32s3/ld/esp32s3.rom.libgcc.ld
-- Adding linker script /home/bryan/.espressif/v5.5.3/esp-idf/components/esp_rom/esp32s3/ld/esp32s3.rom.wdt.ld
-- Adding linker script /home/bryan/.espressif/v5.5.3/esp-idf/components/esp_rom/esp32s3/ld/esp32s3.rom.version.ld
-- Adding linker script /home/bryan/.espressif/v5.5.3/esp-idf/components/esp_rom/esp32s3/ld/esp32s3.rom.ble_master.ld
-- Adding linker script /home/bryan/.espressif/v5.5.3/esp-idf/components/esp_rom/esp32s3/ld/esp32s3.rom.ble_50.ld
-- Adding linker script /home/bryan/.espressif/v5.5.3/esp-idf/components/esp_rom/esp32s3/ld/esp32s3.rom.ble_smp.ld
-- Adding linker script /home/bryan/.espressif/v5.5.3/esp-idf/components/esp_rom/esp32s3/ld/esp32s3.rom.ble_dtm.ld
-- Adding linker script /home/bryan/.espressif/v5.5.3/esp-idf/components/esp_rom/esp32s3/ld/esp32s3.rom.ble_test.ld
-- Adding linker script /home/bryan/.espressif/v5.5.3/esp-idf/components/esp_rom/esp32s3/ld/esp32s3.rom.ble_scan.ld
-- Adding linker script /home/bryan/.espressif/v5.5.3/esp-idf/components/esp_rom/esp32s3/ld/esp32s3.rom.libc.ld
-- Adding linker script /home/bryan/.espressif/v5.5.3/esp-idf/components/esp_rom/esp32s3/ld/esp32s3.rom.newlib.ld
-- Adding linker script /home/bryan/.espressif/v5.5.3/esp-idf/components/soc/esp32s3/ld/esp32s3.peripherals.ld
-- Components: agent_dashboard app_trace app_update bootloader bootloader_support bt cmock console cxx display_rlcd driver efuse esp-tls esp_adc esp_app_format esp_bootloader_format esp_coex esp_common esp_driver_ana_cmpr esp_driver_bitscrambler esp_driver_cam esp_driver_dac esp_driver_gpio esp_driver_gptimer esp_driver_i2c esp_driver_i2s esp_driver_isp esp_driver_jpeg esp_driver_ledc esp_driver_mcpwm esp_driver_parlio esp_driver_pcnt esp_driver_ppa esp_driver_rmt esp_driver_sdio esp_driver_sdm esp_driver_sdmmc esp_driver_sdspi esp_driver_spi esp_driver_touch_sens esp_driver_tsens esp_driver_twai esp_driver_uart esp_driver_usb_serial_jtag esp_eth esp_event esp_gdbstub esp_hal_ieee802154 esp_hid esp_http_client esp_http_server esp_https_ota esp_https_server esp_hw_support esp_lcd esp_local_ctrl esp_mm esp_netif esp_netif_stack esp_partition esp_phy esp_pm esp_psram esp_ringbuf esp_rom esp_security esp_system esp_timer esp_vfs_console esp_wifi espcoredump esptool_py fatfs freertos hal heap http_parser idf_test ieee802154 json log lwip main mbedtls mqtt newlib nvs_flash nvs_sec_provider openthread partition_table perfmon protobuf-c protocomm pthread rt sdmmc soc spi_flash spiffs tcp_transport touch_element ulp unity usb vfs wear_levelling wifi_provisioning wpa_supplicant xtensa
-- Component paths: /home/bryan/code/esp32-rlcd/projects/agent-dashboard/components/agent_dashboard /home/bryan/.espressif/v5.5.3/esp-idf/components/app_trace /home/bryan/.espressif/v5.5.3/esp-idf/components/app_update /home/bryan/.espressif/v5.5.3/esp-idf/components/bootloader /home/bryan/.espressif/v5.5.3/esp-idf/components/bootloader_support /home/bryan/.espressif/v5.5.3/esp-idf/components/bt /home/bryan/.espressif/v5.5.3/esp-idf/components/cmock /home/bryan/.espressif/v5.5.3/esp-idf/components/console /home/bryan/.espressif/v5.5.3/esp-idf/components/cxx /home/bryan/code/esp32-rlcd/components/display_rlcd /home/bryan/.espressif/v5.5.3/esp-idf/components/driver /home/bryan/.espressif/v5.5.3/esp-idf/components/efuse /home/bryan/.espressif/v5.5.3/esp-idf/components/esp-tls /home/bryan/.espressif/v5.5.3/esp-idf/components/esp_adc /home/bryan/.espressif/v5.5.3/esp-idf/components/esp_app_format /home/bryan/.espressif/v5.5.3/esp-idf/components/esp_bootloader_format /home/bryan/.espressif/v5.5.3/esp-idf/components/esp_coex /home/bryan/.espressif/v5.5.3/esp-idf/components/esp_common /home/bryan/.espressif/v5.5.3/esp-idf/components/esp_driver_ana_cmpr /home/bryan/.espressif/v5.5.3/esp-idf/components/esp_driver_bitscrambler /home/bryan/.espressif/v5.5.3/esp-idf/components/esp_driver_cam /home/bryan/.espressif/v5.5.3/esp-idf/components/esp_driver_dac /home/bryan/.espressif/v5.5.3/esp-idf/components/esp_driver_gpio /home/bryan/.espressif/v5.5.3/esp-idf/components/esp_driver_gptimer /home/bryan/.espressif/v5.5.3/esp-idf/components/esp_driver_i2c /home/bryan/.espressif/v5.5.3/esp-idf/components/esp_driver_i2s /home/bryan/.espressif/v5.5.3/esp-idf/components/esp_driver_isp /home/bryan/.espressif/v5.5.3/esp-idf/components/esp_driver_jpeg /home/bryan/.espressif/v5.5.3/esp-idf/components/esp_driver_ledc /home/bryan/.espressif/v5.5.3/esp-idf/components/esp_driver_mcpwm /home/bryan/.espressif/v5.5.3/esp-idf/components/esp_driver_parlio /home/bryan/.espressif/v5.5.3/esp-idf/components/esp_driver_pcnt /home/bryan/.espressif/v5.5.3/esp-idf/components/esp_driver_ppa /home/bryan/.espressif/v5.5.3/esp-idf/components/esp_driver_rmt /home/bryan/.espressif/v5.5.3/esp-idf/components/esp_driver_sdio /home/bryan/.espressif/v5.5.3/esp-idf/components/esp_driver_sdm /home/bryan/.espressif/v5.5.3/esp-idf/components/esp_driver_sdmmc /home/bryan/.espressif/v5.5.3/esp-idf/components/esp_driver_sdspi /home/bryan/.espressif/v5.5.3/esp-idf/components/esp_driver_spi /home/bryan/.espressif/v5.5.3/esp-idf/components/esp_driver_touch_sens /home/bryan/.espressif/v5.5.3/esp-idf/components/esp_driver_tsens /home/bryan/.espressif/v5.5.3/esp-idf/components/esp_driver_twai /home/bryan/.espressif/v5.5.3/esp-idf/components/esp_driver_uart /home/bryan/.espressif/v5.5.3/esp-idf/components/esp_driver_usb_serial_jtag /home/bryan/.espressif/v5.5.3/esp-idf/components/esp_eth /home/bryan/.espressif/v5.5.3/esp-idf/components/esp_event /home/bryan/.espressif/v5.5.3/esp-idf/components/esp_gdbstub /home/bryan/.espressif/v5.5.3/esp-idf/components/esp_hal_ieee802154 /home/bryan/.espressif/v5.5.3/esp-idf/components/esp_hid /home/bryan/.espressif/v5.5.3/esp-idf/components/esp_http_client /home/bryan/.espressif/v5.5.3/esp-idf/components/esp_http_server /home/bryan/.espressif/v5.5.3/esp-idf/components/esp_https_ota /home/bryan/.espressif/v5.5.3/esp-idf/components/esp_https_server /home/bryan/.espressif/v5.5.3/esp-idf/components/esp_hw_support /home/bryan/.espressif/v5.5.3/esp-idf/components/esp_lcd /home/bryan/.espressif/v5.5.3/esp-idf/components/esp_local_ctrl /home/bryan/.espressif/v5.5.3/esp-idf/components/esp_mm /home/bryan/.espressif/v5.5.3/esp-idf/components/esp_netif /home/bryan/.espressif/v5.5.3/esp-idf/components/esp_netif_stack /home/bryan/.espressif/v5.5.3/esp-idf/components/esp_partition /home/bryan/.espressif/v5.5.3/esp-idf/components/esp_phy /home/bryan/.espressif/v5.5.3/esp-idf/components/esp_pm /home/bryan/.espressif/v5.5.3/esp-idf/components/esp_psram /home/bryan/.espressif/v5.5.3/esp-idf/components/esp_ringbuf /home/bryan/.espressif/v5.5.3/esp-idf/components/esp_rom /home/bryan/.espressif/v5.5.3/esp-idf/components/esp_security /home/bryan/.espressif/v5.5.3/esp-idf/components/esp_system /home/bryan/.espressif/v5.5.3/esp-idf/components/esp_timer /home/bryan/.espressif/v5.5.3/esp-idf/components/esp_vfs_console /home/bryan/.espressif/v5.5.3/esp-idf/components/esp_wifi /home/bryan/.espressif/v5.5.3/esp-idf/components/espcoredump /home/bryan/.espressif/v5.5.3/esp-idf/components/esptool_py /home/bryan/.espressif/v5.5.3/esp-idf/components/fatfs /home/bryan/.espressif/v5.5.3/esp-idf/components/freertos /home/bryan/.espressif/v5.5.3/esp-idf/components/hal /home/bryan/.espressif/v5.5.3/esp-idf/components/heap /home/bryan/.espressif/v5.5.3/esp-idf/components/http_parser /home/bryan/.espressif/v5.5.3/esp-idf/components/idf_test /home/bryan/.espressif/v5.5.3/esp-idf/components/ieee802154 /home/bryan/.espressif/v5.5.3/esp-idf/components/json /home/bryan/.espressif/v5.5.3/esp-idf/components/log /home/bryan/.espressif/v5.5.3/esp-idf/components/lwip /home/bryan/code/esp32-rlcd/projects/agent-dashboard/main /home/bryan/.espressif/v5.5.3/esp-idf/components/mbedtls /home/bryan/.espressif/v5.5.3/esp-idf/components/mqtt /home/bryan/.espressif/v5.5.3/esp-idf/components/newlib /home/bryan/.espressif/v5.5.3/esp-idf/components/nvs_flash /home/bryan/.espressif/v5.5.3/esp-idf/components/nvs_sec_provider /home/bryan/.espressif/v5.5.3/esp-idf/components/openthread /home/bryan/.espressif/v5.5.3/esp-idf/components/partition_table /home/bryan/.espressif/v5.5.3/esp-idf/components/perfmon /home/bryan/.espressif/v5.5.3/esp-idf/components/protobuf-c /home/bryan/.espressif/v5.5.3/esp-idf/components/protocomm /home/bryan/.espressif/v5.5.3/esp-idf/components/pthread /home/bryan/.espressif/v5.5.3/esp-idf/components/rt /home/bryan/.espressif/v5.5.3/esp-idf/components/sdmmc /home/bryan/.espressif/v5.5.3/esp-idf/components/soc /home/bryan/.espressif/v5.5.3/esp-idf/components/spi_flash /home/bryan/.espressif/v5.5.3/esp-idf/components/spiffs /home/bryan/.espressif/v5.5.3/esp-idf/components/tcp_transport /home/bryan/.espressif/v5.5.3/esp-idf/components/touch_element /home/bryan/.espressif/v5.5.3/esp-idf/components/ulp /home/bryan/.espressif/v5.5.3/esp-idf/components/unity /home/bryan/.espressif/v5.5.3/esp-idf/components/usb /home/bryan/.espressif/v5.5.3/esp-idf/components/vfs /home/bryan/.espressif/v5.5.3/esp-idf/components/wear_levelling /home/bryan/.espressif/v5.5.3/esp-idf/components/wifi_provisioning /home/bryan/.espressif/v5.5.3/esp-idf/components/wpa_supplicant /home/bryan/.espressif/v5.5.3/esp-idf/components/xtensa
-- Configuring done (2.4s)
-- Generating done (0.3s)
-- Build files have been written to: /home/bryan/code/esp32-rlcd/projects/agent-dashboard/build
[1/14] Building C object esp-idf/esp_app_format/CMakeFiles/__idf_esp_app_format.dir/esp_app_desc.c.obj
[2/14] Performing build step for 'bootloader'
[1/1] cd /home/bryan/code/esp32-rlcd/projects/agent-dashboard/build/bootloader/esp-idf/esptool_py && /home/bryan/.espressif/tools/python/v5.5.3/venv/bin/python /home/bryan/.espressif/v5.5.3/esp-idf/components/partition_table/check_sizes.py --offset 0x8000 bootloader 0x0 /home/bryan/code/esp32-rlcd/projects/agent-dashboard/build/bootloader/bootloader.bin
Bootloader binary size 0x5160 bytes. 0x2ea0 bytes (36%) free.
[3/14] Linking C static library esp-idf/esp_app_format/libesp_app_format.a
[4/14] No install step for 'bootloader'
[5/14] Completed 'bootloader'
[6/14] Building C object esp-idf/main/CMakeFiles/__idf_main.dir/main.c.obj
[7/14] Building C object esp-idf/agent_dashboard/CMakeFiles/__idf_agent_dashboard.dir/agent_dashboard.c.obj
[8/14] Linking C static library esp-idf/agent_dashboard/libagent_dashboard.a
[9/14] Linking C static library esp-idf/main/libmain.a
[10/14] Generating esp-idf/esp_system/ld/sections.ld
[11/14] Linking CXX executable rlcd-dashboard.elf
[12/14] Generating binary image from built executable
esptool.py v4.12.0
Creating esp32s3 image...
Merged 2 ELF sections
Successfully created esp32s3 image.
Generated /home/bryan/code/esp32-rlcd/projects/agent-dashboard/build/rlcd-dashboard.bin
[13/14] cd /home/bryan/code/esp32-rlcd/projects/agent-dashboard/build/esp-idf/esptool_py && /home/bryan/.espressif/tools/python/v5.5.3/venv/bin/python /home/bryan/.espressif/v5.5.3/esp-idf/components/partition_table/check_sizes.py --offset 0x8000 partition --type app /home/bryan/code/esp32-rlcd/projects/agent-dashboard/build/partition_table/partition-table.bin /home/bryan/code/esp32-rlcd/projects/agent-dashboard/build/rlcd-dashboard.bin
rlcd-dashboard.bin binary size 0x12d4b0 bytes. Smallest app partition is 0x200000 bytes. 0xd2b50 bytes (41%) free.

Project build complete. To flash, run:
 idf.py flash
or
 idf.py -p PORT flash
or
 python -m esptool --chip esp32s3 -b 460800 --before default_reset --after hard_reset write_flash --flash_mode dio --flash_size 16MB --flash_freq 80m 0x0 projects/agent-dashboard/build/bootloader/bootloader.bin 0x8000 projects/agent-dashboard/build/partition_table/partition-table.bin 0x10000 projects/agent-dashboard/build/rlcd-dashboard.bin
or from the "/home/bryan/code/esp32-rlcd/projects/agent-dashboard/build" directory
 python -m esptool --chip esp32s3 -b 460800 --before default_reset --after hard_reset write_flash "@flash_args"
