Added environment variable ESP_IDF_VERSION = 5.5
Added environment variable IDF_VERSION = 5.5.3
Added environment variable IDF_TOOLS_PATH = /home/bryan/.espressif/tools
Added environment variable IDF_COMPONENT_LOCAL_STORAGE_URL = file:///home/bryan/.espressif/tools
Added environment variable IDF_PATH = /home/bryan/.espressif/v5.5.3/esp-idf
Added environment variable ESP_ROM_ELF_DIR = /home/bryan/.espressif/tools/esp-rom-elfs/20241011/
Added environment variable OPENOCD_SCRIPTS = /home/bryan/.espressif/tools/openocd-esp32/v0.12.0-esp32-20251215/openocd-esp32/share/openocd/scripts
Added environment variable IDF_PYTHON_ENV_PATH = /home/bryan/.espressif/tools/python/v5.5.3/venv
Added proper directory to PATH
Activated virtual environment at /home/bryan/.espressif/tools/python/v5.5.3/venv
Environment setup complete for the current shell session.
These changes will be lost when you close this terminal.
You are now using IDF version 5.5.3.
eim select v5.5.3
ESP-IDF v5.5.3 activated for esp32-rlcd.
Executing action: flash
Running ninja in directory /home/bryan/code/esp32-rlcd/projects/agent-dashboard/build
Executing "ninja flash"...
[1/5] cd /home/bryan/code/esp32-rlcd/projects/agent-dashboard/build/esp-idf/esptool_py && /home/bryan/.espressif/tools/python/v5.5.3/venv/bin/python /home/bryan/.espressif/v5.5.3/esp-idf/components/partition_table/check_sizes.py --offset 0x8000 partition --type app /home/bryan/code/esp32-rlcd/projects/agent-dashboard/build/partition_table/partition-table.bin /home/bryan/code/esp32-rlcd/projects/agent-dashboard/build/rlcd-dashboard.bin
rlcd-dashboard.bin binary size 0x12d4b0 bytes. Smallest app partition is 0x200000 bytes. 0xd2b50 bytes (41%) free.
[2/5] Performing build step for 'bootloader'
[1/1] cd /home/bryan/code/esp32-rlcd/projects/agent-dashboard/build/bootloader/esp-idf/esptool_py && /home/bryan/.espressif/tools/python/v5.5.3/venv/bin/python /home/bryan/.espressif/v5.5.3/esp-idf/components/partition_table/check_sizes.py --offset 0x8000 bootloader 0x0 /home/bryan/code/esp32-rlcd/projects/agent-dashboard/build/bootloader/bootloader.bin
Bootloader binary size 0x5160 bytes. 0x2ea0 bytes (36%) free.
[3/5] No install step for 'bootloader'
[4/5] Completed 'bootloader'
[4/5] cd /home/bryan/.espressif/v5.5.3/esp-idf/components/esptool_py && /home/bryan/.espressif/tools/cmake/3.30.2/bin/cmake -D IDF_PATH=/home/bryan/.espressif/v5.5.3/esp-idf -D "SERIAL_TOOL=/home/bryan/.espressif/tools/python/v5.5.3/venv/bin/python;;/home/bryan/.espressif/v5.5.3/esp-idf/components/esptool_py/esptool/esptool.py;--chip;esp32s3" -D "SERIAL_TOOL_ARGS=--before=default_reset;--after=hard_reset;write_flash;@flash_args" -D WORKING_DIRECTORY=/home/bryan/code/esp32-rlcd/projects/agent-dashboard/build -P /home/bryan/.espressif/v5.5.3/esp-idf/components/esptool_py/run_serial_tool.cmake
esptool.py --chip esp32s3 -p /dev/serial/by-id/usb-Espressif_USB_JTAG_serial_debug_unit_94:A9:90:DE:D0:04-if00 -b 460800 --before=default_reset --after=hard_reset write_flash --flash_mode dio --flash_freq 80m --flash_size 16MB 0x0 bootloader/bootloader.bin 0x10000 rlcd-dashboard.bin 0x8000 partition_table/partition-table.bin
esptool.py v4.12.0
Serial port /dev/serial/by-id/usb-Espressif_USB_JTAG_serial_debug_unit_94:A9:90:DE:D0:04-if00
Connecting...
Chip is ESP32-S3 (QFN56) (revision v0.2)
Features: WiFi, BLE, Embedded PSRAM 8MB (AP_3v3)
Crystal is 40MHz
USB mode: USB-Serial/JTAG
MAC: 94:a9:90:de:d0:04
Uploading stub...
Running stub...
Stub running...
Changing baud rate to 460800
Changed.
Configuring flash size...
Flash will be erased from 0x00000000 to 0x00005fff...
Flash will be erased from 0x00010000 to 0x0013dfff...
Flash will be erased from 0x00008000 to 0x00008fff...
SHA digest in image updated
Compressed 20832 bytes to 13354...
Writing at 0x00000000... (100 %)
Wrote 20832 bytes (13354 compressed) at 0x00000000 in 0.2 seconds (effective 795.1 kbit/s)...
Hash of data verified.
Compressed 1234096 bytes to 685721...
Writing at 0x00010000... (2 %)
Writing at 0x0001b0ca... (4 %)
Writing at 0x0002057b... (7 %)
Writing at 0x00024d85... (9 %)
Writing at 0x000298c3... (11 %)
Writing at 0x0002e46f... (14 %)
Writing at 0x00033038... (16 %)
Writing at 0x00037d3c... (19 %)
Writing at 0x0003c66b... (21 %)
Writing at 0x000410d4... (23 %)
Writing at 0x000459e5... (26 %)
Writing at 0x0004a266... (28 %)
Writing at 0x0004ecd0... (30 %)
Writing at 0x0005357d... (33 %)
Writing at 0x00058752... (35 %)
Writing at 0x0005ce55... (38 %)
Writing at 0x0006162e... (40 %)
Writing at 0x00065e84... (42 %)
Writing at 0x0006a62a... (45 %)
Writing at 0x0006fb59... (47 %)
Writing at 0x0007a493... (50 %)
Writing at 0x00084734... (52 %)
Writing at 0x0008ed20... (54 %)
Writing at 0x00096672... (57 %)
Writing at 0x0009acd0... (59 %)
Writing at 0x000a20fe... (61 %)
Writing at 0x000ac9a0... (64 %)
Writing at 0x000b7ce6... (66 %)
Writing at 0x000c3230... (69 %)
Writing at 0x000ce685... (71 %)
Writing at 0x000d9c05... (73 %)
Writing at 0x000e4f18... (76 %)
Writing at 0x000f0074... (78 %)
Writing at 0x000fb1f9... (80 %)
Writing at 0x00105cb4... (83 %)
Writing at 0x001100dc... (85 %)
Writing at 0x0011650a... (88 %)
Writing at 0x0011c967... (90 %)
Writing at 0x001228b6... (92 %)
Writing at 0x0012b1ef... (95 %)
Writing at 0x00131219... (97 %)
Writing at 0x001379a7... (100 %)
Wrote 1234096 bytes (685721 compressed) at 0x00010000 in 6.3 seconds (effective 1572.4 kbit/s)...
Hash of data verified.
Compressed 3072 bytes to 104...
Writing at 0x00008000... (100 %)
Wrote 3072 bytes (104 compressed) at 0x00008000 in 0.0 seconds (effective 1008.7 kbit/s)...
Hash of data verified.

Leaving...
Hard resetting via RTS pin...
Done
