I (210) esp_image: segment 1: paddr=0010af1c vaddr=3fc96300 sizeESP-ROM:esp32s3-20210327
Build:Mar 27 2021
rst:0x15 (USB_UART_CHIP_RESET),boot:0x8 (SPI_FAST_FLASH_BOOT)
Saved PC:0x40379286
SPIWP:0xee
mode:DIO, clock div:1
load:0x3fce2820,len:0x152c
load:0x403c8700,len:0xce4
load:0x403cb700,len:0x2efc
entry 0x403c8920
I (24) boot: ESP-IDF v5.5.3 2nd stage bootloader
I (24) boot: compile time Oct  5 2026 15:44:22
I (25) boot: Multicore bootloader
I (25) boot: chip revision: v0.2
I (25) boot: efuse block revision: v1.4
I (25) boot.esp32s3: Boot SPI Speed : 80MHz
I (25) boot.esp32s3: SPI Mode       : DIO
I (26) boot.esp32s3: SPI Flash Size : 16MB
I (26) boot: Enabling RNG early entropy source...
I (26) boot: Partition Table:
I (26) boot: ## Label            Usage          Type ST Offset   Length
I (27) boot:  0 nvs              WiFi data        01 02 00009000 00006000
I (27) boot:  1 phy_init         RF data          01 01 0000f000 00001000
I (27) boot:  2 factory          factory app      00 00 00010000 00200000
I (28) boot: End of partition table
I (28) esp_image: segment 0: paddr=00010020 vaddr=3c020020 size=faef4h (1027828) map
I (210) esp_image: segment 1: paddr=0010af1c vaddr=3fc96300 size=0362ch ( 13868) load
I (213) esp_image: segment 2: paddr=0010e550 vaddr=40374000 size=01ac8h (  6856) load
I (215) esp_image: segment 3: paddr=00110020 vaddr=42000020 size=1c9c8h (117192) map
I (236) esp_image: segment 4: paddr=0012c9f0 vaddr=40375ac8 size=107b8h ( 67512) load
I (251) esp_image: segment 5: paddr=0013d1b0 vaddr=50000000 size=00020h (    32) load
I (258) boot: Loaded app from partition at offset 0x10000
I (258) boot: Disabling RNG early entropy source...
I (259) octal_psram: vendor id    : 0x0d (AP)
I (260) octal_psram: dev id       : 0x02 (generation 3)
I (260) octal_psram: density      : 0x03 (64 Mbit)
I (260) octal_psram: good-die     : 0x01 (Pass)
I (260) octal_psram: Latency      : 0x01 (Fixed)
I (260) octal_psram: VCC          : 0x01 (3V)
I (261) octal_psram: SRF          : 0x01 (Fast Refresh)
I (261) octal_psram: BurstType    : 0x01 (Hybrid Wrap)
I (261) octal_psram: BurstLen     : 0x01 (32 Byte)
I (261) octal_psram: Readlatency  : 0x02 (10 cycles@Fixed)
I (262) octal_psram: DriveStrength: 0x00 (1/1)
I (262) MSPI Timing: Enter psram timing tuning
I (263) esp_psram: Found 8MB PSRAM device
I (263) esp_psram: Speed: 80MHz
I (263) cpu_start: Multicore app
I (696) esp_psram: SPI SRAM memory test OK
I (705) cpu_start: Pro cpu start user code
I (705) cpu_start: cpu freq: 240000000 Hz
I (705) app_init: Application information:
I (705) app_init: Project name:     rlcd-dashboard
I (705) app_init: App version:      06c74f6-dirty
I (705) app_init: Compile time:     Oct  5 2026 15:44:19
I (706) app_init: ELF file SHA256:  7ec7f256c...
I (706) app_init: ESP-IDF:          v5.5.3
I (706) efuse_init: Min chip rev:     v0.0
I (706) efuse_init: Max chip rev:     v0.99
I (706) efuse_init: Chip rev:         v0.2
I (706) heap_init: Initializing. RAM available for dynamic allocation:
I (707) heap_init: At 3FC9F6E8 len 0004A028 (296 KiB): RAM
I (707) heap_init: At 3FCE9710 len 00005724 (21 KiB): RAM
I (707) heap_init: At 3FCF0000 len 00008000 (32 KiB): DRAM
I (707) heap_init: At 600FE000 len 00001FE8 (7 KiB): RTCRAM
I (707) esp_psram: Adding pool of 8192K of PSRAM memory to heap allocator
I (708) spi_flash: detected chip: generic
I (708) spi_flash: flash io: dio
I (709) sleep_gpio: Configure to isolate all GPIO pins in sleep state
I (709) sleep_gpio: Enable automatic switching of GPIO sleep configuration
I (710) main_task: Started on CPU0
I (720) esp_psram: Reserving pool of 32K of internal memory for DMA/internal allocations
I (720) main_task: Calling app_main()
I (1040) rlcd_panel: Initialized: SPI3 10 MHz, 400x300, 15000-byte framebuffer
I (1040) rlcd_dashboard: MOTION event=config phases=23 cycle_ms=92000 fps=25 duration_ms=360 frame_budget_us=40000 capacity=32 model_bytes=21568 visible_policy=height_prefix full_row_px=24 working_row_px=12 normal_text_px=24 working_text_px=12 body_top=36 body_bottom=288 font=fusion_pixel_12_zh_hans font_release=2026.09.25 normal_scale=2 working_scale=1 normal_cap_px=16 working_cap_px=8
I (1060) rlcd_dashboard: MOTION event=frame case=initial-order tick_ms=1 moving=0 draw_us=5399 transfer_us=12221 frame_us=18081 interval_us=0 deadline_miss=0 internal_free=331907 stack_watermark=1864
I (1060) rlcd_dashboard: MOTION event=phase phase=0 case=initial-order tick_ms=1 count=8 feed_health=0 visible=8 overflow=0 hidden_blocked=0
I (2090) rlcd_dashboard: MOTION event=frame case=initial-order tick_ms=1038 moving=0 draw_us=5056 transfer_us=12172 frame_us=17233 interval_us=0 deadline_miss=0 internal_free=331907 stack_watermark=1864
I (3090) rlcd_dashboard: MOTION event=frame case=initial-order tick_ms=2038 moving=0 draw_us=5035 transfer_us=12166 frame_us=17206 interval_us=0 deadline_miss=0 internal_free=331907 stack_watermark=1864
I (4090) rlcd_dashboard: MOTION event=frame case=initial-order tick_ms=3038 moving=0 draw_us=5052 transfer_us=12165 frame_us=17222 interval_us=0 deadline_miss=0 internal_free=331907 stack_watermark=1864
I (5090) rlcd_dashboard: MOTION event=frame case=answered-wait-to-run tick_ms=4038 moving=1 draw_us=5149 transfer_us=12209 frame_us=17677 interval_us=0 deadline_miss=0 internal_free=331907 stack_watermark=1864
I (5090) rlcd_dashboard: MOTION event=phase phase=1 case=answered-wait-to-run tick_ms=4038 count=8 feed_health=0 visible=8 overflow=0 hidden_blocked=0
I (5130) rlcd_dashboard: MOTION event=frame case=answered-wait-to-run tick_ms=4078 moving=1 draw_us=5223 transfer_us=12179 frame_us=17458 interval_us=40003 deadline_miss=0 internal_free=331907 stack_watermark=1864
I (5170) rlcd_dashboard: MOTION event=frame case=answered-wait-to-run tick_ms=4118 moving=1 draw_us=5214 transfer_us=12173 frame_us=17443 interval_us=39998 deadline_miss=0 internal_free=331907 stack_watermark=1864
I (5210) rlcd_dashboard: MOTION event=frame case=answered-wait-to-run tick_ms=4158 moving=1 draw_us=5221 transfer_us=12174 frame_us=17454 interval_us=40000 deadline_miss=0 internal_free=331907 stack_watermark=1864
I (5250) rlcd_dashboard: MOTION event=frame case=answered-wait-to-run tick_ms=4198 moving=1 draw_us=5215 transfer_us=12173 frame_us=17442 interval_us=40000 deadline_miss=0 internal_free=331907 stack_watermark=1864
I (5290) rlcd_dashboard: MOTION event=frame case=answered-wait-to-run tick_ms=4238 moving=1 draw_us=5207 transfer_us=12173 frame_us=17436 interval_us=40000 deadline_miss=0 internal_free=331907 stack_watermark=1864
I (5330) rlcd_dashboard: MOTION event=frame case=answered-wait-to-run tick_ms=4278 moving=1 draw_us=5215 transfer_us=12173 frame_us=17442 interval_us=40000 deadline_miss=0 internal_free=331907 stack_watermark=1864
I (5370) rlcd_dashboard: MOTION event=frame case=answered-wait-to-run tick_ms=4318 moving=1 draw_us=5209 transfer_us=12174 frame_us=17439 interval_us=40000 deadline_miss=0 internal_free=331907 stack_watermark=1864
I (5410) rlcd_dashboard: MOTION event=frame case=answered-wait-to-run tick_ms=4358 moving=1 draw_us=5075 transfer_us=12173 frame_us=17305 interval_us=40000 deadline_miss=0 internal_free=331907 stack_watermark=1864
I (5450) rlcd_dashboard: MOTION event=frame case=answered-wait-to-run tick_ms=4398 moving=0 draw_us=5083 transfer_us=12173 frame_us=17321 interval_us=0 deadline_miss=0 internal_free=331907 stack_watermark=1864
I (6090) rlcd_dashboard: MOTION event=frame case=answered-wait-to-run tick_ms=5038 moving=0 draw_us=5042 transfer_us=12167 frame_us=17214 interval_us=0 deadline_miss=0 internal_free=331907 stack_watermark=1864
I (7090) rlcd_dashboard: MOTION event=frame case=answered-wait-to-run tick_ms=6038 moving=0 draw_us=5052 transfer_us=12167 frame_us=17224 interval_us=0 deadline_miss=0 internal_free=331907 stack_watermark=1864
I (8090) rlcd_dashboard: MOTION event=frame case=answered-wait-to-run tick_ms=7038 moving=0 draw_us=5045 transfer_us=12166 frame_us=17216 interval_us=0 deadline_miss=0 internal_free=331907 stack_watermark=1864
I (9090) rlcd_dashboard: MOTION event=frame case=idle-to-run tick_ms=8038 moving=1 draw_us=5157 transfer_us=12201 frame_us=17666 interval_us=0 deadline_miss=0 internal_free=331907 stack_watermark=1864
I (9090) rlcd_dashboard: MOTION event=phase phase=2 case=idle-to-run tick_ms=8038 count=8 feed_health=0 visible=8 overflow=0 hidden_blocked=0
I (9130) rlcd_dashboard: MOTION event=frame case=idle-to-run tick_ms=8078 moving=1 draw_us=5156 transfer_us=12175 frame_us=17387 interval_us=40003 deadline_miss=0 internal_free=331907 stack_watermark=1864
I (9170) rlcd_dashboard: MOTION event=frame case=idle-to-run tick_ms=8118 moving=1 draw_us=5148 transfer_us=12173 frame_us=17377 interval_us=39998 deadline_miss=0 internal_free=331907 stack_watermark=1864
I (9210) rlcd_dashboard: MOTION event=frame case=idle-to-run tick_ms=8158 moving=1 draw_us=5159 transfer_us=12173 frame_us=17388 interval_us=40000 deadline_miss=0 internal_free=331907 stack_watermark=1864
I (9250) rlcd_dashboard: MOTION event=frame case=idle-to-run tick_ms=8198 moving=1 draw_us=5150 transfer_us=12173 frame_us=17377 interval_us=40000 deadline_miss=0 internal_free=331907 stack_watermark=1864
I (9290) rlcd_dashboard: MOTION event=frame case=idle-to-run tick_ms=8238 moving=1 draw_us=5149 transfer_us=12173 frame_us=17381 interval_us=40000 deadline_miss=0 internal_free=331907 stack_watermark=1864
I (9330) rlcd_dashboard: MOTION event=frame case=idle-to-run tick_ms=8278 moving=1 draw_us=5148 transfer_us=12173 frame_us=17375 interval_us=40000 deadline_miss=0 internal_free=331907 stack_watermark=1864
I (9370) rlcd_dashboard: MOTION event=frame case=idle-to-run tick_ms=8318 moving=1 draw_us=5150 transfer_us=12173 frame_us=17379 interval_us=40000 deadline_miss=0 internal_free=331907 stack_watermark=1864
I (9410) rlcd_dashboard: MOTION event=frame case=idle-to-run tick_ms=8358 moving=1 draw_us=5076 transfer_us=12173 frame_us=17303 interval_us=40000 deadline_miss=0 internal_free=331907 stack_watermark=1864
I (9450) rlcd_dashboard: MOTION event=frame case=idle-to-run tick_ms=8398 moving=0 draw_us=5084 transfer_us=12173 frame_us=17322 interval_us=0 deadline_miss=0 internal_free=331907 stack_watermark=1864
I (10090) rlcd_dashboard: MOTION event=frame case=idle-to-run tick_ms=9038 moving=0 draw_us=5035 transfer_us=12167 frame_us=17207 interval_us=0 deadline_miss=0 internal_free=331907 stack_watermark=1864
I (11090) rlcd_dashboard: MOTION event=frame case=idle-to-run tick_ms=10038 moving=0 draw_us=5046 transfer_us=12167 frame_us=17218 interval_us=0 deadline_miss=0 internal_free=331907 stack_watermark=1864
I (12090) rlcd_dashboard: MOTION event=frame case=idle-to-run tick_ms=11038 moving=0 draw_us=5033 transfer_us=12167 frame_us=17205 interval_us=0 deadline_miss=0 internal_free=331907 stack_watermark=1864
I (13090) rlcd_dashboard: MOTION event=frame case=run-to-wait tick_ms=12038 moving=1 draw_us=5158 transfer_us=12202 frame_us=17670 interval_us=0 deadline_miss=0 internal_free=331907 stack_watermark=1864
I (13090) rlcd_dashboard: MOTION event=phase phase=3 case=run-to-wait tick_ms=12038 count=8 feed_health=0 visible=8 overflow=0 hidden_blocked=0
I (13130) rlcd_dashboard: MOTION event=frame case=run-to-wait tick_ms=12078 moving=1 draw_us=5145 transfer_us=12177 frame_us=17380 interval_us=40003 deadline_miss=0 internal_free=331907 stack_watermark=1864
I (13170) rlcd_dashboard: MOTION event=frame case=run-to-wait tick_ms=12118 moving=1 draw_us=5164 transfer_us=12173 frame_us=17395 interval_us=39998 deadline_miss=0 internal_free=331907 stack_watermark=1864
I (13210) rlcd_dashboard: MOTION event=frame case=run-to-wait tick_ms=12158 moving=1 draw_us=5172 transfer_us=12174 frame_us=17402 interval_us=40000 deadline_miss=0 internal_free=331907 stack_watermark=1864
I (13250) rlcd_dashboard: MOTION event=frame case=run-to-wait tick_ms=12198 moving=1 draw_us=5163 transfer_us=12173 frame_us=17390 interval_us=40000 deadline_miss=0 internal_free=331907 stack_watermark=1864
I (13290) rlcd_dashboard: MOTION event=frame case=run-to-wait tick_ms=12238 moving=1 draw_us=5182 transfer_us=12173 frame_us=17411 interval_us=40000 deadline_miss=0 internal_free=331907 stack_watermark=1864
I (13330) rlcd_dashboard: MOTION event=frame case=run-to-wait tick_ms=12278 moving=1 draw_us=5166 transfer_us=12173 frame_us=17393 interval_us=40000 deadline_miss=0 internal_free=331907 stack_watermark=1864
I (13370) rlcd_dashboard: MOTION event=frame case=run-to-wait tick_ms=12318 moving=1 draw_us=5150 transfer_us=12173 frame_us=17382 interval_us=40000 deadline_miss=0 internal_free=331907 stack_watermark=1864
I (13410) rlcd_dashboard: MOTION event=frame case=run-to-wait tick_ms=12358 moving=1 draw_us=5097 transfer_us=12174 frame_us=17325 interval_us=40000 deadline_miss=0 internal_free=331907 stack_watermark=1864
I (13450) rlcd_dashboard: MOTION event=frame case=run-to-wait tick_ms=12398 moving=0 draw_us=5075 transfer_us=12174 frame_us=17314 interval_us=0 deadline_miss=0 internal_free=331907 stack_watermark=1864
I (14090) rlcd_dashboard: MOTION event=frame case=run-to-wait tick_ms=13038 moving=0 draw_us=5041 transfer_us=12166 frame_us=17212 interval_us=0 deadline_miss=0 internal_free=331907 stack_watermark=1864
I (15090) rlcd_dashboard: MOTION event=frame case=run-to-wait tick_ms=14038 moving=0 draw_us=5050 transfer_us=12167 frame_us=17222 interval_us=0 deadline_miss=0 internal_free=331907 stack_watermark=1864
I (16090) rlcd_dashboard: MOTION event=frame case=run-to-wait tick_ms=15038 moving=0 draw_us=5026 transfer_us=12167 frame_us=17198 interval_us=0 deadline_miss=0 internal_free=331907 stack_watermark=1864
I (17090) rlcd_dashboard: MOTION event=frame case=run-to-idle tick_ms=16038 moving=1 draw_us=5158 transfer_us=12201 frame_us=17670 interval_us=0 deadline_miss=0 internal_free=331907 stack_watermark=1864
I (17090) rlcd_dashboard: MOTION event=phase phase=4 case=run-to-idle tick_ms=16038 count=8 feed_health=0 visible=8 overflow=0 hidden_blocked=0
I (17130) rlcd_dashboard: MOTION event=frame case=run-to-idle tick_ms=16078 moving=1 draw_us=5113 transfer_us=12177 frame_us=17348 interval_us=40003 deadline_miss=0 internal_free=331907 stack_watermark=1864
I (17170) rlcd_dashboard: MOTION event=frame case=run-to-idle tick_ms=16118 moving=1 draw_us=5110 transfer_us=12174 frame_us=17340 interval_us=39998 deadline_miss=0 internal_free=331907 stack_watermark=1864
I (17210) rlcd_dashboard: MOTION event=frame case=run-to-idle tick_ms=16158 moving=1 draw_us=5115 transfer_us=12173 frame_us=17344 interval_us=40000 deadline_miss=0 internal_free=331907 stack_watermark=1864
I (17250) rlcd_dashboard: MOTION event=frame case=run-to-idle tick_ms=16198 moving=1 draw_us=5068 transfer_us=12173 frame_us=17298 interval_us=40000 deadline_miss=0 internal_free=331907 stack_watermark=1864
I (17290) rlcd_dashboard: MOTION event=frame case=run-to-idle tick_ms=16238 moving=1 draw_us=5080 transfer_us=12173 frame_us=17309 interval_us=40000 deadline_miss=0 internal_free=331907 stack_watermark=1864
I (17330) rlcd_dashboard: MOTION event=frame case=run-to-idle tick_ms=16278 moving=1 draw_us=5104 transfer_us=12174 frame_us=17332 interval_us=40000 deadline_miss=0 internal_free=331907 stack_watermark=1864
I (17370) rlcd_dashboard: MOTION event=frame case=run-to-idle tick_ms=16318 moving=1 draw_us=5114 transfer_us=12174 frame_us=17344 interval_us=40000 deadline_miss=0 internal_free=331907 stack_watermark=1864
I (17410) rlcd_dashboard: MOTION event=frame case=run-to-idle tick_ms=16358 moving=1 draw_us=5069 transfer_us=12173 frame_us=17296 interval_us=40000 deadline_miss=0 internal_free=331907 stack_watermark=1864
I (17450) rlcd_dashboard: MOTION event=frame case=run-to-idle tick_ms=16398 moving=0 draw_us=5076 transfer_us=12174 frame_us=17317 interval_us=0 deadline_miss=0 internal_free=331907 stack_watermark=1864
I (18090) rlcd_dashboard: MOTION event=frame case=run-to-idle tick_ms=17038 moving=0 draw_us=5034 transfer_us=12167 frame_us=17206 interval_us=0 deadline_miss=0 internal_free=331907 stack_watermark=1864
I (19090) rlcd_dashboard: MOTION event=frame case=run-to-idle tick_ms=18038 moving=0 draw_us=5045 transfer_us=12167 frame_us=17217 interval_us=0 deadline_miss=0 internal_free=331907 stack_watermark=1864
I (20090) rlcd_dashboard: MOTION event=frame case=run-to-idle tick_ms=19038 moving=0 draw_us=5028 transfer_us=12167 frame_us=17200 interval_us=0 deadline_miss=0 internal_free=331907 stack_watermark=1864
I (21090) rlcd_dashboard: MOTION event=frame case=simultaneous-changes tick_ms=20038 moving=1 draw_us=5146 transfer_us=12204 frame_us=17664 interval_us=0 deadline_miss=0 internal_free=331907 stack_watermark=1864
I (21090) rlcd_dashboard: MOTION event=phase phase=5 case=simultaneous-changes tick_ms=20038 count=8 feed_health=0 visible=8 overflow=0 hidden_blocked=0
I (21130) rlcd_dashboard: MOTION event=frame case=simultaneous-changes tick_ms=20078 moving=1 draw_us=5146 transfer_us=12175 frame_us=17377 interval_us=40003 deadline_miss=0 internal_free=331907 stack_watermark=1864
I (21170) rlcd_dashboard: MOTION event=frame case=simultaneous-changes tick_ms=20118 moving=1 draw_us=5170 transfer_us=12173 frame_us=17399 interval_us=39998 deadline_miss=0 internal_free=331907 stack_watermark=1864
I (21210) rlcd_dashboard: MOTION event=frame case=simultaneous-changes tick_ms=20158 moving=1 draw_us=5179 transfer_us=12173 frame_us=17408 interval_us=40000 deadline_miss=0 internal_free=331907 stack_watermark=1864
I (21250) rlcd_dashboard: MOTION event=frame case=simultaneous-changes tick_ms=20198 moving=1 draw_us=5176 transfer_us=12173 frame_us=17403 interval_us=40000 deadline_miss=0 internal_free=331907 stack_watermark=1864
I (21290) rlcd_dashboard: MOTION event=frame case=simultaneous-changes tick_ms=20238 moving=1 draw_us=5171 transfer_us=12173 frame_us=17403 interval_us=40000 deadline_miss=0 internal_free=331907 stack_watermark=1864
I (21330) rlcd_dashboard: MOTION event=frame case=simultaneous-changes tick_ms=20278 moving=1 draw_us=5169 transfer_us=12173 frame_us=17396 interval_us=40000 deadline_miss=0 internal_free=331907 stack_watermark=1864
I (21370) rlcd_dashboard: MOTION event=frame case=simultaneous-changes tick_ms=20318 moving=1 draw_us=5139 transfer_us=12173 frame_us=17368 interval_us=40000 deadline_miss=0 internal_free=331907 stack_watermark=1864
I (21410) rlcd_dashboard: MOTION event=frame case=simultaneous-changes tick_ms=20358 moving=1 draw_us=5098 transfer_us=12174 frame_us=17326 interval_us=40000 deadline_miss=0 internal_free=331907 stack_watermark=1864
I (21450) rlcd_dashboard: MOTION event=frame case=simultaneous-changes tick_ms=20398 moving=0 draw_us=5068 transfer_us=12173 frame_us=17306 interval_us=0 deadline_miss=0 internal_free=331907 stack_watermark=1864
I (22090) rlcd_dashboard: MOTION event=frame case=simultaneous-changes tick_ms=21038 moving=0 draw_us=5013 transfer_us=12166 frame_us=17184 interval_us=0 deadline_miss=0 internal_free=331907 stack_watermark=1864
I (23090) rlcd_dashboard: MOTION event=frame case=simultaneous-changes tick_ms=22038 moving=0 draw_us=5029 transfer_us=12167 frame_us=17201 interval_us=0 deadline_miss=0 internal_free=331907 stack_watermark=1864
I (24090) rlcd_dashboard: MOTION event=frame case=simultaneous-changes tick_ms=23038 moving=0 draw_us=5010 transfer_us=12166 frame_us=17181 interval_us=0 deadline_miss=0 internal_free=331907 stack_watermark=1864
I (25090) rlcd_dashboard: MOTION event=frame case=mid-motion-retarget tick_ms=24038 moving=1 draw_us=5145 transfer_us=12201 frame_us=17664 interval_us=0 deadline_miss=0 internal_free=331907 stack_watermark=1864
I (25090) rlcd_dashboard: MOTION event=phase phase=6 case=mid-motion-retarget tick_ms=24038 count=8 feed_health=0 visible=8 overflow=0 hidden_blocked=0
I (25130) rlcd_dashboard: MOTION event=frame case=mid-motion-retarget tick_ms=24078 moving=1 draw_us=5139 transfer_us=12177 frame_us=17376 interval_us=40003 deadline_miss=0 internal_free=331907 stack_watermark=1864
I (25170) rlcd_dashboard: MOTION event=frame case=mid-motion-retarget tick_ms=24118 moving=1 draw_us=5129 transfer_us=12173 frame_us=17360 interval_us=39998 deadline_miss=0 internal_free=331907 stack_watermark=1864
I (25210) rlcd_dashboard: MOTION event=frame case=mid-motion-retarget tick_ms=24158 moving=1 draw_us=5137 transfer_us=12173 frame_us=17366 interval_us=40000 deadline_miss=0 internal_free=331907 stack_watermark=1864
I (25250) rlcd_dashboard: MOTION event=frame case=mid-motion-retarget tick_ms=24198 moving=1 draw_us=5223 transfer_us=12201 frame_us=17763 interval_us=40000 deadline_miss=0 internal_free=331907 stack_watermark=1864
I (25250) rlcd_dashboard: MOTION event=phase phase=6 case=mid-motion-retarget tick_ms=24198 count=8 feed_health=0 visible=8 overflow=0 hidden_blocked=0
I (25290) rlcd_dashboard: MOTION event=frame case=mid-motion-retarget tick_ms=24238 moving=1 draw_us=5112 transfer_us=12175 frame_us=17345 interval_us=40002 deadline_miss=0 internal_free=331907 stack_watermark=1864
I (25330) rlcd_dashboard: MOTION event=frame case=mid-motion-retarget tick_ms=24278 moving=1 draw_us=5115 transfer_us=12173 frame_us=17346 interval_us=39998 deadline_miss=0 internal_free=331907 stack_watermark=1864
I (25370) rlcd_dashboard: MOTION event=frame case=mid-motion-retarget tick_ms=24318 moving=1 draw_us=5184 transfer_us=12174 frame_us=17417 interval_us=40000 deadline_miss=0 internal_free=331907 stack_watermark=1864
I (25410) rlcd_dashboard: MOTION event=frame case=mid-motion-retarget tick_ms=24358 moving=1 draw_us=5071 transfer_us=12174 frame_us=17301 interval_us=40000 deadline_miss=0 internal_free=331907 stack_watermark=1864
I (25450) rlcd_dashboard: MOTION event=frame case=mid-motion-retarget tick_ms=24398 moving=1 draw_us=5150 transfer_us=12173 frame_us=17379 interval_us=40000 deadline_miss=0 internal_free=331907 stack_watermark=1864
I (25490) rlcd_dashboard: MOTION event=frame case=mid-motion-retarget tick_ms=24438 moving=1 draw_us=5186 transfer_us=12174 frame_us=17416 interval_us=40000 deadline_miss=0 internal_free=331907 stack_watermark=1864
I (25530) rlcd_dashboard: MOTION event=frame case=mid-motion-retarget tick_ms=24478 moving=1 draw_us=5110 transfer_us=12173 frame_us=17339 interval_us=40000 deadline_miss=0 internal_free=331907 stack_watermark=1864
I (25570) rlcd_dashboard: MOTION event=frame case=mid-motion-retarget tick_ms=24518 moving=1 draw_us=5068 transfer_us=12173 frame_us=17300 interval_us=40000 deadline_miss=0 internal_free=331907 stack_watermark=1864
I (25610) rlcd_dashboard: MOTION event=frame case=mid-motion-retarget tick_ms=24558 moving=0 draw_us=5070 transfer_us=12177 frame_us=17312 interval_us=0 deadline_miss=0 internal_free=331907 stack_watermark=1864
I (26090) rlcd_dashboard: MOTION event=frame case=mid-motion-retarget tick_ms=25038 moving=0 draw_us=5030 transfer_us=12166 frame_us=17201 interval_us=0 deadline_miss=0 internal_free=331907 stack_watermark=1864
I (27090) rlcd_dashboard: MOTION event=frame case=mid-motion-retarget tick_ms=26038 moving=0 draw_us=5035 transfer_us=12166 frame_us=17206 interval_us=0 deadline_miss=0 internal_free=331907 stack_watermark=1864
I (28090) rlcd_dashboard: MOTION event=frame case=mid-motion-retarget tick_ms=27038 moving=0 draw_us=5025 transfer_us=12167 frame_us=17197 interval_us=0 deadline_miss=0 internal_free=331907 stack_watermark=1864
I (29090) rlcd_dashboard: MOTION event=frame case=overflow-admission tick_ms=28038 moving=1 draw_us=5590 transfer_us=12202 frame_us=19306 interval_us=0 deadline_miss=0 internal_free=331907 stack_watermark=1864
I (29100) rlcd_dashboard: MOTION event=phase phase=7 case=overflow-admission tick_ms=28038 count=32 feed_health=0 visible=15 overflow=17 hidden_blocked=0
I (29140) rlcd_dashboard: MOTION event=frame case=overflow-admission tick_ms=28078 moving=1 draw_us=10499 transfer_us=12177 frame_us=22738 interval_us=40003 deadline_miss=0 internal_free=331907 stack_watermark=1848
I (29180) rlcd_dashboard: MOTION event=frame case=overflow-admission tick_ms=28118 moving=1 draw_us=10079 transfer_us=12173 frame_us=22314 interval_us=39998 deadline_miss=0 internal_free=331907 stack_watermark=1848
I (29220) rlcd_dashboard: MOTION event=frame case=overflow-admission tick_ms=28158 moving=1 draw_us=8801 transfer_us=12173 frame_us=21034 interval_us=40000 deadline_miss=0 internal_free=331907 stack_watermark=1848
I (29260) rlcd_dashboard: MOTION event=frame case=overflow-admission tick_ms=28198 moving=1 draw_us=8810 transfer_us=12173 frame_us=21043 interval_us=40000 deadline_miss=0 internal_free=331907 stack_watermark=1848
I (29300) rlcd_dashboard: MOTION event=frame case=overflow-admission tick_ms=28238 moving=1 draw_us=8815 transfer_us=12173 frame_us=21051 interval_us=40000 deadline_miss=0 internal_free=331907 stack_watermark=1848
I (29340) rlcd_dashboard: MOTION event=frame case=overflow-admission tick_ms=28278 moving=1 draw_us=8842 transfer_us=12173 frame_us=21075 interval_us=40000 deadline_miss=0 internal_free=331907 stack_watermark=1848
I (29380) rlcd_dashboard: MOTION event=frame case=overflow-admission tick_ms=28318 moving=1 draw_us=8764 transfer_us=12174 frame_us=20998 interval_us=40000 deadline_miss=0 internal_free=331907 stack_watermark=1848
I (29420) rlcd_dashboard: MOTION event=frame case=overflow-admission tick_ms=28358 moving=1 draw_us=8854 transfer_us=12174 frame_us=21088 interval_us=40000 deadline_miss=0 internal_free=331907 stack_watermark=1848
I (29460) rlcd_dashboard: MOTION event=frame case=overflow-admission tick_ms=28398 moving=0 draw_us=8737 transfer_us=12174 frame_us=20979 interval_us=0 deadline_miss=0 internal_free=331907 stack_watermark=1848
I (30100) rlcd_dashboard: MOTION event=frame case=overflow-admission tick_ms=29038 moving=0 draw_us=8700 transfer_us=12167 frame_us=20872 interval_us=0 deadline_miss=0 internal_free=331907 stack_watermark=1848
I (31100) rlcd_dashboard: MOTION event=frame case=overflow-admission tick_ms=30038 moving=0 draw_us=8716 transfer_us=12166 frame_us=20887 interval_us=0 deadline_miss=0 internal_free=331907 stack_watermark=1848
I (32100) rlcd_dashboard: MOTION event=frame case=overflow-admission tick_ms=31038 moving=0 draw_us=8707 transfer_us=12167 frame_us=20879 interval_us=0 deadline_miss=0 internal_free=331907 stack_watermark=1848
I (33100) rlcd_dashboard: MOTION event=frame case=same-project-identities tick_ms=32038 moving=1 draw_us=8822 transfer_us=12201 frame_us=22647 interval_us=0 deadline_miss=0 internal_free=331907 stack_watermark=1848
I (33100) rlcd_dashboard: MOTION event=phase phase=8 case=same-project-identities tick_ms=32038 count=32 feed_health=0 visible=16 overflow=16 hidden_blocked=0
I (33140) rlcd_dashboard: MOTION event=frame case=same-project-identities tick_ms=32078 moving=1 draw_us=9233 transfer_us=12177 frame_us=21472 interval_us=40003 deadline_miss=0 internal_free=331907 stack_watermark=1848
I (33180) rlcd_dashboard: MOTION event=frame case=same-project-identities tick_ms=32118 moving=1 draw_us=9263 transfer_us=12173 frame_us=21500 interval_us=39998 deadline_miss=0 internal_free=331907 stack_watermark=1848
I (33220) rlcd_dashboard: MOTION event=frame case=same-project-identities tick_ms=32158 moving=1 draw_us=9110 transfer_us=12173 frame_us=21343 interval_us=40000 deadline_miss=0 internal_free=331907 stack_watermark=1848
I (33260) rlcd_dashboard: MOTION event=frame case=same-project-identities tick_ms=32198 moving=1 draw_us=9184 transfer_us=12173 frame_us=21417 interval_us=40000 deadline_miss=0 internal_free=331907 stack_watermark=1848
I (33300) rlcd_dashboard: MOTION event=frame case=same-project-identities tick_ms=32238 moving=1 draw_us=9210 transfer_us=12173 frame_us=21443 interval_us=40000 deadline_miss=0 internal_free=331907 stack_watermark=1848
I (33340) rlcd_dashboard: MOTION event=frame case=same-project-identities tick_ms=32278 moving=1 draw_us=9245 transfer_us=12173 frame_us=21478 interval_us=40000 deadline_miss=0 internal_free=331907 stack_watermark=1848
I (33380) rlcd_dashboard: MOTION event=frame case=same-project-identities tick_ms=32318 moving=1 draw_us=9261 transfer_us=12173 frame_us=21497 interval_us=40000 deadline_miss=0 internal_free=331907 stack_watermark=1848
I (33420) rlcd_dashboard: MOTION event=frame case=same-project-identities tick_ms=32358 moving=1 draw_us=9220 transfer_us=12173 frame_us=21453 interval_us=40000 deadline_miss=0 internal_free=331907 stack_watermark=1848
I (33460) rlcd_dashboard: MOTION event=frame case=same-project-identities tick_ms=32398 moving=0 draw_us=9219 transfer_us=12174 frame_us=21461 interval_us=0 deadline_miss=0 internal_free=331907 stack_watermark=1848
I (34100) rlcd_dashboard: MOTION event=frame case=same-project-identities tick_ms=33038 moving=0 draw_us=9191 transfer_us=12166 frame_us=21362 interval_us=0 deadline_miss=0 internal_free=331907 stack_watermark=1848
I (35100) rlcd_dashboard: MOTION event=frame case=same-project-identities tick_ms=34038 moving=0 draw_us=9195 transfer_us=12167 frame_us=21367 interval_us=0 deadline_miss=0 internal_free=331907 stack_watermark=1848
I (36100) rlcd_dashboard: MOTION event=frame case=same-project-identities tick_ms=35038 moving=0 draw_us=9176 transfer_us=12167 frame_us=21348 interval_us=0 deadline_miss=0 internal_free=331907 stack_watermark=1848
I (37100) rlcd_dashboard: MOTION event=frame case=feed-stale-during-motion tick_ms=36038 moving=1 draw_us=9294 transfer_us=12201 frame_us=23114 interval_us=0 deadline_miss=0 internal_free=331907 stack_watermark=1848
I (37100) rlcd_dashboard: MOTION event=phase phase=9 case=feed-stale-during-motion tick_ms=36038 count=32 feed_health=0 visible=15 overflow=17 hidden_blocked=0
I (37140) rlcd_dashboard: MOTION event=frame case=feed-stale-during-motion tick_ms=36078 moving=1 draw_us=9223 transfer_us=12177 frame_us=21463 interval_us=40003 deadline_miss=0 internal_free=331907 stack_watermark=1848
I (37180) rlcd_dashboard: MOTION event=frame case=feed-stale-during-motion tick_ms=36118 moving=1 draw_us=9364 transfer_us=12173 frame_us=21599 interval_us=39998 deadline_miss=0 internal_free=331907 stack_watermark=1848
I (37220) rlcd_dashboard: MOTION event=frame case=feed-stale-during-motion tick_ms=36158 moving=1 draw_us=9138 transfer_us=12173 frame_us=21371 interval_us=40000 deadline_miss=0 internal_free=331907 stack_watermark=1848
I (37250) rlcd_dashboard: MOTION event=frame case=feed-stale-during-motion tick_ms=36198 moving=0 draw_us=7259 transfer_us=12169 frame_us=19510 interval_us=0 deadline_miss=0 internal_free=331907 stack_watermark=1848
I (37260) rlcd_dashboard: MOTION event=phase phase=9 case=feed-stale-during-motion tick_ms=36198 count=32 feed_health=1 visible=15 overflow=0 hidden_blocked=0
I (38090) rlcd_dashboard: MOTION event=frame case=feed-stale-during-motion tick_ms=37038 moving=0 draw_us=7215 transfer_us=12164 frame_us=19384 interval_us=0 deadline_miss=0 internal_free=331907 stack_watermark=1848
I (39090) rlcd_dashboard: MOTION event=frame case=feed-stale-during-motion tick_ms=38038 moving=0 draw_us=7202 transfer_us=12161 frame_us=19368 interval_us=0 deadline_miss=0 internal_free=331907 stack_watermark=1848
I (40090) rlcd_dashboard: MOTION event=frame case=feed-stale-during-motion tick_ms=39038 moving=0 draw_us=7204 transfer_us=12163 frame_us=19372 interval_us=0 deadline_miss=0 internal_free=331907 stack_watermark=1848
I (41100) rlcd_dashboard: MOTION event=frame case=feed-recovery tick_ms=40038 moving=1 draw_us=9195 transfer_us=12205 frame_us=23023 interval_us=0 deadline_miss=0 internal_free=331907 stack_watermark=1848
I (41100) rlcd_dashboard: MOTION event=phase phase=10 case=feed-recovery tick_ms=40038 count=32 feed_health=0 visible=14 overflow=18 hidden_blocked=0
I (41140) rlcd_dashboard: MOTION event=frame case=feed-recovery tick_ms=40078 moving=1 draw_us=8902 transfer_us=12178 frame_us=21142 interval_us=40003 deadline_miss=0 internal_free=331907 stack_watermark=1848
I (41180) rlcd_dashboard: MOTION event=frame case=feed-recovery tick_ms=40118 moving=1 draw_us=8516 transfer_us=12173 frame_us=20749 interval_us=39998 deadline_miss=0 internal_free=331907 stack_watermark=1848
I (41220) rlcd_dashboard: MOTION event=frame case=feed-recovery tick_ms=40158 moving=1 draw_us=8776 transfer_us=12173 frame_us=21012 interval_us=40000 deadline_miss=0 internal_free=331907 stack_watermark=1848
I (41260) rlcd_dashboard: MOTION event=frame case=feed-recovery tick_ms=40198 moving=1 draw_us=8679 transfer_us=12173 frame_us=20910 interval_us=40000 deadline_miss=0 internal_free=331907 stack_watermark=1848
I (41300) rlcd_dashboard: MOTION event=frame case=feed-recovery tick_ms=40238 moving=1 draw_us=8668 transfer_us=12173 frame_us=20901 interval_us=40000 deadline_miss=0 internal_free=331907 stack_watermark=1848
I (41340) rlcd_dashboard: MOTION event=frame case=feed-recovery tick_ms=40278 moving=1 draw_us=8520 transfer_us=12173 frame_us=20751 interval_us=40000 deadline_miss=0 internal_free=331907 stack_watermark=1848
I (41380) rlcd_dashboard: MOTION event=frame case=feed-recovery tick_ms=40318 moving=1 draw_us=8445 transfer_us=12173 frame_us=20678 interval_us=40000 deadline_miss=0 internal_free=331907 stack_watermark=1848
I (41420) rlcd_dashboard: MOTION event=frame case=feed-recovery tick_ms=40358 moving=1 draw_us=8183 transfer_us=12173 frame_us=20417 interval_us=40000 deadline_miss=0 internal_free=331907 stack_watermark=1848
I (41460) rlcd_dashboard: MOTION event=frame case=feed-recovery tick_ms=40398 moving=0 draw_us=8119 transfer_us=12174 frame_us=20361 interval_us=0 deadline_miss=0 internal_free=331907 stack_watermark=1848
I (42100) rlcd_dashboard: MOTION event=frame case=feed-recovery tick_ms=41038 moving=0 draw_us=8080 transfer_us=12167 frame_us=20252 interval_us=0 deadline_miss=0 internal_free=331907 stack_watermark=1848
I (43100) rlcd_dashboard: MOTION event=frame case=feed-recovery tick_ms=42038 moving=0 draw_us=8098 transfer_us=12167 frame_us=20270 interval_us=0 deadline_miss=0 internal_free=331907 stack_watermark=1848
I (44100) rlcd_dashboard: MOTION event=frame case=feed-recovery tick_ms=43038 moving=0 draw_us=8084 transfer_us=12167 frame_us=20256 interval_us=0 deadline_miss=0 internal_free=331907 stack_watermark=1848
I (45100) rlcd_dashboard: MOTION event=frame case=feed-offline-during-motion tick_ms=44038 moving=1 draw_us=8190 transfer_us=12203 frame_us=22006 interval_us=0 deadline_miss=0 internal_free=331907 stack_watermark=1848
I (45100) rlcd_dashboard: MOTION event=phase phase=11 case=feed-offline-during-motion tick_ms=44038 count=32 feed_health=0 visible=15 overflow=17 hidden_blocked=0
I (45140) rlcd_dashboard: MOTION event=frame case=feed-offline-during-motion tick_ms=44078 moving=1 draw_us=8695 transfer_us=12178 frame_us=20931 interval_us=40003 deadline_miss=0 internal_free=331907 stack_watermark=1848
I (45180) rlcd_dashboard: MOTION event=frame case=feed-offline-during-motion tick_ms=44118 moving=1 draw_us=8761 transfer_us=12173 frame_us=20996 interval_us=39998 deadline_miss=0 internal_free=331907 stack_watermark=1848
I (45220) rlcd_dashboard: MOTION event=frame case=feed-offline-during-motion tick_ms=44158 moving=1 draw_us=8586 transfer_us=12174 frame_us=20818 interval_us=40000 deadline_miss=0 internal_free=331907 stack_watermark=1848
I (45250) rlcd_dashboard: MOTION event=frame case=feed-offline-during-motion tick_ms=44198 moving=0 draw_us=6991 transfer_us=12169 frame_us=19240 interval_us=0 deadline_miss=0 internal_free=331907 stack_watermark=1848
I (45260) rlcd_dashboard: MOTION event=phase phase=11 case=feed-offline-during-motion tick_ms=44198 count=32 feed_health=2 visible=15 overflow=0 hidden_blocked=0
I (46090) rlcd_dashboard: MOTION event=frame case=feed-offline-during-motion tick_ms=45038 moving=0 draw_us=6948 transfer_us=12164 frame_us=19117 interval_us=0 deadline_miss=0 internal_free=331907 stack_watermark=1848
I (47090) rlcd_dashboard: MOTION event=frame case=feed-offline-during-motion tick_ms=46038 moving=0 draw_us=6944 transfer_us=12161 frame_us=19110 interval_us=0 deadline_miss=0 internal_free=331907 stack_watermark=1848
I (48090) rlcd_dashboard: MOTION event=frame case=feed-offline-during-motion tick_ms=47038 moving=0 draw_us=6945 transfer_us=12164 frame_us=19114 interval_us=0 deadline_miss=0 internal_free=331907 stack_watermark=1848
I (49100) rlcd_dashboard: MOTION event=frame case=feed-recovery-again tick_ms=48038 moving=1 draw_us=8775 transfer_us=12201 frame_us=22588 interval_us=0 deadline_miss=0 internal_free=331907 stack_watermark=1848
I (49100) rlcd_dashboard: MOTION event=phase phase=12 case=feed-recovery-again tick_ms=48038 count=32 feed_health=0 visible=14 overflow=18 hidden_blocked=0
I (49140) rlcd_dashboard: MOTION event=frame case=feed-recovery-again tick_ms=48078 moving=1 draw_us=8453 transfer_us=12177 frame_us=20690 interval_us=40003 deadline_miss=0 internal_free=331907 stack_watermark=1848
I (49180) rlcd_dashboard: MOTION event=frame case=feed-recovery-again tick_ms=48118 moving=1 draw_us=8501 transfer_us=12173 frame_us=20736 interval_us=39998 deadline_miss=0 internal_free=331907 stack_watermark=1848
I (49220) rlcd_dashboard: MOTION event=frame case=feed-recovery-again tick_ms=48158 moving=1 draw_us=8731 transfer_us=12173 frame_us=20964 interval_us=40000 deadline_miss=0 internal_free=331907 stack_watermark=1848
I (49260) rlcd_dashboard: MOTION event=frame case=feed-recovery-again tick_ms=48198 moving=1 draw_us=8578 transfer_us=12173 frame_us=20809 interval_us=40000 deadline_miss=0 internal_free=331907 stack_watermark=1848
I (49300) rlcd_dashboard: MOTION event=frame case=feed-recovery-again tick_ms=48238 moving=1 draw_us=8606 transfer_us=12173 frame_us=20839 interval_us=40000 deadline_miss=0 internal_free=331907 stack_watermark=1848
I (49340) rlcd_dashboard: MOTION event=frame case=feed-recovery-again tick_ms=48278 moving=1 draw_us=8631 transfer_us=12173 frame_us=20862 interval_us=40000 deadline_miss=0 internal_free=331907 stack_watermark=1848
I (49380) rlcd_dashboard: MOTION event=frame case=feed-recovery-again tick_ms=48318 moving=1 draw_us=8441 transfer_us=12173 frame_us=20677 interval_us=40000 deadline_miss=0 internal_free=331907 stack_watermark=1848
I (49420) rlcd_dashboard: MOTION event=frame case=feed-recovery-again tick_ms=48358 moving=1 draw_us=8128 transfer_us=12173 frame_us=20359 interval_us=40000 deadline_miss=0 internal_free=331907 stack_watermark=1848
I (49460) rlcd_dashboard: MOTION event=frame case=feed-recovery-again tick_ms=48398 moving=0 draw_us=8126 transfer_us=12173 frame_us=20367 interval_us=0 deadline_miss=0 internal_free=331907 stack_watermark=1848
I (50100) rlcd_dashboard: MOTION event=frame case=feed-recovery-again tick_ms=49038 moving=0 draw_us=8083 transfer_us=12166 frame_us=20254 interval_us=0 deadline_miss=0 internal_free=331907 stack_watermark=1848
I (51100) rlcd_dashboard: MOTION event=frame case=feed-recovery-again tick_ms=50038 moving=0 draw_us=8098 transfer_us=12167 frame_us=20270 interval_us=0 deadline_miss=0 internal_free=331907 stack_watermark=1848
I (52100) rlcd_dashboard: MOTION event=frame case=feed-recovery-again tick_ms=51038 moving=0 draw_us=8084 transfer_us=12166 frame_us=20255 interval_us=0 deadline_miss=0 internal_free=331907 stack_watermark=1848
I (53100) rlcd_dashboard: MOTION event=frame case=attention-overflow tick_ms=52038 moving=1 draw_us=8186 transfer_us=12204 frame_us=22007 interval_us=0 deadline_miss=0 internal_free=331907 stack_watermark=1848
I (53100) rlcd_dashboard: MOTION event=phase phase=13 case=attention-overflow tick_ms=52038 count=32 feed_health=0 visible=10 overflow=22 hidden_blocked=22
I (53140) rlcd_dashboard: MOTION event=frame case=attention-overflow tick_ms=52078 moving=1 draw_us=7761 transfer_us=12180 frame_us=19999 interval_us=40003 deadline_miss=0 internal_free=331907 stack_watermark=1848
I (53170) rlcd_dashboard: MOTION event=frame case=attention-overflow tick_ms=52118 moving=1 draw_us=7300 transfer_us=12173 frame_us=19535 interval_us=39998 deadline_miss=0 internal_free=331907 stack_watermark=1848
I (53210) rlcd_dashboard: MOTION event=frame case=attention-overflow tick_ms=52158 moving=1 draw_us=7186 transfer_us=12173 frame_us=19417 interval_us=40000 deadline_miss=0 internal_free=331907 stack_watermark=1848
I (53250) rlcd_dashboard: MOTION event=frame case=attention-overflow tick_ms=52198 moving=1 draw_us=6806 transfer_us=12173 frame_us=19042 interval_us=40000 deadline_miss=0 internal_free=331907 stack_watermark=1848
I (53290) rlcd_dashboard: MOTION event=frame case=attention-overflow tick_ms=52238 moving=1 draw_us=6749 transfer_us=12174 frame_us=18981 interval_us=40000 deadline_miss=0 internal_free=331907 stack_watermark=1848
I (53330) rlcd_dashboard: MOTION event=frame case=attention-overflow tick_ms=52278 moving=1 draw_us=6758 transfer_us=12174 frame_us=18992 interval_us=40000 deadline_miss=0 internal_free=331907 stack_watermark=1848
I (53370) rlcd_dashboard: MOTION event=frame case=attention-overflow tick_ms=52318 moving=1 draw_us=6691 transfer_us=12173 frame_us=18922 interval_us=40000 deadline_miss=0 internal_free=331907 stack_watermark=1848
I (53410) rlcd_dashboard: MOTION event=frame case=attention-overflow tick_ms=52358 moving=1 draw_us=6618 transfer_us=12173 frame_us=18851 interval_us=40000 deadline_miss=0 internal_free=331907 stack_watermark=1848
I (53450) rlcd_dashboard: MOTION event=frame case=attention-overflow tick_ms=52398 moving=0 draw_us=6341 transfer_us=12173 frame_us=18582 interval_us=0 deadline_miss=0 internal_free=331907 stack_watermark=1848
I (54090) rlcd_dashboard: MOTION event=frame case=attention-overflow tick_ms=53038 moving=0 draw_us=6258 transfer_us=12166 frame_us=18429 interval_us=0 deadline_miss=0 internal_free=331907 stack_watermark=1848
I (55090) rlcd_dashboard: MOTION event=frame case=attention-overflow tick_ms=54038 moving=0 draw_us=6266 transfer_us=12167 frame_us=18438 interval_us=0 deadline_miss=0 internal_free=331907 stack_watermark=1848
I (56090) rlcd_dashboard: MOTION event=frame case=attention-overflow tick_ms=55038 moving=0 draw_us=6269 transfer_us=12167 frame_us=18441 interval_us=0 deadline_miss=0 internal_free=331907 stack_watermark=1848
I (57090) rlcd_dashboard: MOTION event=frame case=uncertainty-section tick_ms=56038 moving=1 draw_us=5289 transfer_us=12203 frame_us=17825 interval_us=0 deadline_miss=0 internal_free=331907 stack_watermark=1848
I (57090) rlcd_dashboard: MOTION event=phase phase=14 case=uncertainty-section tick_ms=56038 count=8 feed_health=0 visible=8 overflow=0 hidden_blocked=0
I (57130) rlcd_dashboard: MOTION event=frame case=uncertainty-section tick_ms=56078 moving=1 draw_us=5324 transfer_us=12176 frame_us=17559 interval_us=40003 deadline_miss=0 internal_free=331907 stack_watermark=1848
I (57170) rlcd_dashboard: MOTION event=frame case=uncertainty-section tick_ms=56118 moving=1 draw_us=5330 transfer_us=12174 frame_us=17561 interval_us=39998 deadline_miss=0 internal_free=331907 stack_watermark=1848
I (57210) rlcd_dashboard: MOTION event=frame case=uncertainty-section tick_ms=56158 moving=1 draw_us=5407 transfer_us=12173 frame_us=17637 interval_us=40000 deadline_miss=0 internal_free=331907 stack_watermark=1848
I (57250) rlcd_dashboard: MOTION event=frame case=uncertainty-section tick_ms=56198 moving=1 draw_us=5539 transfer_us=12173 frame_us=17767 interval_us=40000 deadline_miss=0 internal_free=331907 stack_watermark=1848
I (57290) rlcd_dashboard: MOTION event=frame case=uncertainty-section tick_ms=56238 moving=1 draw_us=6769 transfer_us=12174 frame_us=19003 interval_us=40000 deadline_miss=0 internal_free=331907 stack_watermark=1848
I (57330) rlcd_dashboard: MOTION event=frame case=uncertainty-section tick_ms=56278 moving=1 draw_us=7251 transfer_us=12173 frame_us=19479 interval_us=40000 deadline_miss=0 internal_free=331907 stack_watermark=1848
I (57370) rlcd_dashboard: MOTION event=frame case=uncertainty-section tick_ms=56318 moving=1 draw_us=6722 transfer_us=12174 frame_us=18953 interval_us=40000 deadline_miss=0 internal_free=331907 stack_watermark=1848
I (57410) rlcd_dashboard: MOTION event=frame case=uncertainty-section tick_ms=56358 moving=1 draw_us=6203 transfer_us=12173 frame_us=18431 interval_us=40000 deadline_miss=0 internal_free=331907 stack_watermark=1848
I (57450) rlcd_dashboard: MOTION event=frame case=uncertainty-section tick_ms=56398 moving=0 draw_us=4695 transfer_us=12173 frame_us=16937 interval_us=0 deadline_miss=0 internal_free=331907 stack_watermark=1848
I (58090) rlcd_dashboard: MOTION event=frame case=uncertainty-section tick_ms=57038 moving=0 draw_us=4640 transfer_us=12167 frame_us=16812 interval_us=0 deadline_miss=0 internal_free=331907 stack_watermark=1848
I (59090) rlcd_dashboard: MOTION event=frame case=uncertainty-section tick_ms=58038 moving=0 draw_us=4667 transfer_us=12165 frame_us=16837 interval_us=0 deadline_miss=0 internal_free=331907 stack_watermark=1848
I (60090) rlcd_dashboard: MOTION event=frame case=uncertainty-section tick_ms=59038 moving=0 draw_us=4626 transfer_us=12167 frame_us=16798 interval_us=0 deadline_miss=0 internal_free=331907 stack_watermark=1848
I (61090) rlcd_dashboard: MOTION event=frame case=working-to-blocked tick_ms=60038 moving=1 draw_us=4770 transfer_us=12203 frame_us=17283 interval_us=0 deadline_miss=0 internal_free=331907 stack_watermark=1848
I (61090) rlcd_dashboard: MOTION event=phase phase=15 case=working-to-blocked tick_ms=60038 count=8 feed_health=0 visible=8 overflow=0 hidden_blocked=0
I (61130) rlcd_dashboard: MOTION event=frame case=working-to-blocked tick_ms=60078 moving=1 draw_us=4781 transfer_us=12172 frame_us=17009 interval_us=40003 deadline_miss=0 internal_free=331907 stack_watermark=1848
I (61170) rlcd_dashboard: MOTION event=frame case=working-to-blocked tick_ms=60118 moving=1 draw_us=4763 transfer_us=12173 frame_us=16995 interval_us=39998 deadline_miss=0 internal_free=331907 stack_watermark=1848
I (61210) rlcd_dashboard: MOTION event=frame case=working-to-blocked tick_ms=60158 moving=1 draw_us=4773 transfer_us=12174 frame_us=17001 interval_us=40000 deadline_miss=0 internal_free=331907 stack_watermark=1848
I (61250) rlcd_dashboard: MOTION event=frame case=working-to-blocked tick_ms=60198 moving=1 draw_us=4703 transfer_us=12173 frame_us=16932 interval_us=40000 deadline_miss=0 internal_free=331907 stack_watermark=1848
I (61290) rlcd_dashboard: MOTION event=frame case=working-to-blocked tick_ms=60238 moving=1 draw_us=4703 transfer_us=12173 frame_us=16930 interval_us=40000 deadline_miss=0 internal_free=331907 stack_watermark=1848
I (61330) rlcd_dashboard: MOTION event=frame case=working-to-blocked tick_ms=60278 moving=1 draw_us=4779 transfer_us=12174 frame_us=17009 interval_us=40000 deadline_miss=0 internal_free=331907 stack_watermark=1848
I (61370) rlcd_dashboard: MOTION event=frame case=working-to-blocked tick_ms=60318 moving=1 draw_us=4773 transfer_us=12174 frame_us=17004 interval_us=40000 deadline_miss=0 internal_free=331907 stack_watermark=1848
I (61410) rlcd_dashboard: MOTION event=frame case=working-to-blocked tick_ms=60358 moving=1 draw_us=4703 transfer_us=12173 frame_us=16932 interval_us=40000 deadline_miss=0 internal_free=331907 stack_watermark=1848
I (61450) rlcd_dashboard: MOTION event=frame case=working-to-blocked tick_ms=60398 moving=0 draw_us=4699 transfer_us=12173 frame_us=16935 interval_us=0 deadline_miss=0 internal_free=331907 stack_watermark=1848
I (62090) rlcd_dashboard: MOTION event=frame case=working-to-blocked tick_ms=61038 moving=0 draw_us=4670 transfer_us=12167 frame_us=16842 interval_us=0 deadline_miss=0 internal_free=331907 stack_watermark=1848
I (63090) rlcd_dashboard: MOTION event=frame case=working-to-blocked tick_ms=62038 moving=0 draw_us=4670 transfer_us=12167 frame_us=16842 interval_us=0 deadline_miss=0 internal_free=331907 stack_watermark=1848
I (64090) rlcd_dashboard: MOTION event=frame case=working-to-blocked tick_ms=63038 moving=0 draw_us=4632 transfer_us=12166 frame_us=16803 interval_us=0 deadline_miss=0 internal_free=331907 stack_watermark=1848
I (65090) rlcd_dashboard: MOTION event=frame case=blocked-to-working tick_ms=64038 moving=1 draw_us=4734 transfer_us=12203 frame_us=17251 interval_us=0 deadline_miss=0 internal_free=331907 stack_watermark=1848
I (65090) rlcd_dashboard: MOTION event=phase phase=16 case=blocked-to-working tick_ms=64038 count=8 feed_health=0 visible=8 overflow=0 hidden_blocked=0
I (65130) rlcd_dashboard: MOTION event=frame case=blocked-to-working tick_ms=64078 moving=1 draw_us=4732 transfer_us=12172 frame_us=16964 interval_us=40003 deadline_miss=0 internal_free=331907 stack_watermark=1848
I (65170) rlcd_dashboard: MOTION event=frame case=blocked-to-working tick_ms=64118 moving=1 draw_us=4737 transfer_us=12173 frame_us=16964 interval_us=39998 deadline_miss=0 internal_free=331907 stack_watermark=1848
I (65210) rlcd_dashboard: MOTION event=frame case=blocked-to-working tick_ms=64158 moving=1 draw_us=4726 transfer_us=12174 frame_us=16956 interval_us=40000 deadline_miss=0 internal_free=331907 stack_watermark=1848
I (65250) rlcd_dashboard: MOTION event=frame case=blocked-to-working tick_ms=64198 moving=1 draw_us=4660 transfer_us=12174 frame_us=16891 interval_us=40000 deadline_miss=0 internal_free=331907 stack_watermark=1848
I (65290) rlcd_dashboard: MOTION event=frame case=blocked-to-working tick_ms=64238 moving=1 draw_us=4666 transfer_us=12173 frame_us=16895 interval_us=40000 deadline_miss=0 internal_free=331907 stack_watermark=1848
I (65330) rlcd_dashboard: MOTION event=frame case=blocked-to-working tick_ms=64278 moving=1 draw_us=4721 transfer_us=12173 frame_us=16948 interval_us=40000 deadline_miss=0 internal_free=331907 stack_watermark=1848
I (65370) rlcd_dashboard: MOTION event=frame case=blocked-to-working tick_ms=64318 moving=1 draw_us=4726 transfer_us=12174 frame_us=16956 interval_us=40000 deadline_miss=0 internal_free=331907 stack_watermark=1848
I (65410) rlcd_dashboard: MOTION event=frame case=blocked-to-working tick_ms=64358 moving=1 draw_us=4662 transfer_us=12174 frame_us=16890 interval_us=40000 deadline_miss=0 internal_free=331907 stack_watermark=1848
I (65450) rlcd_dashboard: MOTION event=frame case=blocked-to-working tick_ms=64398 moving=0 draw_us=4665 transfer_us=12173 frame_us=16905 interval_us=0 deadline_miss=0 internal_free=331907 stack_watermark=1848
I (66090) rlcd_dashboard: MOTION event=frame case=blocked-to-working tick_ms=65038 moving=0 draw_us=4627 transfer_us=12167 frame_us=16799 interval_us=0 deadline_miss=0 internal_free=331907 stack_watermark=1848
I (67090) rlcd_dashboard: MOTION event=frame case=blocked-to-working tick_ms=66038 moving=0 draw_us=4640 transfer_us=12166 frame_us=16811 interval_us=0 deadline_miss=0 internal_free=331907 stack_watermark=1848
I (68090) rlcd_dashboard: MOTION event=frame case=blocked-to-working tick_ms=67038 moving=0 draw_us=4640 transfer_us=12167 frame_us=16812 interval_us=0 deadline_miss=0 internal_free=331907 stack_watermark=1848
I (69090) rlcd_dashboard: MOTION event=frame case=compact-capacity tick_ms=68038 moving=1 draw_us=5580 transfer_us=12203 frame_us=19106 interval_us=0 deadline_miss=0 internal_free=331907 stack_watermark=1848
I (69090) rlcd_dashboard: MOTION event=phase phase=17 case=compact-capacity tick_ms=68038 count=32 feed_health=0 visible=21 overflow=11 hidden_blocked=0
I (69140) rlcd_dashboard: MOTION event=frame case=compact-capacity tick_ms=68078 moving=1 draw_us=11610 transfer_us=12173 frame_us=23843 interval_us=40003 deadline_miss=0 internal_free=331907 stack_watermark=1848
I (69180) rlcd_dashboard: MOTION event=frame case=compact-capacity tick_ms=68118 moving=1 draw_us=11459 transfer_us=12173 frame_us=23692 interval_us=39998 deadline_miss=0 internal_free=331907 stack_watermark=1848
I (69220) rlcd_dashboard: MOTION event=frame case=compact-capacity tick_ms=68158 moving=1 draw_us=11513 transfer_us=12174 frame_us=23745 interval_us=40000 deadline_miss=0 internal_free=331907 stack_watermark=1848
I (69260) rlcd_dashboard: MOTION event=frame case=compact-capacity tick_ms=68198 moving=1 draw_us=11531 transfer_us=12174 frame_us=23765 interval_us=40000 deadline_miss=0 internal_free=331907 stack_watermark=1848
I (69300) rlcd_dashboard: MOTION event=frame case=compact-capacity tick_ms=68238 moving=1 draw_us=11558 transfer_us=12173 frame_us=23792 interval_us=40000 deadline_miss=0 internal_free=331907 stack_watermark=1848
I (69340) rlcd_dashboard: MOTION event=frame case=compact-capacity tick_ms=68278 moving=1 draw_us=11564 transfer_us=12174 frame_us=23798 interval_us=40000 deadline_miss=0 internal_free=331907 stack_watermark=1848
I (69380) rlcd_dashboard: MOTION event=frame case=compact-capacity tick_ms=68318 moving=1 draw_us=11563 transfer_us=12173 frame_us=23794 interval_us=40000 deadline_miss=0 internal_free=331907 stack_watermark=1848
I (69420) rlcd_dashboard: MOTION event=frame case=compact-capacity tick_ms=68358 moving=1 draw_us=11575 transfer_us=12173 frame_us=23808 interval_us=40000 deadline_miss=0 internal_free=331907 stack_watermark=1848
I (69460) rlcd_dashboard: MOTION event=frame case=compact-capacity tick_ms=68398 moving=0 draw_us=11557 transfer_us=12173 frame_us=23796 interval_us=0 deadline_miss=0 internal_free=331907 stack_watermark=1848
I (70100) rlcd_dashboard: MOTION event=frame case=compact-capacity tick_ms=69038 moving=0 draw_us=11402 transfer_us=12167 frame_us=23574 interval_us=0 deadline_miss=0 internal_free=331907 stack_watermark=1848
I (71100) rlcd_dashboard: MOTION event=frame case=compact-capacity tick_ms=70038 moving=0 draw_us=11419 transfer_us=12167 frame_us=23591 interval_us=0 deadline_miss=0 internal_free=331907 stack_watermark=1848
I (72100) rlcd_dashboard: MOTION event=frame case=compact-capacity tick_ms=71038 moving=0 draw_us=11422 transfer_us=12167 frame_us=23594 interval_us=0 deadline_miss=0 internal_free=331907 stack_watermark=1848
I (73100) rlcd_dashboard: MOTION event=frame case=waiting-only tick_ms=72038 moving=1 draw_us=11652 transfer_us=12203 frame_us=25325 interval_us=0 deadline_miss=0 internal_free=331907 stack_watermark=1848
I (73100) rlcd_dashboard: MOTION event=phase phase=18 case=waiting-only tick_ms=72038 count=32 feed_health=0 visible=10 overflow=22 hidden_blocked=0
I (73140) rlcd_dashboard: MOTION event=frame case=waiting-only tick_ms=72078 moving=1 draw_us=10186 transfer_us=12173 frame_us=22421 interval_us=40003 deadline_miss=0 internal_free=331907 stack_watermark=1848
I (73180) rlcd_dashboard: MOTION event=frame case=waiting-only tick_ms=72118 moving=1 draw_us=8688 transfer_us=12173 frame_us=20922 interval_us=39998 deadline_miss=0 internal_free=331907 stack_watermark=1848
I (73220) rlcd_dashboard: MOTION event=frame case=waiting-only tick_ms=72158 moving=1 draw_us=8100 transfer_us=12174 frame_us=20334 interval_us=40000 deadline_miss=0 internal_free=331907 stack_watermark=1848
I (73250) rlcd_dashboard: MOTION event=frame case=waiting-only tick_ms=72198 moving=1 draw_us=7286 transfer_us=12173 frame_us=19517 interval_us=40000 deadline_miss=0 internal_free=331907 stack_watermark=1848
I (73290) rlcd_dashboard: MOTION event=frame case=waiting-only tick_ms=72238 moving=1 draw_us=7135 transfer_us=12173 frame_us=19368 interval_us=40000 deadline_miss=0 internal_free=331907 stack_watermark=1848
I (73330) rlcd_dashboard: MOTION event=frame case=waiting-only tick_ms=72278 moving=1 draw_us=6880 transfer_us=12173 frame_us=19111 interval_us=40000 deadline_miss=0 internal_free=331907 stack_watermark=1848
I (73370) rlcd_dashboard: MOTION event=frame case=waiting-only tick_ms=72318 moving=1 draw_us=6750 transfer_us=12174 frame_us=18987 interval_us=40000 deadline_miss=0 internal_free=331907 stack_watermark=1848
I (73410) rlcd_dashboard: MOTION event=frame case=waiting-only tick_ms=72358 moving=1 draw_us=6730 transfer_us=12173 frame_us=18961 interval_us=40000 deadline_miss=0 internal_free=331907 stack_watermark=1848
I (73450) rlcd_dashboard: MOTION event=frame case=waiting-only tick_ms=72398 moving=0 draw_us=6225 transfer_us=12173 frame_us=18466 interval_us=0 deadline_miss=0 internal_free=331907 stack_watermark=1848
I (74090) rlcd_dashboard: MOTION event=frame case=waiting-only tick_ms=73038 moving=0 draw_us=6132 transfer_us=12167 frame_us=18304 interval_us=0 deadline_miss=0 internal_free=331907 stack_watermark=1848
I (75090) rlcd_dashboard: MOTION event=frame case=waiting-only tick_ms=74038 moving=0 draw_us=6144 transfer_us=12166 frame_us=18315 interval_us=0 deadline_miss=0 internal_free=331907 stack_watermark=1848
I (76090) rlcd_dashboard: MOTION event=frame case=waiting-only tick_ms=75038 moving=0 draw_us=6140 transfer_us=12167 frame_us=18312 interval_us=0 deadline_miss=0 internal_free=331907 stack_watermark=1848
I (77090) rlcd_dashboard: MOTION event=frame case=blocked-only tick_ms=76038 moving=0 draw_us=6310 transfer_us=12203 frame_us=19944 interval_us=0 deadline_miss=0 internal_free=331907 stack_watermark=1848
I (77100) rlcd_dashboard: MOTION event=phase phase=19 case=blocked-only tick_ms=76038 count=32 feed_health=0 visible=10 overflow=22 hidden_blocked=22
I (78090) rlcd_dashboard: MOTION event=frame case=blocked-only tick_ms=77038 moving=0 draw_us=6156 transfer_us=12167 frame_us=18328 interval_us=0 deadline_miss=0 internal_free=331907 stack_watermark=1848
I (79090) rlcd_dashboard: MOTION event=frame case=blocked-only tick_ms=78038 moving=0 draw_us=6160 transfer_us=12167 frame_us=18332 interval_us=0 deadline_miss=0 internal_free=331907 stack_watermark=1848
I (80090) rlcd_dashboard: MOTION event=frame case=blocked-only tick_ms=79038 moving=0 draw_us=6158 transfer_us=12167 frame_us=18330 interval_us=0 deadline_miss=0 internal_free=331907 stack_watermark=1848
I (81090) rlcd_dashboard: MOTION event=frame case=inactive-removal tick_ms=80038 moving=1 draw_us=6206 transfer_us=12204 frame_us=19932 interval_us=0 deadline_miss=0 internal_free=331907 stack_watermark=1848
I (81100) rlcd_dashboard: MOTION event=phase phase=20 case=inactive-removal tick_ms=80038 count=31 feed_health=0 visible=10 overflow=21 hidden_blocked=21
I (81130) rlcd_dashboard: MOTION event=frame case=inactive-removal tick_ms=80078 moving=1 draw_us=6848 transfer_us=12174 frame_us=19082 interval_us=40003 deadline_miss=0 internal_free=331907 stack_watermark=1848
I (81170) rlcd_dashboard: MOTION event=frame case=inactive-removal tick_ms=80118 moving=1 draw_us=6879 transfer_us=12174 frame_us=19114 interval_us=39998 deadline_miss=0 internal_free=331907 stack_watermark=1848
I (81210) rlcd_dashboard: MOTION event=frame case=inactive-removal tick_ms=80158 moving=1 draw_us=6930 transfer_us=12173 frame_us=19162 interval_us=40000 deadline_miss=0 internal_free=331907 stack_watermark=1848
I (81250) rlcd_dashboard: MOTION event=frame case=inactive-removal tick_ms=80198 moving=1 draw_us=6983 transfer_us=12173 frame_us=19217 interval_us=40000 deadline_miss=0 internal_free=331907 stack_watermark=1848
I (81290) rlcd_dashboard: MOTION event=frame case=inactive-removal tick_ms=80238 moving=1 draw_us=6950 transfer_us=12174 frame_us=19185 interval_us=40000 deadline_miss=0 internal_free=331907 stack_watermark=1848
I (81330) rlcd_dashboard: MOTION event=frame case=inactive-removal tick_ms=80278 moving=1 draw_us=6936 transfer_us=12173 frame_us=19170 interval_us=40000 deadline_miss=0 internal_free=331907 stack_watermark=1736
I (81370) rlcd_dashboard: MOTION event=frame case=inactive-removal tick_ms=80318 moving=1 draw_us=6842 transfer_us=12173 frame_us=19074 interval_us=40000 deadline_miss=0 internal_free=331907 stack_watermark=1736
I (81410) rlcd_dashboard: MOTION event=frame case=inactive-removal tick_ms=80358 moving=1 draw_us=6470 transfer_us=12173 frame_us=18704 interval_us=40000 deadline_miss=0 internal_free=331907 stack_watermark=1736
I (81450) rlcd_dashboard: MOTION event=frame case=inactive-removal tick_ms=80398 moving=0 draw_us=6198 transfer_us=12173 frame_us=18437 interval_us=0 deadline_miss=0 internal_free=331907 stack_watermark=1736
I (82090) rlcd_dashboard: MOTION event=frame case=inactive-removal tick_ms=81038 moving=0 draw_us=6176 transfer_us=12166 frame_us=18347 interval_us=0 deadline_miss=0 internal_free=331907 stack_watermark=1736
I (83090) rlcd_dashboard: MOTION event=frame case=inactive-removal tick_ms=82038 moving=0 draw_us=6180 transfer_us=12167 frame_us=18352 interval_us=0 deadline_miss=0 internal_free=331907 stack_watermark=1736
I (84090) rlcd_dashboard: MOTION event=frame case=inactive-removal tick_ms=83038 moving=0 draw_us=6129 transfer_us=12167 frame_us=18301 interval_us=0 deadline_miss=0 internal_free=331907 stack_watermark=1736
I (85090) rlcd_dashboard: MOTION event=frame case=readmission tick_ms=84038 moving=1 draw_us=6285 transfer_us=12203 frame_us=19952 interval_us=0 deadline_miss=0 internal_free=331907 stack_watermark=1736
I (85100) rlcd_dashboard: MOTION event=phase phase=21 case=readmission tick_ms=84038 count=32 feed_health=0 visible=10 overflow=22 hidden_blocked=21
I (85130) rlcd_dashboard: MOTION event=frame case=readmission tick_ms=84078 moving=1 draw_us=6225 transfer_us=12174 frame_us=18461 interval_us=40003 deadline_miss=0 internal_free=331907 stack_watermark=1736
I (85170) rlcd_dashboard: MOTION event=frame case=readmission tick_ms=84118 moving=1 draw_us=6213 transfer_us=12174 frame_us=18448 interval_us=39998 deadline_miss=0 internal_free=331907 stack_watermark=1736
I (85210) rlcd_dashboard: MOTION event=frame case=readmission tick_ms=84158 moving=1 draw_us=6217 transfer_us=12174 frame_us=18451 interval_us=40000 deadline_miss=0 internal_free=331907 stack_watermark=1736
I (85250) rlcd_dashboard: MOTION event=frame case=readmission tick_ms=84198 moving=1 draw_us=6214 transfer_us=12173 frame_us=18445 interval_us=40000 deadline_miss=0 internal_free=331907 stack_watermark=1736
I (85290) rlcd_dashboard: MOTION event=frame case=readmission tick_ms=84238 moving=1 draw_us=6219 transfer_us=12173 frame_us=18452 interval_us=40000 deadline_miss=0 internal_free=331907 stack_watermark=1736
I (85330) rlcd_dashboard: MOTION event=frame case=readmission tick_ms=84278 moving=1 draw_us=6216 transfer_us=12173 frame_us=18447 interval_us=40000 deadline_miss=0 internal_free=331907 stack_watermark=1736
I (85370) rlcd_dashboard: MOTION event=frame case=readmission tick_ms=84318 moving=1 draw_us=6217 transfer_us=12173 frame_us=18453 interval_us=40000 deadline_miss=0 internal_free=331907 stack_watermark=1736
I (85410) rlcd_dashboard: MOTION event=frame case=readmission tick_ms=84358 moving=1 draw_us=6214 transfer_us=12173 frame_us=18445 interval_us=40000 deadline_miss=0 internal_free=331907 stack_watermark=1736
I (85450) rlcd_dashboard: MOTION event=frame case=readmission tick_ms=84398 moving=0 draw_us=6217 transfer_us=12173 frame_us=18458 interval_us=0 deadline_miss=0 internal_free=331907 stack_watermark=1736
I (86090) rlcd_dashboard: MOTION event=frame case=readmission tick_ms=85038 moving=0 draw_us=6187 transfer_us=12167 frame_us=18359 interval_us=0 deadline_miss=0 internal_free=331907 stack_watermark=1736
I (87090) rlcd_dashboard: MOTION event=frame case=readmission tick_ms=86038 moving=0 draw_us=6219 transfer_us=12167 frame_us=18391 interval_us=0 deadline_miss=0 internal_free=331907 stack_watermark=1736
I (88090) rlcd_dashboard: MOTION event=frame case=readmission tick_ms=87038 moving=0 draw_us=6150 transfer_us=12167 frame_us=18322 interval_us=0 deadline_miss=0 internal_free=331907 stack_watermark=1736
I (89090) rlcd_dashboard: MOTION event=frame case=empty-roster tick_ms=88038 moving=1 draw_us=5170 transfer_us=12194 frame_us=17497 interval_us=0 deadline_miss=0 internal_free=331907 stack_watermark=1736
I (89090) rlcd_dashboard: MOTION event=phase phase=22 case=empty-roster tick_ms=88038 count=0 feed_health=0 visible=0 overflow=0 hidden_blocked=0
I (89130) rlcd_dashboard: MOTION event=frame case=empty-roster tick_ms=88078 moving=1 draw_us=5265 transfer_us=12170 frame_us=17479 interval_us=40003 deadline_miss=0 internal_free=331907 stack_watermark=1736
I (89170) rlcd_dashboard: MOTION event=frame case=empty-roster tick_ms=88118 moving=1 draw_us=5227 transfer_us=12167 frame_us=17441 interval_us=39998 deadline_miss=0 internal_free=331907 stack_watermark=1736
I (89210) rlcd_dashboard: MOTION event=frame case=empty-roster tick_ms=88158 moving=1 draw_us=5215 transfer_us=12170 frame_us=17427 interval_us=40000 deadline_miss=0 internal_free=331907 stack_watermark=1736
I (89250) rlcd_dashboard: MOTION event=frame case=empty-roster tick_ms=88198 moving=1 draw_us=5174 transfer_us=12167 frame_us=17388 interval_us=40000 deadline_miss=0 internal_free=331907 stack_watermark=1736
I (89290) rlcd_dashboard: MOTION event=frame case=empty-roster tick_ms=88238 moving=1 draw_us=5047 transfer_us=12170 frame_us=17259 interval_us=40000 deadline_miss=0 internal_free=331907 stack_watermark=1736
I (89330) rlcd_dashboard: MOTION event=frame case=empty-roster tick_ms=88278 moving=1 draw_us=4803 transfer_us=12167 frame_us=17017 interval_us=40000 deadline_miss=0 internal_free=331907 stack_watermark=1736
I (89370) rlcd_dashboard: MOTION event=frame case=empty-roster tick_ms=88318 moving=1 draw_us=4184 transfer_us=12168 frame_us=16394 interval_us=40000 deadline_miss=0 internal_free=331907 stack_watermark=1736
I (89410) rlcd_dashboard: MOTION event=frame case=empty-roster tick_ms=88358 moving=1 draw_us=3380 transfer_us=12165 frame_us=15592 interval_us=40000 deadline_miss=0 internal_free=331907 stack_watermark=1736
I (89450) rlcd_dashboard: MOTION event=frame case=empty-roster tick_ms=88398 moving=0 draw_us=1704 transfer_us=12167 frame_us=13924 interval_us=0 deadline_miss=0 internal_free=331907 stack_watermark=1736
I (90090) rlcd_dashboard: MOTION event=frame case=empty-roster tick_ms=89038 moving=0 draw_us=1699 transfer_us=12161 frame_us=13865 interval_us=0 deadline_miss=0 internal_free=331907 stack_watermark=1736
I (91090) rlcd_dashboard: MOTION event=frame case=empty-roster tick_ms=90038 moving=0 draw_us=1687 transfer_us=12161 frame_us=13853 interval_us=0 deadline_miss=0 internal_free=331907 stack_watermark=1736
I (92090) rlcd_dashboard: MOTION event=frame case=empty-roster tick_ms=91038 moving=0 draw_us=1687 transfer_us=12161 frame_us=13853 interval_us=0 deadline_miss=0 internal_free=331907 stack_watermark=1736
I (93090) rlcd_dashboard: MOTION event=frame case=initial-order tick_ms=92038 moving=1 draw_us=1600 transfer_us=12203 frame_us=14209 interval_us=0 deadline_miss=0 internal_free=331907 stack_watermark=1736
I (93090) rlcd_dashboard: MOTION event=cycle cycle=1
I (93090) rlcd_dashboard: MOTION event=phase phase=0 case=initial-order tick_ms=92038 count=8 feed_health=0 visible=8 overflow=0 hidden_blocked=0
I (93130) rlcd_dashboard: MOTION event=frame case=initial-order tick_ms=92078 moving=1 draw_us=5189 transfer_us=12178 frame_us=17425 interval_us=40003 deadline_miss=0 internal_free=331907 stack_watermark=1736
I (93170) rlcd_dashboard: MOTION event=frame case=initial-order tick_ms=92118 moving=1 draw_us=5133 transfer_us=12174 frame_us=17361 interval_us=39998 deadline_miss=0 internal_free=331907 stack_watermark=1736
I (93210) rlcd_dashboard: MOTION event=frame case=initial-order tick_ms=92158 moving=1 draw_us=5148 transfer_us=12174 frame_us=17379 interval_us=40000 deadline_miss=0 internal_free=331907 stack_watermark=1736
I (93250) rlcd_dashboard: MOTION event=frame case=initial-order tick_ms=92198 moving=1 draw_us=5094 transfer_us=12173 frame_us=17321 interval_us=40000 deadline_miss=0 internal_free=331907 stack_watermark=1736
I (93290) rlcd_dashboard: MOTION event=frame case=initial-order tick_ms=92238 moving=1 draw_us=5128 transfer_us=12173 frame_us=17355 interval_us=40000 deadline_miss=0 internal_free=331907 stack_watermark=1736
I (93330) rlcd_dashboard: MOTION event=frame case=initial-order tick_ms=92278 moving=1 draw_us=5156 transfer_us=12173 frame_us=17383 interval_us=40000 deadline_miss=0 internal_free=331907 stack_watermark=1736
I (93370) rlcd_dashboard: MOTION event=frame case=initial-order tick_ms=92318 moving=1 draw_us=5143 transfer_us=12174 frame_us=17371 interval_us=40000 deadline_miss=0 internal_free=331907 stack_watermark=1736
I (93410) rlcd_dashboard: MOTION event=frame case=initial-order tick_ms=92358 moving=1 draw_us=5176 transfer_us=12173 frame_us=17406 interval_us=40000 deadline_miss=0 internal_free=331907 stack_watermark=1736
I (93450) rlcd_dashboard: MOTION event=frame case=initial-order tick_ms=92398 moving=0 draw_us=5061 transfer_us=12173 frame_us=17297 interval_us=0 deadline_miss=0 internal_free=331907 stack_watermark=1736
I (94090) rlcd_dashboard: MOTION event=frame case=initial-order tick_ms=93038 moving=0 draw_us=5040 transfer_us=12167 frame_us=17212 interval_us=0 deadline_miss=0 internal_free=331907 stack_watermark=1736
I (95090) rlcd_dashboard: MOTION event=frame case=initial-order tick_ms=94038 moving=0 draw_us=5037 transfer_us=12166 frame_us=17208 interval_us=0 deadline_miss=0 internal_free=331907 stack_watermark=1736
I (96090) rlcd_dashboard: MOTION event=frame case=initial-order tick_ms=95038 moving=0 draw_us=5044 transfer_us=12166 frame_us=17215 interval_us=0 deadline_miss=0 internal_free=331907 stack_watermark=1736
I (97090) rlcd_dashboard: MOTION event=frame case=answered-wait-to-run tick_ms=96038 moving=1 draw_us=5150 transfer_us=12203 frame_us=17664 interval_us=0 deadline_miss=0 internal_free=331907 stack_watermark=1736
I (97090) rlcd_dashboard: MOTION event=phase phase=1 case=answered-wait-to-run tick_ms=96038 count=8 feed_health=0 visible=8 overflow=0 hidden_blocked=0
I (97130) rlcd_dashboard: MOTION event=frame case=answered-wait-to-run tick_ms=96078 moving=1 draw_us=5231 transfer_us=12175 frame_us=17466 interval_us=40003 deadline_miss=0 internal_free=331907 stack_watermark=1736
I (97170) rlcd_dashboard: MOTION event=frame case=answered-wait-to-run tick_ms=96118 moving=1 draw_us=5216 transfer_us=12173 frame_us=17443 interval_us=39998 deadline_miss=0 internal_free=331907 stack_watermark=1736
I (97210) rlcd_dashboard: MOTION event=frame case=answered-wait-to-run tick_ms=96158 moving=1 draw_us=5221 transfer_us=12174 frame_us=17451 interval_us=40000 deadline_miss=0 internal_free=331907 stack_watermark=1736
I (97250) rlcd_dashboard: MOTION event=frame case=answered-wait-to-run tick_ms=96198 moving=1 draw_us=5220 transfer_us=12173 frame_us=17447 interval_us=40000 deadline_miss=0 internal_free=331907 stack_watermark=1736
I (97290) rlcd_dashboard: MOTION event=frame case=answered-wait-to-run tick_ms=96238 moving=1 draw_us=5204 transfer_us=12174 frame_us=17437 interval_us=40000 deadline_miss=0 internal_free=331907 stack_watermark=1736
I (97330) rlcd_dashboard: MOTION event=frame case=answered-wait-to-run tick_ms=96278 moving=1 draw_us=5217 transfer_us=12173 frame_us=17444 interval_us=40000 deadline_miss=0 internal_free=331907 stack_watermark=1736
I (97370) rlcd_dashboard: MOTION event=frame case=answered-wait-to-run tick_ms=96318 moving=1 draw_us=5206 transfer_us=12173 frame_us=17435 interval_us=40000 deadline_miss=0 internal_free=331907 stack_watermark=1736
I (97410) rlcd_dashboard: MOTION event=frame case=answered-wait-to-run tick_ms=96358 moving=1 draw_us=5080 transfer_us=12174 frame_us=17308 interval_us=40000 deadline_miss=0 internal_free=331907 stack_watermark=1736
I (97450) rlcd_dashboard: MOTION event=frame case=answered-wait-to-run tick_ms=96398 moving=0 draw_us=5083 transfer_us=12173 frame_us=17321 interval_us=0 deadline_miss=0 internal_free=331907 stack_watermark=1736
I (98090) rlcd_dashboard: MOTION event=frame case=answered-wait-to-run tick_ms=97038 moving=0 draw_us=5045 transfer_us=12167 frame_us=17217 interval_us=0 deadline_miss=0 internal_free=331907 stack_watermark=1736
I (99090) rlcd_dashboard: MOTION event=frame case=answered-wait-to-run tick_ms=98038 moving=0 draw_us=5049 transfer_us=12166 frame_us=17220 interval_us=0 deadline_miss=0 internal_free=331907 stack_watermark=1736
I (100090) rlcd_dashboard: MOTION event=frame case=answered-wait-to-run tick_ms=99038 moving=0 draw_us=5046 transfer_us=12167 frame_us=17218 interval_us=0 deadline_miss=0 internal_free=331907 stack_watermark=1736
I (101090) rlcd_dashboard: MOTION event=frame case=idle-to-run tick_ms=100038 moving=1 draw_us=5147 transfer_us=12204 frame_us=17660 interval_us=0 deadline_miss=0 internal_free=331907 stack_watermark=1736
I (101090) rlcd_dashboard: MOTION event=phase phase=2 case=idle-to-run tick_ms=100038 count=8 feed_health=0 visible=8 overflow=0 hidden_blocked=0
I (101130) rlcd_dashboard: MOTION event=frame case=idle-to-run tick_ms=100078 moving=1 draw_us=5162 transfer_us=12173 frame_us=17391 interval_us=40003 deadline_miss=0 internal_free=331907 stack_watermark=1736
I (101170) rlcd_dashboard: MOTION event=frame case=idle-to-run tick_ms=100118 moving=1 draw_us=5154 transfer_us=12173 frame_us=17386 interval_us=39998 deadline_miss=0 internal_free=331907 stack_watermark=1736
I (101210) rlcd_dashboard: MOTION event=frame case=idle-to-run tick_ms=100158 moving=1 draw_us=5151 transfer_us=12173 frame_us=17378 interval_us=40000 deadline_miss=0 internal_free=331907 stack_watermark=1736
I (101250) rlcd_dashboard: MOTION event=frame case=idle-to-run tick_ms=100198 moving=1 draw_us=5154 transfer_us=12173 frame_us=17383 interval_us=40000 deadline_miss=0 internal_free=331907 stack_watermark=1736
I (101290) rlcd_dashboard: MOTION event=frame case=idle-to-run tick_ms=100238 moving=1 draw_us=5145 transfer_us=12173 frame_us=17372 interval_us=40000 deadline_miss=0 internal_free=331907 stack_watermark=1736
I (101330) rlcd_dashboard: MOTION event=frame case=idle-to-run tick_ms=100278 moving=1 draw_us=5156 transfer_us=12173 frame_us=17385 interval_us=40000 deadline_miss=0 internal_free=331907 stack_watermark=1736
I (101370) rlcd_dashboard: MOTION event=frame case=idle-to-run tick_ms=100318 moving=1 draw_us=5143 transfer_us=12174 frame_us=17374 interval_us=40000 deadline_miss=0 internal_free=331907 stack_watermark=1736
I (101410) rlcd_dashboard: MOTION event=frame case=idle-to-run tick_ms=100358 moving=1 draw_us=5081 transfer_us=12173 frame_us=17310 interval_us=40000 deadline_miss=0 internal_free=331907 stack_watermark=1736
I (101450) rlcd_dashboard: MOTION event=frame case=idle-to-run tick_ms=100398 moving=0 draw_us=5076 transfer_us=12173 frame_us=17312 interval_us=0 deadline_miss=0 internal_free=331907 stack_watermark=1736
I (102090) rlcd_dashboard: MOTION event=frame case=idle-to-run tick_ms=101038 moving=0 draw_us=5043 transfer_us=12166 frame_us=17214 interval_us=0 deadline_miss=0 internal_free=331907 stack_watermark=1736
I (103090) rlcd_dashboard: MOTION event=frame case=idle-to-run tick_ms=102038 moving=0 draw_us=5042 transfer_us=12167 frame_us=17214 interval_us=0 deadline_miss=0 internal_free=331907 stack_watermark=1736
I (104090) rlcd_dashboard: MOTION event=frame case=idle-to-run tick_ms=103038 moving=0 draw_us=5040 transfer_us=12167 frame_us=17212 interval_us=0 deadline_miss=0 internal_free=331907 stack_watermark=1736
I (105090) rlcd_dashboard: MOTION event=frame case=run-to-wait tick_ms=104038 moving=1 draw_us=5144 transfer_us=12203 frame_us=17658 interval_us=0 deadline_miss=0 internal_free=331907 stack_watermark=1736
I (105090) rlcd_dashboard: MOTION event=phase phase=3 case=run-to-wait tick_ms=104038 count=8 feed_health=0 visible=8 overflow=0 hidden_blocked=0
I (105130) rlcd_dashboard: MOTION event=frame case=run-to-wait tick_ms=104078 moving=1 draw_us=5151 transfer_us=12175 frame_us=17386 interval_us=40003 deadline_miss=0 internal_free=331907 stack_watermark=1736
I (105170) rlcd_dashboard: MOTION event=frame case=run-to-wait tick_ms=104118 moving=1 draw_us=5169 transfer_us=12174 frame_us=17397 interval_us=39998 deadline_miss=0 internal_free=331907 stack_watermark=1736
I (105210) rlcd_dashboard: MOTION event=frame case=run-to-wait tick_ms=104158 moving=1 draw_us=5173 transfer_us=12173 frame_us=17402 interval_us=40000 deadline_miss=0 internal_free=331907 stack_watermark=1736
I (105250) rlcd_dashboard: MOTION event=frame case=run-to-wait tick_ms=104198 moving=1 draw_us=5166 transfer_us=12173 frame_us=17396 interval_us=40000 deadline_miss=0 internal_free=331907 stack_watermark=1736
I (105290) rlcd_dashboard: MOTION event=frame case=run-to-wait tick_ms=104238 moving=1 draw_us=5178 transfer_us=12173 frame_us=17407 interval_us=40000 deadline_miss=0 internal_free=331907 stack_watermark=1736
I (105330) rlcd_dashboard: MOTION event=frame case=run-to-wait tick_ms=104278 moving=1 draw_us=5168 transfer_us=12173 frame_us=17395 interval_us=40000 deadline_miss=0 internal_free=331907 stack_watermark=1736
I (105370) rlcd_dashboard: MOTION event=frame case=run-to-wait tick_ms=104318 moving=1 draw_us=5151 transfer_us=12173 frame_us=17380 interval_us=40000 deadline_miss=0 internal_free=331907 stack_watermark=1736
I (105410) rlcd_dashboard: MOTION event=frame case=run-to-wait tick_ms=104358 moving=1 draw_us=5103 transfer_us=12173 frame_us=17330 interval_us=40000 deadline_miss=0 internal_free=331907 stack_watermark=1736
I (105450) rlcd_dashboard: MOTION event=frame case=run-to-wait tick_ms=104398 moving=0 draw_us=5075 transfer_us=12173 frame_us=17315 interval_us=0 deadline_miss=0 internal_free=331907 stack_watermark=1736
I (106090) rlcd_dashboard: MOTION event=frame case=run-to-wait tick_ms=105038 moving=0 draw_us=5043 transfer_us=12167 frame_us=17215 interval_us=0 deadline_miss=0 internal_free=331907 stack_watermark=1736
I (107090) rlcd_dashboard: MOTION event=frame case=run-to-wait tick_ms=106038 moving=0 draw_us=5047 transfer_us=12167 frame_us=17219 interval_us=0 deadline_miss=0 internal_free=331907 stack_watermark=1736
I (108090) rlcd_dashboard: MOTION event=frame case=run-to-wait tick_ms=107038 moving=0 draw_us=5031 transfer_us=12167 frame_us=17203 interval_us=0 deadline_miss=0 internal_free=331907 stack_watermark=1736
I (109090) rlcd_dashboard: MOTION event=frame case=run-to-idle tick_ms=108038 moving=1 draw_us=5147 transfer_us=12203 frame_us=17665 interval_us=0 deadline_miss=0 internal_free=331907 stack_watermark=1736
I (109090) rlcd_dashboard: MOTION event=phase phase=4 case=run-to-idle tick_ms=108038 count=8 feed_health=0 visible=8 overflow=0 hidden_blocked=0
I (109130) rlcd_dashboard: MOTION event=frame case=run-to-idle tick_ms=108078 moving=1 draw_us=5118 transfer_us=12175 frame_us=17351 interval_us=40003 deadline_miss=0 internal_free=331907 stack_watermark=1736
I (109170) rlcd_dashboard: MOTION event=frame case=run-to-idle tick_ms=108118 moving=1 draw_us=5117 transfer_us=12173 frame_us=17346 interval_us=39998 deadline_miss=0 internal_free=331907 stack_watermark=1736
I (109210) rlcd_dashboard: MOTION event=frame case=run-to-idle tick_ms=108158 moving=1 draw_us=5110 transfer_us=12173 frame_us=17337 interval_us=40000 deadline_miss=0 internal_free=331907 stack_watermark=1736
I (109250) rlcd_dashboard: MOTION event=frame case=run-to-idle tick_ms=108198 moving=1 draw_us=5077 transfer_us=12173 frame_us=17306 interval_us=40000 deadline_miss=0 internal_free=331907 stack_watermark=1736
I (109290) rlcd_dashboard: MOTION event=frame case=run-to-idle tick_ms=108238 moving=1 draw_us=5074 transfer_us=12174 frame_us=17305 interval_us=40000 deadline_miss=0 internal_free=331907 stack_watermark=1736
I (109330) rlcd_dashboard: MOTION event=frame case=run-to-idle tick_ms=108278 moving=1 draw_us=5111 transfer_us=12174 frame_us=17341 interval_us=40000 deadline_miss=0 internal_free=331907 stack_watermark=1736
I (109370) rlcd_dashboard: MOTION event=frame case=run-to-idle tick_ms=108318 moving=1 draw_us=5108 transfer_us=12173 frame_us=17335 interval_us=40000 deadline_miss=0 internal_free=331907 stack_watermark=1736
I (109410) rlcd_dashboard: MOTION event=frame case=run-to-idle tick_ms=108358 moving=1 draw_us=5076 transfer_us=12173 frame_us=17305 interval_us=40000 deadline_miss=0 internal_free=331907 stack_watermark=1736
I (109450) rlcd_dashboard: MOTION event=frame case=run-to-idle tick_ms=108398 moving=0 draw_us=5072 transfer_us=12174 frame_us=17309 interval_us=0 deadline_miss=0 internal_free=331907 stack_watermark=1736
I (110090) rlcd_dashboard: MOTION event=frame case=run-to-idle tick_ms=109038 moving=0 draw_us=5042 transfer_us=12166 frame_us=17213 interval_us=0 deadline_miss=0 internal_free=331907 stack_watermark=1736
