[112/123] Linking C static library esp-idf/bootloader_support/libbootloader_support.a
[113/123] Linking C static library esp-idf/esp_bootloader_format/libesp_bootloader_format.a
[114/123] Linking C static library esp-idf/spi_flash/libspi_flash.a
[115/123] Linking C static library esp-idf/hal/libhal.a
[116/123] Building C object esp-idf/micro-ecc/CMakeFiles/__idf_micro-ecc.dir/uECC_verify_antifault.c.obj
[117/123] Linking C static library esp-idf/micro-ecc/libmicro-ecc.a
[118/123] Linking C static library esp-idf/soc/libsoc.a
[119/123] Linking C static library esp-idf/xtensa/libxtensa.a
[120/123] Linking C static library esp-idf/main/libmain.a
[121/123] Linking C executable bootloader.elf
[122/123] Generating binary image from built executable
esptool.py v4.12.0
Creating esp32s3 image...
Merged 2 ELF sections
Successfully created esp32s3 image.
Generated /tmp/rlcd-bootstrap-fdp1f8h5/clean-checkout/build/bootloader/bootloader.bin
[123/123] cd /tmp/rlcd-bootstrap-fdp1f8h5/clean-checkout/build/bootloader/esp-idf/esptool_py && /tmp/rlcd-bootstrap-fdp1f8h5/isolated/tools/python/v5.5.3/venv/bin/python /tmp/rlcd-bootstrap-fdp1f8h5/isolated/v5.5.3/esp-idf/components/partition_table/check_sizes.py --offset 0x8000 bootloader 0x0 /tmp/rlcd-bootstrap-fdp1f8h5/clean-checkout/build/bootloader/bootloader.bin
Bootloader binary size 0x5160 bytes. 0x2ea0 bytes (36%) free.
[1075/1081] No install step for 'bootloader'
[1076/1081] Completed 'bootloader'
[1077/1081] Generating esp-idf/esp_system/ld/sections.ld
[1078/1081] Building C object CMakeFiles/rlcd-bringup.elf.dir/project_elf_src_esp32s3.c.obj
[1079/1081] Linking CXX executable rlcd-bringup.elf
[1080/1081] Generating binary image from built executable
esptool.py v4.12.0
Creating esp32s3 image...
Merged 2 ELF sections
Successfully created esp32s3 image.
Generated /tmp/rlcd-bootstrap-fdp1f8h5/clean-checkout/build/rlcd-bringup.bin
[1081/1081] cd /tmp/rlcd-bootstrap-fdp1f8h5/clean-checkout/build/esp-idf/esptool_py && /tmp/rlcd-bootstrap-fdp1f8h5/isolated/tools/python/v5.5.3/venv/bin/python /tmp/rlcd-bootstrap-fdp1f8h5/isolated/v5.5.3/esp-idf/components/partition_table/check_sizes.py --offset 0x8000 partition --type app /tmp/rlcd-bootstrap-fdp1f8h5/clean-checkout/build/partition_table/partition-table.bin /tmp/rlcd-bootstrap-fdp1f8h5/clean-checkout/build/rlcd-bringup.bin
rlcd-bringup.bin binary size 0x3bed0 bytes. Smallest app partition is 0x100000 bytes. 0xc4130 bytes (77%) free.

Project build complete. To flash, run:
 idf.py flash
or
 idf.py -p PORT flash
or
 python -m esptool --chip esp32s3 -b 460800 --before default_reset --after hard_reset write_flash --flash_mode dio --flash_size 16MB --flash_freq 80m 0x0 build/bootloader/bootloader.bin 0x8000 build/partition_table/partition-table.bin 0x10000 build/rlcd-bringup.bin
or from the "/tmp/rlcd-bootstrap-fdp1f8h5/clean-checkout/build" directory
 python -m esptool --chip esp32s3 -b 460800 --before default_reset --after hard_reset write_flash "@flash_args"
