ESP-ROM:esp32s3-20210327
Build:Mar 27 2021
rst:0x15 (USB_UART_CHIP_RESET),boot:0x8 (SPI_FAST_FLASH_BOOT)
Saved PC:0x40379286
SPIWP:0xee
mode:DIO, clock div:1
load:0x3fce2820,len:0x152c
load:0x403c8700,len:0xce4
load:0x403cb700,len:0x2efc
entry 0x403c8920
I (24) boot: ESP-IDF v5.5.3 2nd stage bootloader
I (24) boot: compile time Oct  5 2026 11:26:50
I (25) boot: Multicore bootloader
I (25) boot: chip revision: v0.2
I (25) boot: efuse block revision: v1.4
I (25) boot.esp32s3: Boot SPI Speed : 80MHz
I (25) boot.esp32s3: SPI Mode       : DIO
I (26) boot.esp32s3: SPI Flash Size : 16MB
I (26) boot: Enabling RNG early entropy source...
I (26) boot: Partition Table:
I (26) boot: ## Label            Usage          Type ST Offset   Length
I (27) boot:  0 nvs              WiFi data        01 02 00009000 00006000
I (27) boot:  1 phy_init         RF data          01 01 0000f000 00001000
I (27) boot:  2 factory          factory app      00 00 00010000 00100000
I (28) boot: End of partition table
I (28) esp_image: segment 0: paddr=00010020 vaddr=3c020020 size=0cf44h ( 53060) map
I (38) esp_image: segment 1: paddr=0001cf6c vaddr=3fc96300 size=030ach ( 12460) load
I (41) esp_image: segment 2: paddr=00020020 vaddr=42000020 size=1cb10h (117520) map
I (62) esp_image: segment 3: paddr=0003cb38 vaddr=3fc993ac size=00580h (  1408) load
I (63) esp_image: segment 4: paddr=0003d0c0 vaddr=40374000 size=12280h ( 74368) load
I (79) esp_image: segment 5: paddr=0004f348 vaddr=50000000 size=00020h (    32) load
I (87) boot: Loaded app from partition at offset 0x10000
I (87) boot: Disabling RNG early entropy source...
I (88) octal_psram: vendor id    : 0x0d (AP)
I (88) octal_psram: dev id       : 0x02 (generation 3)
I (88) octal_psram: density      : 0x03 (64 Mbit)
I (88) octal_psram: good-die     : 0x01 (Pass)
I (88) octal_psram: Latency      : 0x01 (Fixed)
I (89) octal_psram: VCC          : 0x01 (3V)
I (89) octal_psram: SRF          : 0x01 (Fast Refresh)
I (89) octal_psram: BurstType    : 0x01 (Hybrid Wrap)
I (89) octal_psram: BurstLen     : 0x01 (32 Byte)
I (90) octal_psram: Readlatency  : 0x02 (10 cycles@Fixed)
I (90) octal_psram: DriveStrength: 0x00 (1/1)
I (90) MSPI Timing: Enter psram timing tuning
I (91) esp_psram: Found 8MB PSRAM device
I (91) esp_psram: Speed: 80MHz
I (91) cpu_start: Multicore app
I (518) esp_psram: SPI SRAM memory test OK
I (526) cpu_start: Pro cpu start user code
I (526) cpu_start: cpu freq: 240000000 Hz
I (527) app_init: Application information:
I (527) app_init: Project name:     rlcd-dashboard
I (527) app_init: App version:      06c74f6
I (527) app_init: Compile time:     Oct  5 2026 11:26:46
I (527) app_init: ELF file SHA256:  f606a8edc...
I (527) app_init: ESP-IDF:          v5.5.3
I (527) efuse_init: Min chip rev:     v0.0
I (528) efuse_init: Max chip rev:     v0.99
I (528) efuse_init: Chip rev:         v0.2
I (528) heap_init: Initializing. RAM available for dynamic allocation:
I (528) heap_init: At 3FC9CC38 len 0004CAD8 (306 KiB): RAM
I (528) heap_init: At 3FCE9710 len 00005724 (21 KiB): RAM
I (528) heap_init: At 3FCF0000 len 00008000 (32 KiB): DRAM
I (529) heap_init: At 600FE000 len 00001FE8 (7 KiB): RTCRAM
I (529) esp_psram: Adding pool of 8192K of PSRAM memory to heap allocator
I (530) spi_flash: detected chip: generic
I (530) spi_flash: flash io: dio
I (530) sleep_gpio: Configure to isolate all GPIO pins in sleep state
I (531) sleep_gpio: Enable automatic switching of GPIO sleep configuration
I (531) main_task: Started on CPU0
I (541) esp_psram: Reserving pool of 32K of internal memory for DMA/internal allocations
I (541) main_task: Calling app_main()
I (861) rlcd_panel: Initialized: SPI3 10 MHz, 400x300, 15000-byte framebuffer
I (861) rlcd_dashboard: MOTION event=config phases=23 cycle_ms=92000 fps=25 duration_ms=360 frame_budget_us=40000 capacity=16 model_bytes=10640 visible_policy=height_prefix full_row_px=26 working_row_px=18 normal_text_px=12 working_text_px=8
I (881) rlcd_dashboard: MOTION event=frame case=initial-order tick_ms=0 moving=0 draw_us=5747 transfer_us=12229 frame_us=18387 interval_us=0 deadline_miss=0 internal_free=342835 stack_watermark=1864
I (881) rlcd_dashboard: MOTION event=phase phase=0 case=initial-order tick_ms=0 count=8 feed_health=0 visible=8 overflow=0 hidden_blocked=0
I (1911) rlcd_dashboard: MOTION event=frame case=initial-order tick_ms=1039 moving=0 draw_us=5445 transfer_us=12196 frame_us=17646 interval_us=0 deadline_miss=0 internal_free=342835 stack_watermark=1864
I (2911) rlcd_dashboard: MOTION event=frame case=initial-order tick_ms=2039 moving=0 draw_us=5445 transfer_us=12195 frame_us=17645 interval_us=0 deadline_miss=0 internal_free=342835 stack_watermark=1864
I (3911) rlcd_dashboard: MOTION event=frame case=initial-order tick_ms=3039 moving=0 draw_us=5446 transfer_us=12194 frame_us=17645 interval_us=0 deadline_miss=0 internal_free=342835 stack_watermark=1864
I (4911) rlcd_dashboard: MOTION event=frame case=answered-wait-to-run tick_ms=4039 moving=1 draw_us=5098 transfer_us=12203 frame_us=17600 interval_us=0 deadline_miss=0 internal_free=342835 stack_watermark=1864
I (4911) rlcd_dashboard: MOTION event=phase phase=1 case=answered-wait-to-run tick_ms=4039 count=8 feed_health=0 visible=8 overflow=0 hidden_blocked=0
I (4951) rlcd_dashboard: MOTION event=frame case=answered-wait-to-run tick_ms=4079 moving=1 draw_us=5023 transfer_us=12201 frame_us=17275 interval_us=40002 deadline_miss=0 internal_free=342835 stack_watermark=1864
I (4991) rlcd_dashboard: MOTION event=frame case=answered-wait-to-run tick_ms=4119 moving=1 draw_us=5026 transfer_us=12199 frame_us=17276 interval_us=40000 deadline_miss=0 internal_free=342835 stack_watermark=1864
I (5031) rlcd_dashboard: MOTION event=frame case=answered-wait-to-run tick_ms=4159 moving=1 draw_us=5012 transfer_us=12198 frame_us=17270 interval_us=40000 deadline_miss=0 internal_free=342835 stack_watermark=1864
I (5071) rlcd_dashboard: MOTION event=frame case=answered-wait-to-run tick_ms=4199 moving=1 draw_us=5029 transfer_us=12199 frame_us=17281 interval_us=40000 deadline_miss=0 internal_free=342835 stack_watermark=1864
I (5111) rlcd_dashboard: MOTION event=frame case=answered-wait-to-run tick_ms=4239 moving=1 draw_us=5016 transfer_us=12197 frame_us=17268 interval_us=40000 deadline_miss=0 internal_free=342835 stack_watermark=1864
I (5151) rlcd_dashboard: MOTION event=frame case=answered-wait-to-run tick_ms=4279 moving=1 draw_us=5033 transfer_us=12200 frame_us=17288 interval_us=40000 deadline_miss=0 internal_free=342835 stack_watermark=1864
I (5191) rlcd_dashboard: MOTION event=frame case=answered-wait-to-run tick_ms=4319 moving=1 draw_us=5019 transfer_us=12197 frame_us=17273 interval_us=40000 deadline_miss=0 internal_free=342835 stack_watermark=1864
I (5231) rlcd_dashboard: MOTION event=frame case=answered-wait-to-run tick_ms=4359 moving=1 draw_us=5026 transfer_us=12199 frame_us=17276 interval_us=40000 deadline_miss=0 internal_free=342835 stack_watermark=1864
I (5271) rlcd_dashboard: MOTION event=frame case=answered-wait-to-run tick_ms=4399 moving=0 draw_us=5003 transfer_us=12199 frame_us=17269 interval_us=0 deadline_miss=0 internal_free=342835 stack_watermark=1864
I (5911) rlcd_dashboard: MOTION event=frame case=answered-wait-to-run tick_ms=5039 moving=0 draw_us=5011 transfer_us=12198 frame_us=17214 interval_us=0 deadline_miss=0 internal_free=342835 stack_watermark=1864
I (6911) rlcd_dashboard: MOTION event=frame case=answered-wait-to-run tick_ms=6039 moving=0 draw_us=4993 transfer_us=12197 frame_us=17195 interval_us=0 deadline_miss=0 internal_free=342835 stack_watermark=1864
I (7911) rlcd_dashboard: MOTION event=frame case=answered-wait-to-run tick_ms=7039 moving=0 draw_us=5002 transfer_us=12194 frame_us=17201 interval_us=0 deadline_miss=0 internal_free=342835 stack_watermark=1864
I (8911) rlcd_dashboard: MOTION event=frame case=idle-to-run tick_ms=8039 moving=1 draw_us=4963 transfer_us=12209 frame_us=17479 interval_us=0 deadline_miss=0 internal_free=342835 stack_watermark=1864
I (8911) rlcd_dashboard: MOTION event=phase phase=2 case=idle-to-run tick_ms=8039 count=8 feed_health=0 visible=8 overflow=0 hidden_blocked=0
I (8951) rlcd_dashboard: MOTION event=frame case=idle-to-run tick_ms=8079 moving=1 draw_us=4848 transfer_us=12202 frame_us=17110 interval_us=40002 deadline_miss=0 internal_free=342835 stack_watermark=1864
I (8991) rlcd_dashboard: MOTION event=frame case=idle-to-run tick_ms=8119 moving=1 draw_us=4853 transfer_us=12192 frame_us=17098 interval_us=39998 deadline_miss=0 internal_free=342835 stack_watermark=1864
I (9031) rlcd_dashboard: MOTION event=frame case=idle-to-run tick_ms=8159 moving=1 draw_us=4840 transfer_us=12196 frame_us=17091 interval_us=40002 deadline_miss=0 internal_free=342835 stack_watermark=1864
I (9071) rlcd_dashboard: MOTION event=frame case=idle-to-run tick_ms=8199 moving=1 draw_us=4852 transfer_us=12192 frame_us=17099 interval_us=39998 deadline_miss=0 internal_free=342835 stack_watermark=1864
I (9111) rlcd_dashboard: MOTION event=frame case=idle-to-run tick_ms=8239 moving=1 draw_us=4848 transfer_us=12196 frame_us=17101 interval_us=40002 deadline_miss=0 internal_free=342835 stack_watermark=1864
I (9151) rlcd_dashboard: MOTION event=frame case=idle-to-run tick_ms=8279 moving=1 draw_us=4854 transfer_us=12191 frame_us=17096 interval_us=39998 deadline_miss=0 internal_free=342835 stack_watermark=1864
I (9191) rlcd_dashboard: MOTION event=frame case=idle-to-run tick_ms=8319 moving=1 draw_us=4844 transfer_us=12196 frame_us=17100 interval_us=40002 deadline_miss=0 internal_free=342835 stack_watermark=1864
I (9231) rlcd_dashboard: MOTION event=frame case=idle-to-run tick_ms=8359 moving=1 draw_us=4853 transfer_us=12192 frame_us=17098 interval_us=39998 deadline_miss=0 internal_free=342835 stack_watermark=1864
I (9271) rlcd_dashboard: MOTION event=frame case=idle-to-run tick_ms=8399 moving=0 draw_us=4831 transfer_us=12198 frame_us=17091 interval_us=0 deadline_miss=0 internal_free=342835 stack_watermark=1864
I (9911) rlcd_dashboard: MOTION event=frame case=idle-to-run tick_ms=9039 moving=0 draw_us=4828 transfer_us=12189 frame_us=17022 interval_us=0 deadline_miss=0 internal_free=342835 stack_watermark=1864
I (10911) rlcd_dashboard: MOTION event=frame case=idle-to-run tick_ms=10039 moving=0 draw_us=4819 transfer_us=12193 frame_us=17017 interval_us=0 deadline_miss=0 internal_free=342835 stack_watermark=1864
I (11911) rlcd_dashboard: MOTION event=frame case=idle-to-run tick_ms=11039 moving=0 draw_us=4827 transfer_us=12185 frame_us=17017 interval_us=0 deadline_miss=0 internal_free=342835 stack_watermark=1864
I (12911) rlcd_dashboard: MOTION event=frame case=run-to-wait tick_ms=12039 moving=1 draw_us=5236 transfer_us=12207 frame_us=17746 interval_us=0 deadline_miss=0 internal_free=342835 stack_watermark=1864
I (12911) rlcd_dashboard: MOTION event=phase phase=3 case=run-to-wait tick_ms=12039 count=8 feed_health=0 visible=8 overflow=0 hidden_blocked=0
I (12951) rlcd_dashboard: MOTION event=frame case=run-to-wait tick_ms=12079 moving=1 draw_us=5146 transfer_us=12202 frame_us=17405 interval_us=40002 deadline_miss=0 internal_free=342835 stack_watermark=1864
I (12991) rlcd_dashboard: MOTION event=frame case=run-to-wait tick_ms=12119 moving=1 draw_us=5152 transfer_us=12200 frame_us=17403 interval_us=40000 deadline_miss=0 internal_free=342835 stack_watermark=1864
I (13031) rlcd_dashboard: MOTION event=frame case=run-to-wait tick_ms=12159 moving=1 draw_us=5138 transfer_us=12198 frame_us=17396 interval_us=40000 deadline_miss=0 internal_free=342835 stack_watermark=1864
I (13071) rlcd_dashboard: MOTION event=frame case=run-to-wait tick_ms=12199 moving=1 draw_us=5154 transfer_us=12201 frame_us=17408 interval_us=40000 deadline_miss=0 internal_free=342835 stack_watermark=1864
I (13111) rlcd_dashboard: MOTION event=frame case=run-to-wait tick_ms=12239 moving=1 draw_us=5139 transfer_us=12198 frame_us=17392 interval_us=40000 deadline_miss=0 internal_free=342835 stack_watermark=1864
I (13151) rlcd_dashboard: MOTION event=frame case=run-to-wait tick_ms=12279 moving=1 draw_us=5154 transfer_us=12201 frame_us=17410 interval_us=40000 deadline_miss=0 internal_free=342835 stack_watermark=1864
I (13191) rlcd_dashboard: MOTION event=frame case=run-to-wait tick_ms=12319 moving=1 draw_us=5142 transfer_us=12198 frame_us=17397 interval_us=40000 deadline_miss=0 internal_free=342835 stack_watermark=1864
I (13231) rlcd_dashboard: MOTION event=frame case=run-to-wait tick_ms=12359 moving=1 draw_us=5151 transfer_us=12200 frame_us=17402 interval_us=40000 deadline_miss=0 internal_free=342835 stack_watermark=1864
I (13271) rlcd_dashboard: MOTION event=frame case=run-to-wait tick_ms=12399 moving=0 draw_us=5130 transfer_us=12201 frame_us=17398 interval_us=0 deadline_miss=0 internal_free=342835 stack_watermark=1864
I (13911) rlcd_dashboard: MOTION event=frame case=run-to-wait tick_ms=13039 moving=0 draw_us=5144 transfer_us=12199 frame_us=17348 interval_us=0 deadline_miss=0 internal_free=342835 stack_watermark=1864
I (14911) rlcd_dashboard: MOTION event=frame case=run-to-wait tick_ms=14039 moving=0 draw_us=5130 transfer_us=12193 frame_us=17328 interval_us=0 deadline_miss=0 internal_free=342835 stack_watermark=1864
I (15911) rlcd_dashboard: MOTION event=frame case=run-to-wait tick_ms=15039 moving=0 draw_us=5138 transfer_us=12195 frame_us=17338 interval_us=0 deadline_miss=0 internal_free=342835 stack_watermark=1864
I (16911) rlcd_dashboard: MOTION event=frame case=run-to-idle tick_ms=16039 moving=1 draw_us=5539 transfer_us=12211 frame_us=18055 interval_us=0 deadline_miss=0 internal_free=342835 stack_watermark=1864
I (16911) rlcd_dashboard: MOTION event=phase phase=4 case=run-to-idle tick_ms=16039 count=8 feed_health=0 visible=8 overflow=0 hidden_blocked=0
I (16951) rlcd_dashboard: MOTION event=frame case=run-to-idle tick_ms=16079 moving=1 draw_us=5425 transfer_us=12204 frame_us=17687 interval_us=40002 deadline_miss=0 internal_free=342835 stack_watermark=1864
I (16991) rlcd_dashboard: MOTION event=frame case=run-to-idle tick_ms=16119 moving=1 draw_us=5440 transfer_us=12201 frame_us=17694 interval_us=40000 deadline_miss=0 internal_free=342835 stack_watermark=1864
I (17031) rlcd_dashboard: MOTION event=frame case=run-to-idle tick_ms=16159 moving=1 draw_us=5423 transfer_us=12200 frame_us=17678 interval_us=40000 deadline_miss=0 internal_free=342835 stack_watermark=1864
I (17071) rlcd_dashboard: MOTION event=frame case=run-to-idle tick_ms=16199 moving=1 draw_us=5436 transfer_us=12201 frame_us=17692 interval_us=40000 deadline_miss=0 internal_free=342835 stack_watermark=1864
I (17111) rlcd_dashboard: MOTION event=frame case=run-to-idle tick_ms=16239 moving=1 draw_us=5425 transfer_us=12200 frame_us=17682 interval_us=40000 deadline_miss=0 internal_free=342835 stack_watermark=1864
I (17151) rlcd_dashboard: MOTION event=frame case=run-to-idle tick_ms=16279 moving=1 draw_us=5438 transfer_us=12201 frame_us=17690 interval_us=40000 deadline_miss=0 internal_free=342835 stack_watermark=1864
I (17191) rlcd_dashboard: MOTION event=frame case=run-to-idle tick_ms=16319 moving=1 draw_us=5423 transfer_us=12200 frame_us=17683 interval_us=40000 deadline_miss=0 internal_free=342835 stack_watermark=1864
I (17231) rlcd_dashboard: MOTION event=frame case=run-to-idle tick_ms=16359 moving=1 draw_us=5438 transfer_us=12202 frame_us=17693 interval_us=40000 deadline_miss=0 internal_free=342835 stack_watermark=1864
I (17271) rlcd_dashboard: MOTION event=frame case=run-to-idle tick_ms=16399 moving=0 draw_us=5413 transfer_us=12202 frame_us=17677 interval_us=0 deadline_miss=0 internal_free=342835 stack_watermark=1864
I (17911) rlcd_dashboard: MOTION event=frame case=run-to-idle tick_ms=17039 moving=0 draw_us=5421 transfer_us=12199 frame_us=17625 interval_us=0 deadline_miss=0 internal_free=342835 stack_watermark=1864
I (18911) rlcd_dashboard: MOTION event=frame case=run-to-idle tick_ms=18039 moving=0 draw_us=5417 transfer_us=12193 frame_us=17615 interval_us=0 deadline_miss=0 internal_free=342835 stack_watermark=1864
I (19911) rlcd_dashboard: MOTION event=frame case=run-to-idle tick_ms=19039 moving=0 draw_us=5412 transfer_us=12196 frame_us=17613 interval_us=0 deadline_miss=0 internal_free=342835 stack_watermark=1864
I (20911) rlcd_dashboard: MOTION event=frame case=simultaneous-changes tick_ms=20039 moving=1 draw_us=4930 transfer_us=12207 frame_us=17446 interval_us=0 deadline_miss=0 internal_free=342835 stack_watermark=1864
I (20911) rlcd_dashboard: MOTION event=phase phase=5 case=simultaneous-changes tick_ms=20039 count=8 feed_health=0 visible=8 overflow=0 hidden_blocked=0
I (20951) rlcd_dashboard: MOTION event=frame case=simultaneous-changes tick_ms=20079 moving=1 draw_us=4823 transfer_us=12203 frame_us=17085 interval_us=40002 deadline_miss=0 internal_free=342835 stack_watermark=1864
I (20991) rlcd_dashboard: MOTION event=frame case=simultaneous-changes tick_ms=20119 moving=1 draw_us=4825 transfer_us=12202 frame_us=17078 interval_us=40000 deadline_miss=0 internal_free=342835 stack_watermark=1864
I (21031) rlcd_dashboard: MOTION event=frame case=simultaneous-changes tick_ms=20159 moving=1 draw_us=4812 transfer_us=12200 frame_us=17072 interval_us=40000 deadline_miss=0 internal_free=342835 stack_watermark=1864
I (21071) rlcd_dashboard: MOTION event=frame case=simultaneous-changes tick_ms=20199 moving=1 draw_us=4829 transfer_us=12203 frame_us=17085 interval_us=40000 deadline_miss=0 internal_free=342835 stack_watermark=1864
I (21111) rlcd_dashboard: MOTION event=frame case=simultaneous-changes tick_ms=20239 moving=1 draw_us=4813 transfer_us=12200 frame_us=17068 interval_us=40000 deadline_miss=0 internal_free=342835 stack_watermark=1864
I (21151) rlcd_dashboard: MOTION event=frame case=simultaneous-changes tick_ms=20279 moving=1 draw_us=4827 transfer_us=12202 frame_us=17085 interval_us=40000 deadline_miss=0 internal_free=342835 stack_watermark=1864
I (21191) rlcd_dashboard: MOTION event=frame case=simultaneous-changes tick_ms=20319 moving=1 draw_us=4816 transfer_us=12200 frame_us=17073 interval_us=40000 deadline_miss=0 internal_free=342835 stack_watermark=1864
I (21231) rlcd_dashboard: MOTION event=frame case=simultaneous-changes tick_ms=20359 moving=1 draw_us=4828 transfer_us=12202 frame_us=17081 interval_us=40000 deadline_miss=0 internal_free=342835 stack_watermark=1864
I (21271) rlcd_dashboard: MOTION event=frame case=simultaneous-changes tick_ms=20399 moving=0 draw_us=4801 transfer_us=12202 frame_us=17070 interval_us=0 deadline_miss=0 internal_free=342835 stack_watermark=1864
I (21911) rlcd_dashboard: MOTION event=frame case=simultaneous-changes tick_ms=21039 moving=0 draw_us=4806 transfer_us=12195 frame_us=17006 interval_us=0 deadline_miss=0 internal_free=342835 stack_watermark=1864
I (22911) rlcd_dashboard: MOTION event=frame case=simultaneous-changes tick_ms=22039 moving=0 draw_us=4782 transfer_us=12194 frame_us=16981 interval_us=0 deadline_miss=0 internal_free=342835 stack_watermark=1864
I (23911) rlcd_dashboard: MOTION event=frame case=simultaneous-changes tick_ms=23039 moving=0 draw_us=4789 transfer_us=12192 frame_us=16986 interval_us=0 deadline_miss=0 internal_free=342835 stack_watermark=1864
I (24911) rlcd_dashboard: MOTION event=frame case=mid-motion-retarget tick_ms=24039 moving=1 draw_us=4985 transfer_us=12211 frame_us=17502 interval_us=0 deadline_miss=0 internal_free=342835 stack_watermark=1864
I (24911) rlcd_dashboard: MOTION event=phase phase=6 case=mid-motion-retarget tick_ms=24039 count=8 feed_health=0 visible=8 overflow=0 hidden_blocked=0
I (24951) rlcd_dashboard: MOTION event=frame case=mid-motion-retarget tick_ms=24079 moving=1 draw_us=4882 transfer_us=12204 frame_us=17142 interval_us=40002 deadline_miss=0 internal_free=342835 stack_watermark=1864
I (24991) rlcd_dashboard: MOTION event=frame case=mid-motion-retarget tick_ms=24119 moving=1 draw_us=4896 transfer_us=12202 frame_us=17149 interval_us=40000 deadline_miss=0 internal_free=342835 stack_watermark=1864
I (25031) rlcd_dashboard: MOTION event=frame case=mid-motion-retarget tick_ms=24159 moving=1 draw_us=4879 transfer_us=12200 frame_us=17133 interval_us=40000 deadline_miss=0 internal_free=342835 stack_watermark=1864
I (25071) rlcd_dashboard: MOTION event=frame case=mid-motion-retarget tick_ms=24199 moving=1 draw_us=5355 transfer_us=12205 frame_us=17892 interval_us=40000 deadline_miss=0 internal_free=342835 stack_watermark=1864
I (25071) rlcd_dashboard: MOTION event=phase phase=6 case=mid-motion-retarget tick_ms=24199 count=8 feed_health=0 visible=8 overflow=0 hidden_blocked=0
I (25111) rlcd_dashboard: MOTION event=frame case=mid-motion-retarget tick_ms=24239 moving=1 draw_us=5260 transfer_us=12204 frame_us=17522 interval_us=40000 deadline_miss=0 internal_free=342835 stack_watermark=1864
I (25151) rlcd_dashboard: MOTION event=frame case=mid-motion-retarget tick_ms=24279 moving=1 draw_us=5268 transfer_us=12201 frame_us=17520 interval_us=40000 deadline_miss=0 internal_free=342835 stack_watermark=1864
I (25191) rlcd_dashboard: MOTION event=frame case=mid-motion-retarget tick_ms=24319 moving=1 draw_us=5253 transfer_us=12199 frame_us=17512 interval_us=40000 deadline_miss=0 internal_free=342835 stack_watermark=1864
I (25231) rlcd_dashboard: MOTION event=frame case=mid-motion-retarget tick_ms=24359 moving=1 draw_us=5269 transfer_us=12201 frame_us=17523 interval_us=40000 deadline_miss=0 internal_free=342835 stack_watermark=1864
I (25271) rlcd_dashboard: MOTION event=frame case=mid-motion-retarget tick_ms=24399 moving=1 draw_us=5253 transfer_us=12200 frame_us=17508 interval_us=40000 deadline_miss=0 internal_free=342835 stack_watermark=1864
I (25311) rlcd_dashboard: MOTION event=frame case=mid-motion-retarget tick_ms=24439 moving=1 draw_us=5268 transfer_us=12201 frame_us=17525 interval_us=40000 deadline_miss=0 internal_free=342835 stack_watermark=1864
I (25351) rlcd_dashboard: MOTION event=frame case=mid-motion-retarget tick_ms=24479 moving=1 draw_us=5257 transfer_us=12200 frame_us=17514 interval_us=40000 deadline_miss=0 internal_free=342835 stack_watermark=1864
I (25391) rlcd_dashboard: MOTION event=frame case=mid-motion-retarget tick_ms=24519 moving=1 draw_us=5266 transfer_us=12201 frame_us=17518 interval_us=40000 deadline_miss=0 internal_free=342835 stack_watermark=1864
I (25431) rlcd_dashboard: MOTION event=frame case=mid-motion-retarget tick_ms=24559 moving=0 draw_us=5244 transfer_us=12201 frame_us=17512 interval_us=0 deadline_miss=0 internal_free=342835 stack_watermark=1864
I (25911) rlcd_dashboard: MOTION event=frame case=mid-motion-retarget tick_ms=25039 moving=0 draw_us=5253 transfer_us=12199 frame_us=17457 interval_us=0 deadline_miss=0 internal_free=342835 stack_watermark=1864
I (26911) rlcd_dashboard: MOTION event=frame case=mid-motion-retarget tick_ms=26039 moving=0 draw_us=5234 transfer_us=12194 frame_us=17433 interval_us=0 deadline_miss=0 internal_free=342835 stack_watermark=1864
I (27911) rlcd_dashboard: MOTION event=frame case=mid-motion-retarget tick_ms=27039 moving=0 draw_us=5245 transfer_us=12195 frame_us=17445 interval_us=0 deadline_miss=0 internal_free=342835 stack_watermark=1864
I (28911) rlcd_dashboard: MOTION event=frame case=overflow-admission tick_ms=28039 moving=1 draw_us=5556 transfer_us=12212 frame_us=18209 interval_us=0 deadline_miss=0 internal_free=342835 stack_watermark=1864
I (28911) rlcd_dashboard: MOTION event=phase phase=7 case=overflow-admission tick_ms=28039 count=12 feed_health=0 visible=9 overflow=3 hidden_blocked=0
I (28951) rlcd_dashboard: MOTION event=frame case=overflow-admission tick_ms=28079 moving=1 draw_us=6818 transfer_us=12204 frame_us=19083 interval_us=40002 deadline_miss=0 internal_free=342835 stack_watermark=1864
I (28991) rlcd_dashboard: MOTION event=frame case=overflow-admission tick_ms=28119 moving=1 draw_us=6879 transfer_us=12201 frame_us=19133 interval_us=40000 deadline_miss=0 internal_free=342835 stack_watermark=1864
I (29031) rlcd_dashboard: MOTION event=frame case=overflow-admission tick_ms=28159 moving=1 draw_us=6808 transfer_us=12200 frame_us=19064 interval_us=40000 deadline_miss=0 internal_free=342835 stack_watermark=1864
I (29071) rlcd_dashboard: MOTION event=frame case=overflow-admission tick_ms=28199 moving=1 draw_us=6603 transfer_us=12201 frame_us=18860 interval_us=40000 deadline_miss=0 internal_free=342835 stack_watermark=1864
I (29111) rlcd_dashboard: MOTION event=frame case=overflow-admission tick_ms=28239 moving=1 draw_us=6308 transfer_us=12199 frame_us=18565 interval_us=40000 deadline_miss=0 internal_free=342835 stack_watermark=1864
I (29151) rlcd_dashboard: MOTION event=frame case=overflow-admission tick_ms=28279 moving=1 draw_us=6301 transfer_us=12202 frame_us=18554 interval_us=40000 deadline_miss=0 internal_free=342835 stack_watermark=1864
I (29191) rlcd_dashboard: MOTION event=frame case=overflow-admission tick_ms=28319 moving=1 draw_us=6263 transfer_us=12200 frame_us=18524 interval_us=40000 deadline_miss=0 internal_free=342835 stack_watermark=1864
I (29231) rlcd_dashboard: MOTION event=frame case=overflow-admission tick_ms=28359 moving=1 draw_us=6227 transfer_us=12201 frame_us=18481 interval_us=40000 deadline_miss=0 internal_free=342835 stack_watermark=1864
I (29271) rlcd_dashboard: MOTION event=frame case=overflow-admission tick_ms=28399 moving=0 draw_us=6087 transfer_us=12202 frame_us=18352 interval_us=0 deadline_miss=0 internal_free=342835 stack_watermark=1864
I (29911) rlcd_dashboard: MOTION event=frame case=overflow-admission tick_ms=29039 moving=0 draw_us=6089 transfer_us=12199 frame_us=18293 interval_us=0 deadline_miss=0 internal_free=342835 stack_watermark=1864
I (30911) rlcd_dashboard: MOTION event=frame case=overflow-admission tick_ms=30039 moving=0 draw_us=6095 transfer_us=12193 frame_us=18293 interval_us=0 deadline_miss=0 internal_free=342835 stack_watermark=1864
I (31911) rlcd_dashboard: MOTION event=frame case=overflow-admission tick_ms=31039 moving=0 draw_us=6091 transfer_us=12195 frame_us=18291 interval_us=0 deadline_miss=0 internal_free=342835 stack_watermark=1864
I (32911) rlcd_dashboard: MOTION event=frame case=same-project-identities tick_ms=32039 moving=1 draw_us=5804 transfer_us=12207 frame_us=18440 interval_us=0 deadline_miss=0 internal_free=342835 stack_watermark=1864
I (32911) rlcd_dashboard: MOTION event=phase phase=8 case=same-project-identities tick_ms=32039 count=12 feed_health=0 visible=9 overflow=3 hidden_blocked=0
I (32951) rlcd_dashboard: MOTION event=frame case=same-project-identities tick_ms=32079 moving=1 draw_us=5874 transfer_us=12204 frame_us=18136 interval_us=40002 deadline_miss=0 internal_free=342835 stack_watermark=1864
I (32991) rlcd_dashboard: MOTION event=frame case=same-project-identities tick_ms=32119 moving=1 draw_us=5896 transfer_us=12201 frame_us=18148 interval_us=40000 deadline_miss=0 internal_free=342835 stack_watermark=1864
I (33031) rlcd_dashboard: MOTION event=frame case=same-project-identities tick_ms=32159 moving=1 draw_us=5892 transfer_us=12200 frame_us=18153 interval_us=40000 deadline_miss=0 internal_free=342835 stack_watermark=1864
I (33071) rlcd_dashboard: MOTION event=frame case=same-project-identities tick_ms=32199 moving=1 draw_us=5871 transfer_us=12202 frame_us=18126 interval_us=40000 deadline_miss=0 internal_free=342835 stack_watermark=1864
I (33111) rlcd_dashboard: MOTION event=frame case=same-project-identities tick_ms=32239 moving=1 draw_us=5536 transfer_us=12200 frame_us=17792 interval_us=40000 deadline_miss=0 internal_free=342835 stack_watermark=1864
I (33151) rlcd_dashboard: MOTION event=frame case=same-project-identities tick_ms=32279 moving=1 draw_us=5549 transfer_us=12201 frame_us=17806 interval_us=40000 deadline_miss=0 internal_free=342835 stack_watermark=1864
I (33191) rlcd_dashboard: MOTION event=frame case=same-project-identities tick_ms=32319 moving=1 draw_us=5539 transfer_us=12200 frame_us=17797 interval_us=40000 deadline_miss=0 internal_free=342835 stack_watermark=1864
I (33231) rlcd_dashboard: MOTION event=frame case=same-project-identities tick_ms=32359 moving=1 draw_us=5546 transfer_us=12202 frame_us=17799 interval_us=40000 deadline_miss=0 internal_free=342835 stack_watermark=1864
I (33271) rlcd_dashboard: MOTION event=frame case=same-project-identities tick_ms=32399 moving=0 draw_us=5523 transfer_us=12202 frame_us=17792 interval_us=0 deadline_miss=0 internal_free=342835 stack_watermark=1864
I (33911) rlcd_dashboard: MOTION event=frame case=same-project-identities tick_ms=33039 moving=0 draw_us=5532 transfer_us=12199 frame_us=17736 interval_us=0 deadline_miss=0 internal_free=342835 stack_watermark=1864
I (34911) rlcd_dashboard: MOTION event=frame case=same-project-identities tick_ms=34039 moving=0 draw_us=5514 transfer_us=12194 frame_us=17713 interval_us=0 deadline_miss=0 internal_free=342835 stack_watermark=1864
I (35911) rlcd_dashboard: MOTION event=frame case=same-project-identities tick_ms=35039 moving=0 draw_us=5508 transfer_us=12195 frame_us=17708 interval_us=0 deadline_miss=0 internal_free=342835 stack_watermark=1864
I (36911) rlcd_dashboard: MOTION event=frame case=feed-stale-during-motion tick_ms=36039 moving=1 draw_us=5877 transfer_us=12211 frame_us=18521 interval_us=0 deadline_miss=0 internal_free=342835 stack_watermark=1864
I (36911) rlcd_dashboard: MOTION event=phase phase=9 case=feed-stale-during-motion tick_ms=36039 count=12 feed_health=0 visible=9 overflow=3 hidden_blocked=0
I (36951) rlcd_dashboard: MOTION event=frame case=feed-stale-during-motion tick_ms=36079 moving=1 draw_us=5761 transfer_us=12204 frame_us=18024 interval_us=40002 deadline_miss=0 internal_free=342835 stack_watermark=1864
I (36991) rlcd_dashboard: MOTION event=frame case=feed-stale-during-motion tick_ms=36119 moving=1 draw_us=5773 transfer_us=12201 frame_us=18025 interval_us=40000 deadline_miss=0 internal_free=342835 stack_watermark=1864
I (37031) rlcd_dashboard: MOTION event=frame case=feed-stale-during-motion tick_ms=36159 moving=1 draw_us=5755 transfer_us=12199 frame_us=18008 interval_us=40000 deadline_miss=0 internal_free=342835 stack_watermark=1864
I (37071) rlcd_dashboard: MOTION event=frame case=feed-stale-during-motion tick_ms=36199 moving=0 draw_us=4431 transfer_us=12182 frame_us=16683 interval_us=0 deadline_miss=0 internal_free=342835 stack_watermark=1864
I (37071) rlcd_dashboard: MOTION event=phase phase=9 case=feed-stale-during-motion tick_ms=36199 count=12 feed_health=1 visible=9 overflow=0 hidden_blocked=0
I (37911) rlcd_dashboard: MOTION event=frame case=feed-stale-during-motion tick_ms=37039 moving=0 draw_us=4385 transfer_us=12172 frame_us=16562 interval_us=0 deadline_miss=0 internal_free=342835 stack_watermark=1864
I (38911) rlcd_dashboard: MOTION event=frame case=feed-stale-during-motion tick_ms=38039 moving=0 draw_us=4364 transfer_us=12165 frame_us=16534 interval_us=0 deadline_miss=0 internal_free=342835 stack_watermark=1864
I (39911) rlcd_dashboard: MOTION event=frame case=feed-stale-during-motion tick_ms=39039 moving=0 draw_us=4370 transfer_us=12166 frame_us=16541 interval_us=0 deadline_miss=0 internal_free=342835 stack_watermark=1864
I (40911) rlcd_dashboard: MOTION event=frame case=feed-recovery tick_ms=40039 moving=1 draw_us=6135 transfer_us=12205 frame_us=18764 interval_us=0 deadline_miss=0 internal_free=342835 stack_watermark=1864
I (40911) rlcd_dashboard: MOTION event=phase phase=10 case=feed-recovery tick_ms=40039 count=12 feed_health=0 visible=8 overflow=4 hidden_blocked=0
I (40951) rlcd_dashboard: MOTION event=frame case=feed-recovery tick_ms=40079 moving=1 draw_us=6048 transfer_us=12203 frame_us=18310 interval_us=40002 deadline_miss=0 internal_free=342835 stack_watermark=1864
I (40991) rlcd_dashboard: MOTION event=frame case=feed-recovery tick_ms=40119 moving=1 draw_us=6058 transfer_us=12200 frame_us=18309 interval_us=40000 deadline_miss=0 internal_free=342835 stack_watermark=1864
I (41031) rlcd_dashboard: MOTION event=frame case=feed-recovery tick_ms=40159 moving=1 draw_us=6026 transfer_us=12200 frame_us=18280 interval_us=40000 deadline_miss=0 internal_free=342835 stack_watermark=1864
I (41071) rlcd_dashboard: MOTION event=frame case=feed-recovery tick_ms=40199 moving=1 draw_us=6029 transfer_us=12199 frame_us=18282 interval_us=40000 deadline_miss=0 internal_free=342835 stack_watermark=1864
I (41111) rlcd_dashboard: MOTION event=frame case=feed-recovery tick_ms=40239 moving=1 draw_us=6002 transfer_us=12200 frame_us=18258 interval_us=40000 deadline_miss=0 internal_free=342835 stack_watermark=1864
I (41151) rlcd_dashboard: MOTION event=frame case=feed-recovery tick_ms=40279 moving=1 draw_us=5960 transfer_us=12200 frame_us=18209 interval_us=40000 deadline_miss=0 internal_free=342835 stack_watermark=1864
I (41191) rlcd_dashboard: MOTION event=frame case=feed-recovery tick_ms=40319 moving=1 draw_us=5945 transfer_us=12200 frame_us=18204 interval_us=40000 deadline_miss=0 internal_free=342835 stack_watermark=1864
I (41231) rlcd_dashboard: MOTION event=frame case=feed-recovery tick_ms=40359 moving=1 draw_us=5855 transfer_us=12200 frame_us=18106 interval_us=40000 deadline_miss=0 internal_free=342835 stack_watermark=1864
I (41271) rlcd_dashboard: MOTION event=frame case=feed-recovery tick_ms=40399 moving=0 draw_us=5828 transfer_us=12202 frame_us=18091 interval_us=0 deadline_miss=0 internal_free=342835 stack_watermark=1864
I (41911) rlcd_dashboard: MOTION event=frame case=feed-recovery tick_ms=41039 moving=0 draw_us=5831 transfer_us=12198 frame_us=18034 interval_us=0 deadline_miss=0 internal_free=342835 stack_watermark=1864
I (42911) rlcd_dashboard: MOTION event=frame case=feed-recovery tick_ms=42039 moving=0 draw_us=5831 transfer_us=12194 frame_us=18030 interval_us=0 deadline_miss=0 internal_free=342835 stack_watermark=1864
I (43911) rlcd_dashboard: MOTION event=frame case=feed-recovery tick_ms=43039 moving=0 draw_us=5834 transfer_us=12194 frame_us=18033 interval_us=0 deadline_miss=0 internal_free=342835 stack_watermark=1864
I (44911) rlcd_dashboard: MOTION event=frame case=feed-offline-during-motion tick_ms=44039 moving=1 draw_us=5607 transfer_us=12211 frame_us=18243 interval_us=0 deadline_miss=0 internal_free=342835 stack_watermark=1864
I (44911) rlcd_dashboard: MOTION event=phase phase=11 case=feed-offline-during-motion tick_ms=44039 count=12 feed_health=0 visible=9 overflow=3 hidden_blocked=0
I (44951) rlcd_dashboard: MOTION event=frame case=feed-offline-during-motion tick_ms=44079 moving=1 draw_us=5691 transfer_us=12204 frame_us=17951 interval_us=40002 deadline_miss=0 internal_free=342835 stack_watermark=1864
I (44991) rlcd_dashboard: MOTION event=frame case=feed-offline-during-motion tick_ms=44119 moving=1 draw_us=5716 transfer_us=12201 frame_us=17966 interval_us=40000 deadline_miss=0 internal_free=342835 stack_watermark=1864
I (45031) rlcd_dashboard: MOTION event=frame case=feed-offline-during-motion tick_ms=44159 moving=1 draw_us=5889 transfer_us=12200 frame_us=18148 interval_us=40000 deadline_miss=0 internal_free=342835 stack_watermark=1864
I (45071) rlcd_dashboard: MOTION event=frame case=feed-offline-during-motion tick_ms=44199 moving=0 draw_us=4459 transfer_us=12183 frame_us=16711 interval_us=0 deadline_miss=0 internal_free=342835 stack_watermark=1864
I (45071) rlcd_dashboard: MOTION event=phase phase=11 case=feed-offline-during-motion tick_ms=44199 count=12 feed_health=2 visible=9 overflow=0 hidden_blocked=0
I (45911) rlcd_dashboard: MOTION event=frame case=feed-offline-during-motion tick_ms=45039 moving=0 draw_us=4397 transfer_us=12169 frame_us=16571 interval_us=0 deadline_miss=0 internal_free=342835 stack_watermark=1864
I (46911) rlcd_dashboard: MOTION event=frame case=feed-offline-during-motion tick_ms=46039 moving=0 draw_us=4395 transfer_us=12164 frame_us=16564 interval_us=0 deadline_miss=0 internal_free=342835 stack_watermark=1864
I (47911) rlcd_dashboard: MOTION event=frame case=feed-offline-during-motion tick_ms=47039 moving=0 draw_us=4398 transfer_us=12165 frame_us=16568 interval_us=0 deadline_miss=0 internal_free=342835 stack_watermark=1864
I (48911) rlcd_dashboard: MOTION event=frame case=feed-recovery-again tick_ms=48039 moving=1 draw_us=6345 transfer_us=12211 frame_us=18977 interval_us=0 deadline_miss=0 internal_free=342835 stack_watermark=1864
I (48911) rlcd_dashboard: MOTION event=phase phase=12 case=feed-recovery-again tick_ms=48039 count=12 feed_health=0 visible=8 overflow=4 hidden_blocked=0
I (48951) rlcd_dashboard: MOTION event=frame case=feed-recovery-again tick_ms=48079 moving=1 draw_us=6182 transfer_us=12204 frame_us=18444 interval_us=40002 deadline_miss=0 internal_free=342835 stack_watermark=1864
I (48991) rlcd_dashboard: MOTION event=frame case=feed-recovery-again tick_ms=48119 moving=1 draw_us=6001 transfer_us=12201 frame_us=18253 interval_us=40000 deadline_miss=0 internal_free=342835 stack_watermark=1864
I (49031) rlcd_dashboard: MOTION event=frame case=feed-recovery-again tick_ms=48159 moving=1 draw_us=5972 transfer_us=12200 frame_us=18233 interval_us=40000 deadline_miss=0 internal_free=342835 stack_watermark=1864
I (49071) rlcd_dashboard: MOTION event=frame case=feed-recovery-again tick_ms=48199 moving=1 draw_us=5976 transfer_us=12201 frame_us=18230 interval_us=40000 deadline_miss=0 internal_free=342835 stack_watermark=1864
I (49111) rlcd_dashboard: MOTION event=frame case=feed-recovery-again tick_ms=48239 moving=1 draw_us=5943 transfer_us=12200 frame_us=18199 interval_us=40000 deadline_miss=0 internal_free=342835 stack_watermark=1864
I (49151) rlcd_dashboard: MOTION event=frame case=feed-recovery-again tick_ms=48279 moving=1 draw_us=5904 transfer_us=12201 frame_us=18161 interval_us=40000 deadline_miss=0 internal_free=342835 stack_watermark=1864
I (49191) rlcd_dashboard: MOTION event=frame case=feed-recovery-again tick_ms=48319 moving=1 draw_us=5892 transfer_us=12199 frame_us=18149 interval_us=40000 deadline_miss=0 internal_free=342835 stack_watermark=1864
I (49231) rlcd_dashboard: MOTION event=frame case=feed-recovery-again tick_ms=48359 moving=1 draw_us=5792 transfer_us=12201 frame_us=18044 interval_us=40000 deadline_miss=0 internal_free=342835 stack_watermark=1864
I (49271) rlcd_dashboard: MOTION event=frame case=feed-recovery-again tick_ms=48399 moving=0 draw_us=5769 transfer_us=12200 frame_us=18036 interval_us=0 deadline_miss=0 internal_free=342835 stack_watermark=1864
I (49911) rlcd_dashboard: MOTION event=frame case=feed-recovery-again tick_ms=49039 moving=0 draw_us=5763 transfer_us=12199 frame_us=17967 interval_us=0 deadline_miss=0 internal_free=342835 stack_watermark=1864
I (50911) rlcd_dashboard: MOTION event=frame case=feed-recovery-again tick_ms=50039 moving=0 draw_us=5761 transfer_us=12193 frame_us=17959 interval_us=0 deadline_miss=0 internal_free=342835 stack_watermark=1864
I (51911) rlcd_dashboard: MOTION event=frame case=feed-recovery-again tick_ms=51039 moving=0 draw_us=5765 transfer_us=12195 frame_us=17965 interval_us=0 deadline_miss=0 internal_free=342835 stack_watermark=1864
I (52911) rlcd_dashboard: MOTION event=frame case=attention-overflow tick_ms=52039 moving=1 draw_us=6491 transfer_us=12214 frame_us=19132 interval_us=0 deadline_miss=0 internal_free=342835 stack_watermark=1864
I (52921) rlcd_dashboard: MOTION event=phase phase=13 case=attention-overflow tick_ms=52039 count=12 feed_health=0 visible=8 overflow=4 hidden_blocked=2
I (52951) rlcd_dashboard: MOTION event=frame case=attention-overflow tick_ms=52079 moving=1 draw_us=6760 transfer_us=12195 frame_us=19016 interval_us=40002 deadline_miss=0 internal_free=342835 stack_watermark=1864
I (52991) rlcd_dashboard: MOTION event=frame case=attention-overflow tick_ms=52119 moving=1 draw_us=7249 transfer_us=12194 frame_us=19496 interval_us=39998 deadline_miss=0 internal_free=342835 stack_watermark=1864
I (53031) rlcd_dashboard: MOTION event=frame case=attention-overflow tick_ms=52159 moving=1 draw_us=6840 transfer_us=12191 frame_us=19087 interval_us=40000 deadline_miss=0 internal_free=342835 stack_watermark=1848
I (53071) rlcd_dashboard: MOTION event=frame case=attention-overflow tick_ms=52199 moving=1 draw_us=6838 transfer_us=12193 frame_us=19087 interval_us=40000 deadline_miss=0 internal_free=342835 stack_watermark=1848
I (53111) rlcd_dashboard: MOTION event=frame case=attention-overflow tick_ms=52239 moving=1 draw_us=6569 transfer_us=12184 frame_us=18811 interval_us=40000 deadline_miss=0 internal_free=342835 stack_watermark=1848
I (53151) rlcd_dashboard: MOTION event=frame case=attention-overflow tick_ms=52279 moving=1 draw_us=6574 transfer_us=12187 frame_us=18812 interval_us=40000 deadline_miss=0 internal_free=342835 stack_watermark=1848
I (53191) rlcd_dashboard: MOTION event=frame case=attention-overflow tick_ms=52319 moving=1 draw_us=6562 transfer_us=12185 frame_us=18808 interval_us=40000 deadline_miss=0 internal_free=342835 stack_watermark=1848
I (53231) rlcd_dashboard: MOTION event=frame case=attention-overflow tick_ms=52359 moving=1 draw_us=6579 transfer_us=12187 frame_us=18819 interval_us=40000 deadline_miss=0 internal_free=342835 stack_watermark=1848
I (53271) rlcd_dashboard: MOTION event=frame case=attention-overflow tick_ms=52399 moving=0 draw_us=6550 transfer_us=12185 frame_us=18798 interval_us=0 deadline_miss=0 internal_free=342835 stack_watermark=1848
I (53911) rlcd_dashboard: MOTION event=frame case=attention-overflow tick_ms=53039 moving=0 draw_us=6502 transfer_us=12184 frame_us=18691 interval_us=0 deadline_miss=0 internal_free=342835 stack_watermark=1848
I (54911) rlcd_dashboard: MOTION event=frame case=attention-overflow tick_ms=54039 moving=0 draw_us=6511 transfer_us=12179 frame_us=18695 interval_us=0 deadline_miss=0 internal_free=342835 stack_watermark=1848
I (55911) rlcd_dashboard: MOTION event=frame case=attention-overflow tick_ms=55039 moving=0 draw_us=6538 transfer_us=12182 frame_us=18725 interval_us=0 deadline_miss=0 internal_free=342835 stack_watermark=1848
I (56911) rlcd_dashboard: MOTION event=frame case=uncertainty-section tick_ms=56039 moving=1 draw_us=5539 transfer_us=12211 frame_us=18069 interval_us=0 deadline_miss=0 internal_free=342835 stack_watermark=1848
I (56911) rlcd_dashboard: MOTION event=phase phase=14 case=uncertainty-section tick_ms=56039 count=8 feed_health=0 visible=8 overflow=0 hidden_blocked=0
I (56951) rlcd_dashboard: MOTION event=frame case=uncertainty-section tick_ms=56079 moving=1 draw_us=5975 transfer_us=12194 frame_us=18228 interval_us=40002 deadline_miss=0 internal_free=342835 stack_watermark=1848
I (56991) rlcd_dashboard: MOTION event=frame case=uncertainty-section tick_ms=56119 moving=1 draw_us=5965 transfer_us=12193 frame_us=18213 interval_us=40000 deadline_miss=0 internal_free=342835 stack_watermark=1848
I (57031) rlcd_dashboard: MOTION event=frame case=uncertainty-section tick_ms=56159 moving=1 draw_us=6490 transfer_us=12198 frame_us=18748 interval_us=40000 deadline_miss=0 internal_free=342835 stack_watermark=1848
I (57071) rlcd_dashboard: MOTION event=frame case=uncertainty-section tick_ms=56199 moving=1 draw_us=6661 transfer_us=12199 frame_us=18917 interval_us=40000 deadline_miss=0 internal_free=342835 stack_watermark=1848
I (57111) rlcd_dashboard: MOTION event=frame case=uncertainty-section tick_ms=56239 moving=1 draw_us=6679 transfer_us=12197 frame_us=18931 interval_us=40000 deadline_miss=0 internal_free=342835 stack_watermark=1848
I (57151) rlcd_dashboard: MOTION event=frame case=uncertainty-section tick_ms=56279 moving=1 draw_us=6670 transfer_us=12199 frame_us=18929 interval_us=40000 deadline_miss=0 internal_free=342835 stack_watermark=1848
I (57191) rlcd_dashboard: MOTION event=frame case=uncertainty-section tick_ms=56319 moving=1 draw_us=6537 transfer_us=12198 frame_us=18792 interval_us=40000 deadline_miss=0 internal_free=342835 stack_watermark=1848
I (57231) rlcd_dashboard: MOTION event=frame case=uncertainty-section tick_ms=56359 moving=1 draw_us=6410 transfer_us=12199 frame_us=18664 interval_us=40000 deadline_miss=0 internal_free=342835 stack_watermark=1848
I (57271) rlcd_dashboard: MOTION event=frame case=uncertainty-section tick_ms=56399 moving=0 draw_us=6051 transfer_us=12197 frame_us=18315 interval_us=0 deadline_miss=0 internal_free=342835 stack_watermark=1848
I (57911) rlcd_dashboard: MOTION event=frame case=uncertainty-section tick_ms=57039 moving=0 draw_us=6075 transfer_us=12199 frame_us=18279 interval_us=0 deadline_miss=0 internal_free=342835 stack_watermark=1848
I (58911) rlcd_dashboard: MOTION event=frame case=uncertainty-section tick_ms=58039 moving=0 draw_us=6051 transfer_us=12194 frame_us=18250 interval_us=0 deadline_miss=0 internal_free=342835 stack_watermark=1848
I (59911) rlcd_dashboard: MOTION event=frame case=uncertainty-section tick_ms=59039 moving=0 draw_us=6033 transfer_us=12195 frame_us=18233 interval_us=0 deadline_miss=0 internal_free=342835 stack_watermark=1848
I (60911) rlcd_dashboard: MOTION event=frame case=working-to-blocked tick_ms=60039 moving=1 draw_us=6454 transfer_us=12211 frame_us=18964 interval_us=0 deadline_miss=0 internal_free=342835 stack_watermark=1848
I (60911) rlcd_dashboard: MOTION event=phase phase=15 case=working-to-blocked tick_ms=60039 count=8 feed_health=0 visible=8 overflow=0 hidden_blocked=0
I (60951) rlcd_dashboard: MOTION event=frame case=working-to-blocked tick_ms=60079 moving=1 draw_us=6379 transfer_us=12195 frame_us=18634 interval_us=40002 deadline_miss=0 internal_free=342835 stack_watermark=1848
I (60991) rlcd_dashboard: MOTION event=frame case=working-to-blocked tick_ms=60119 moving=1 draw_us=6380 transfer_us=12193 frame_us=18630 interval_us=39998 deadline_miss=0 internal_free=342835 stack_watermark=1848
I (61031) rlcd_dashboard: MOTION event=frame case=working-to-blocked tick_ms=60159 moving=1 draw_us=6370 transfer_us=12191 frame_us=18616 interval_us=40000 deadline_miss=0 internal_free=342835 stack_watermark=1848
I (61071) rlcd_dashboard: MOTION event=frame case=working-to-blocked tick_ms=60199 moving=1 draw_us=6376 transfer_us=12194 frame_us=18629 interval_us=40000 deadline_miss=0 internal_free=342835 stack_watermark=1848
I (61111) rlcd_dashboard: MOTION event=frame case=working-to-blocked tick_ms=60239 moving=1 draw_us=6374 transfer_us=12191 frame_us=18622 interval_us=40000 deadline_miss=0 internal_free=342835 stack_watermark=1848
I (61151) rlcd_dashboard: MOTION event=frame case=working-to-blocked tick_ms=60279 moving=1 draw_us=6376 transfer_us=12194 frame_us=18625 interval_us=40000 deadline_miss=0 internal_free=342835 stack_watermark=1848
I (61191) rlcd_dashboard: MOTION event=frame case=working-to-blocked tick_ms=60319 moving=1 draw_us=6371 transfer_us=12191 frame_us=18621 interval_us=40000 deadline_miss=0 internal_free=342835 stack_watermark=1848
I (61231) rlcd_dashboard: MOTION event=frame case=working-to-blocked tick_ms=60359 moving=1 draw_us=6380 transfer_us=12193 frame_us=18630 interval_us=40000 deadline_miss=0 internal_free=342835 stack_watermark=1848
I (61271) rlcd_dashboard: MOTION event=frame case=working-to-blocked tick_ms=60399 moving=0 draw_us=6363 transfer_us=12191 frame_us=18615 interval_us=0 deadline_miss=0 internal_free=342835 stack_watermark=1848
I (61911) rlcd_dashboard: MOTION event=frame case=working-to-blocked tick_ms=61039 moving=0 draw_us=6351 transfer_us=12194 frame_us=18550 interval_us=0 deadline_miss=0 internal_free=342835 stack_watermark=1848
I (62911) rlcd_dashboard: MOTION event=frame case=working-to-blocked tick_ms=62039 moving=0 draw_us=6354 transfer_us=12187 frame_us=18546 interval_us=0 deadline_miss=0 internal_free=342835 stack_watermark=1848
I (63911) rlcd_dashboard: MOTION event=frame case=working-to-blocked tick_ms=63039 moving=0 draw_us=6307 transfer_us=12190 frame_us=18502 interval_us=0 deadline_miss=0 internal_free=342835 stack_watermark=1848
I (64911) rlcd_dashboard: MOTION event=frame case=blocked-to-working tick_ms=64039 moving=1 draw_us=6123 transfer_us=12211 frame_us=18640 interval_us=0 deadline_miss=0 internal_free=342835 stack_watermark=1848
I (64911) rlcd_dashboard: MOTION event=phase phase=16 case=blocked-to-working tick_ms=64039 count=8 feed_health=0 visible=8 overflow=0 hidden_blocked=0
I (64951) rlcd_dashboard: MOTION event=frame case=blocked-to-working tick_ms=64079 moving=1 draw_us=6041 transfer_us=12201 frame_us=18300 interval_us=40002 deadline_miss=0 internal_free=342835 stack_watermark=1848
I (64991) rlcd_dashboard: MOTION event=frame case=blocked-to-working tick_ms=64119 moving=1 draw_us=6028 transfer_us=12194 frame_us=18277 interval_us=39998 deadline_miss=0 internal_free=342835 stack_watermark=1848
I (65031) rlcd_dashboard: MOTION event=frame case=blocked-to-working tick_ms=64159 moving=1 draw_us=6028 transfer_us=12198 frame_us=18285 interval_us=40002 deadline_miss=0 internal_free=342835 stack_watermark=1848
I (65071) rlcd_dashboard: MOTION event=frame case=blocked-to-working tick_ms=64199 moving=1 draw_us=6033 transfer_us=12193 frame_us=18283 interval_us=39998 deadline_miss=0 internal_free=342835 stack_watermark=1848
I (65111) rlcd_dashboard: MOTION event=frame case=blocked-to-working tick_ms=64239 moving=1 draw_us=6027 transfer_us=12197 frame_us=18279 interval_us=40002 deadline_miss=0 internal_free=342835 stack_watermark=1848
I (65151) rlcd_dashboard: MOTION event=frame case=blocked-to-working tick_ms=64279 moving=1 draw_us=6029 transfer_us=12193 frame_us=18281 interval_us=39998 deadline_miss=0 internal_free=342835 stack_watermark=1848
I (65191) rlcd_dashboard: MOTION event=frame case=blocked-to-working tick_ms=64319 moving=1 draw_us=6029 transfer_us=12198 frame_us=18284 interval_us=40002 deadline_miss=0 internal_free=342835 stack_watermark=1848
I (65231) rlcd_dashboard: MOTION event=frame case=blocked-to-working tick_ms=64359 moving=1 draw_us=6027 transfer_us=12193 frame_us=18275 interval_us=39998 deadline_miss=0 internal_free=342835 stack_watermark=1848
I (65271) rlcd_dashboard: MOTION event=frame case=blocked-to-working tick_ms=64399 moving=0 draw_us=6016 transfer_us=12197 frame_us=18279 interval_us=0 deadline_miss=0 internal_free=342835 stack_watermark=1848
I (65911) rlcd_dashboard: MOTION event=frame case=blocked-to-working tick_ms=65039 moving=0 draw_us=6026 transfer_us=12194 frame_us=18225 interval_us=0 deadline_miss=0 internal_free=342835 stack_watermark=1848
I (66911) rlcd_dashboard: MOTION event=frame case=blocked-to-working tick_ms=66039 moving=0 draw_us=6015 transfer_us=12193 frame_us=18213 interval_us=0 deadline_miss=0 internal_free=342835 stack_watermark=1848
I (67911) rlcd_dashboard: MOTION event=frame case=blocked-to-working tick_ms=67039 moving=0 draw_us=6031 transfer_us=12189 frame_us=18225 interval_us=0 deadline_miss=0 internal_free=342835 stack_watermark=1848
I (68911) rlcd_dashboard: MOTION event=frame case=compact-capacity tick_ms=68039 moving=1 draw_us=4109 transfer_us=12207 frame_us=16733 interval_us=0 deadline_miss=0 internal_free=342835 stack_watermark=1848
I (68911) rlcd_dashboard: MOTION event=phase phase=17 case=compact-capacity tick_ms=68039 count=12 feed_health=0 visible=11 overflow=1 hidden_blocked=0
I (68951) rlcd_dashboard: MOTION event=frame case=compact-capacity tick_ms=68079 moving=1 draw_us=4682 transfer_us=12192 frame_us=16935 interval_us=40003 deadline_miss=0 internal_free=342835 stack_watermark=1848
I (68991) rlcd_dashboard: MOTION event=frame case=compact-capacity tick_ms=68119 moving=1 draw_us=4749 transfer_us=12191 frame_us=16994 interval_us=39999 deadline_miss=0 internal_free=342835 stack_watermark=1848
I (69031) rlcd_dashboard: MOTION event=frame case=compact-capacity tick_ms=68159 moving=1 draw_us=4735 transfer_us=12189 frame_us=16976 interval_us=40000 deadline_miss=0 internal_free=342835 stack_watermark=1848
I (69071) rlcd_dashboard: MOTION event=frame case=compact-capacity tick_ms=68199 moving=1 draw_us=4743 transfer_us=12190 frame_us=16990 interval_us=40000 deadline_miss=0 internal_free=342835 stack_watermark=1848
I (69111) rlcd_dashboard: MOTION event=frame case=compact-capacity tick_ms=68239 moving=1 draw_us=4741 transfer_us=12189 frame_us=16984 interval_us=40000 deadline_miss=0 internal_free=342835 stack_watermark=1848
I (69151) rlcd_dashboard: MOTION event=frame case=compact-capacity tick_ms=68279 moving=1 draw_us=4743 transfer_us=12191 frame_us=16986 interval_us=40000 deadline_miss=0 internal_free=342835 stack_watermark=1848
I (69191) rlcd_dashboard: MOTION event=frame case=compact-capacity tick_ms=68319 moving=1 draw_us=4735 transfer_us=12189 frame_us=16981 interval_us=40000 deadline_miss=0 internal_free=342835 stack_watermark=1848
I (69231) rlcd_dashboard: MOTION event=frame case=compact-capacity tick_ms=68359 moving=1 draw_us=4748 transfer_us=12190 frame_us=16992 interval_us=40000 deadline_miss=0 internal_free=342835 stack_watermark=1848
I (69271) rlcd_dashboard: MOTION event=frame case=compact-capacity tick_ms=68399 moving=0 draw_us=4726 transfer_us=12189 frame_us=16973 interval_us=0 deadline_miss=0 internal_free=342835 stack_watermark=1848
I (69911) rlcd_dashboard: MOTION event=frame case=compact-capacity tick_ms=69039 moving=0 draw_us=4680 transfer_us=12187 frame_us=16872 interval_us=0 deadline_miss=0 internal_free=342835 stack_watermark=1848
I (70911) rlcd_dashboard: MOTION event=frame case=compact-capacity tick_ms=70039 moving=0 draw_us=4691 transfer_us=12182 frame_us=16878 interval_us=0 deadline_miss=0 internal_free=342835 stack_watermark=1848
I (71911) rlcd_dashboard: MOTION event=frame case=compact-capacity tick_ms=71039 moving=0 draw_us=4698 transfer_us=12184 frame_us=16887 interval_us=0 deadline_miss=0 internal_free=342835 stack_watermark=1848
I (72921) rlcd_dashboard: MOTION event=frame case=waiting-only tick_ms=72039 moving=1 draw_us=7811 transfer_us=12209 frame_us=20428 interval_us=0 deadline_miss=0 internal_free=342835 stack_watermark=1848
I (72921) rlcd_dashboard: MOTION event=phase phase=18 case=waiting-only tick_ms=72039 count=12 feed_health=0 visible=8 overflow=4 hidden_blocked=0
I (72951) rlcd_dashboard: MOTION event=frame case=waiting-only tick_ms=72079 moving=1 draw_us=7680 transfer_us=12189 frame_us=19927 interval_us=40002 deadline_miss=0 internal_free=342835 stack_watermark=1848
I (72991) rlcd_dashboard: MOTION event=frame case=waiting-only tick_ms=72119 moving=1 draw_us=7463 transfer_us=12187 frame_us=19702 interval_us=39998 deadline_miss=0 internal_free=342835 stack_watermark=1848
I (73031) rlcd_dashboard: MOTION event=frame case=waiting-only tick_ms=72159 moving=1 draw_us=7017 transfer_us=12185 frame_us=19259 interval_us=40000 deadline_miss=0 internal_free=342835 stack_watermark=1848
I (73071) rlcd_dashboard: MOTION event=frame case=waiting-only tick_ms=72199 moving=1 draw_us=6707 transfer_us=12188 frame_us=18949 interval_us=40000 deadline_miss=0 internal_free=342835 stack_watermark=1848
I (73111) rlcd_dashboard: MOTION event=frame case=waiting-only tick_ms=72239 moving=1 draw_us=6651 transfer_us=12185 frame_us=18888 interval_us=40000 deadline_miss=0 internal_free=342835 stack_watermark=1848
I (73151) rlcd_dashboard: MOTION event=frame case=waiting-only tick_ms=72279 moving=1 draw_us=6605 transfer_us=12187 frame_us=18849 interval_us=40000 deadline_miss=0 internal_free=342835 stack_watermark=1848
I (73191) rlcd_dashboard: MOTION event=frame case=waiting-only tick_ms=72319 moving=1 draw_us=6590 transfer_us=12185 frame_us=18829 interval_us=40000 deadline_miss=0 internal_free=342835 stack_watermark=1848
I (73231) rlcd_dashboard: MOTION event=frame case=waiting-only tick_ms=72359 moving=1 draw_us=6538 transfer_us=12188 frame_us=18778 interval_us=40000 deadline_miss=0 internal_free=342835 stack_watermark=1848
I (73271) rlcd_dashboard: MOTION event=frame case=waiting-only tick_ms=72399 moving=0 draw_us=6313 transfer_us=12185 frame_us=18561 interval_us=0 deadline_miss=0 internal_free=342835 stack_watermark=1848
I (73911) rlcd_dashboard: MOTION event=frame case=waiting-only tick_ms=73039 moving=0 draw_us=6259 transfer_us=12187 frame_us=18451 interval_us=0 deadline_miss=0 internal_free=342835 stack_watermark=1848
I (74911) rlcd_dashboard: MOTION event=frame case=waiting-only tick_ms=74039 moving=0 draw_us=6262 transfer_us=12180 frame_us=18447 interval_us=0 deadline_miss=0 internal_free=342835 stack_watermark=1848
I (75911) rlcd_dashboard: MOTION event=frame case=waiting-only tick_ms=75039 moving=0 draw_us=6293 transfer_us=12182 frame_us=18480 interval_us=0 deadline_miss=0 internal_free=342835 stack_watermark=1848
I (76911) rlcd_dashboard: MOTION event=frame case=blocked-only tick_ms=76039 moving=0 draw_us=7086 transfer_us=12216 frame_us=19691 interval_us=0 deadline_miss=0 internal_free=342835 stack_watermark=1848
I (76921) rlcd_dashboard: MOTION event=phase phase=19 case=blocked-only tick_ms=76039 count=12 feed_health=0 visible=8 overflow=4 hidden_blocked=4
I (77911) rlcd_dashboard: MOTION event=frame case=blocked-only tick_ms=77039 moving=0 draw_us=6889 transfer_us=12182 frame_us=19076 interval_us=0 deadline_miss=0 internal_free=342835 stack_watermark=1848
I (78911) rlcd_dashboard: MOTION event=frame case=blocked-only tick_ms=78039 moving=0 draw_us=6906 transfer_us=12182 frame_us=19093 interval_us=0 deadline_miss=0 internal_free=342835 stack_watermark=1848
I (79911) rlcd_dashboard: MOTION event=frame case=blocked-only tick_ms=79039 moving=0 draw_us=6919 transfer_us=12179 frame_us=19103 interval_us=0 deadline_miss=0 internal_free=342835 stack_watermark=1848
I (80911) rlcd_dashboard: MOTION event=frame case=inactive-removal tick_ms=80039 moving=1 draw_us=6861 transfer_us=12200 frame_us=19490 interval_us=0 deadline_miss=0 internal_free=342835 stack_watermark=1848
I (80921) rlcd_dashboard: MOTION event=phase phase=20 case=inactive-removal tick_ms=80039 count=11 feed_health=0 visible=8 overflow=3 hidden_blocked=3
I (80951) rlcd_dashboard: MOTION event=frame case=inactive-removal tick_ms=80079 moving=1 draw_us=7106 transfer_us=12187 frame_us=19345 interval_us=40002 deadline_miss=0 internal_free=342835 stack_watermark=1848
I (80991) rlcd_dashboard: MOTION event=frame case=inactive-removal tick_ms=80119 moving=1 draw_us=7150 transfer_us=12187 frame_us=19390 interval_us=39998 deadline_miss=0 internal_free=342835 stack_watermark=1848
I (81031) rlcd_dashboard: MOTION event=frame case=inactive-removal tick_ms=80159 moving=1 draw_us=7187 transfer_us=12185 frame_us=19430 interval_us=40000 deadline_miss=0 internal_free=342835 stack_watermark=1848
I (81071) rlcd_dashboard: MOTION event=frame case=inactive-removal tick_ms=80199 moving=1 draw_us=7204 transfer_us=12187 frame_us=19446 interval_us=40000 deadline_miss=0 internal_free=342835 stack_watermark=1848
I (81111) rlcd_dashboard: MOTION event=frame case=inactive-removal tick_ms=80239 moving=1 draw_us=7201 transfer_us=12184 frame_us=19438 interval_us=40000 deadline_miss=0 internal_free=342835 stack_watermark=1848
I (81151) rlcd_dashboard: MOTION event=frame case=inactive-removal tick_ms=80279 moving=1 draw_us=7210 transfer_us=12187 frame_us=19455 interval_us=40000 deadline_miss=0 internal_free=342835 stack_watermark=1848
I (81191) rlcd_dashboard: MOTION event=frame case=inactive-removal tick_ms=80319 moving=1 draw_us=7069 transfer_us=12185 frame_us=19309 interval_us=40000 deadline_miss=0 internal_free=342835 stack_watermark=1848
I (81231) rlcd_dashboard: MOTION event=frame case=inactive-removal tick_ms=80359 moving=1 draw_us=6944 transfer_us=12187 frame_us=19184 interval_us=40000 deadline_miss=0 internal_free=342835 stack_watermark=1848
I (81271) rlcd_dashboard: MOTION event=frame case=inactive-removal tick_ms=80399 moving=0 draw_us=6562 transfer_us=12184 frame_us=18811 interval_us=0 deadline_miss=0 internal_free=342835 stack_watermark=1848
I (81911) rlcd_dashboard: MOTION event=frame case=inactive-removal tick_ms=81039 moving=0 draw_us=6598 transfer_us=12184 frame_us=18787 interval_us=0 deadline_miss=0 internal_free=342835 stack_watermark=1848
I (82911) rlcd_dashboard: MOTION event=frame case=inactive-removal tick_ms=82039 moving=0 draw_us=6566 transfer_us=12180 frame_us=18751 interval_us=0 deadline_miss=0 internal_free=342835 stack_watermark=1848
I (83911) rlcd_dashboard: MOTION event=frame case=inactive-removal tick_ms=83039 moving=0 draw_us=6532 transfer_us=12182 frame_us=18719 interval_us=0 deadline_miss=0 internal_free=342835 stack_watermark=1848
I (84911) rlcd_dashboard: MOTION event=frame case=readmission tick_ms=84039 moving=1 draw_us=6714 transfer_us=12203 frame_us=19342 interval_us=0 deadline_miss=0 internal_free=342835 stack_watermark=1848
I (84921) rlcd_dashboard: MOTION event=phase phase=21 case=readmission tick_ms=84039 count=12 feed_health=0 visible=8 overflow=4 hidden_blocked=3
I (84951) rlcd_dashboard: MOTION event=frame case=readmission tick_ms=84079 moving=1 draw_us=6607 transfer_us=12187 frame_us=18849 interval_us=40002 deadline_miss=0 internal_free=342835 stack_watermark=1848
I (84991) rlcd_dashboard: MOTION event=frame case=readmission tick_ms=84119 moving=1 draw_us=6610 transfer_us=12187 frame_us=18852 interval_us=39998 deadline_miss=0 internal_free=342835 stack_watermark=1848
I (85031) rlcd_dashboard: MOTION event=frame case=readmission tick_ms=84159 moving=1 draw_us=6601 transfer_us=12184 frame_us=18838 interval_us=40000 deadline_miss=0 internal_free=342835 stack_watermark=1848
I (85071) rlcd_dashboard: MOTION event=frame case=readmission tick_ms=84199 moving=1 draw_us=6607 transfer_us=12187 frame_us=18852 interval_us=40000 deadline_miss=0 internal_free=342835 stack_watermark=1848
I (85111) rlcd_dashboard: MOTION event=frame case=readmission tick_ms=84239 moving=1 draw_us=6604 transfer_us=12185 frame_us=18844 interval_us=40000 deadline_miss=0 internal_free=342835 stack_watermark=1848
I (85151) rlcd_dashboard: MOTION event=frame case=readmission tick_ms=84279 moving=1 draw_us=6607 transfer_us=12187 frame_us=18847 interval_us=40000 deadline_miss=0 internal_free=342835 stack_watermark=1848
I (85191) rlcd_dashboard: MOTION event=frame case=readmission tick_ms=84319 moving=1 draw_us=6601 transfer_us=12184 frame_us=18843 interval_us=40000 deadline_miss=0 internal_free=342835 stack_watermark=1848
I (85231) rlcd_dashboard: MOTION event=frame case=readmission tick_ms=84359 moving=1 draw_us=6610 transfer_us=12187 frame_us=18852 interval_us=40000 deadline_miss=0 internal_free=342835 stack_watermark=1848
I (85271) rlcd_dashboard: MOTION event=frame case=readmission tick_ms=84399 moving=0 draw_us=6592 transfer_us=12184 frame_us=18836 interval_us=0 deadline_miss=0 internal_free=342835 stack_watermark=1848
I (85911) rlcd_dashboard: MOTION event=frame case=readmission tick_ms=85039 moving=0 draw_us=6578 transfer_us=12185 frame_us=18768 interval_us=0 deadline_miss=0 internal_free=342835 stack_watermark=1848
I (86911) rlcd_dashboard: MOTION event=frame case=readmission tick_ms=86039 moving=0 draw_us=6564 transfer_us=12180 frame_us=18749 interval_us=0 deadline_miss=0 internal_free=342835 stack_watermark=1848
I (87911) rlcd_dashboard: MOTION event=frame case=readmission tick_ms=87039 moving=0 draw_us=6508 transfer_us=12182 frame_us=18695 interval_us=0 deadline_miss=0 internal_free=342835 stack_watermark=1848
I (88911) rlcd_dashboard: MOTION event=frame case=empty-roster tick_ms=88039 moving=1 draw_us=5009 transfer_us=12195 frame_us=17317 interval_us=0 deadline_miss=0 internal_free=342835 stack_watermark=1848
I (88911) rlcd_dashboard: MOTION event=phase phase=22 case=empty-roster tick_ms=88039 count=0 feed_health=0 visible=0 overflow=0 hidden_blocked=0
I (88951) rlcd_dashboard: MOTION event=frame case=empty-roster tick_ms=88079 moving=1 draw_us=4953 transfer_us=12181 frame_us=17172 interval_us=40002 deadline_miss=0 internal_free=342835 stack_watermark=1848
I (88991) rlcd_dashboard: MOTION event=frame case=empty-roster tick_ms=88119 moving=1 draw_us=4934 transfer_us=12178 frame_us=17158 interval_us=39998 deadline_miss=0 internal_free=342835 stack_watermark=1848
I (89031) rlcd_dashboard: MOTION event=frame case=empty-roster tick_ms=88159 moving=1 draw_us=4906 transfer_us=12175 frame_us=17122 interval_us=40000 deadline_miss=0 internal_free=342835 stack_watermark=1848
I (89071) rlcd_dashboard: MOTION event=frame case=empty-roster tick_ms=88199 moving=1 draw_us=4854 transfer_us=12176 frame_us=17078 interval_us=40000 deadline_miss=0 internal_free=342835 stack_watermark=1848
I (89111) rlcd_dashboard: MOTION event=frame case=empty-roster tick_ms=88239 moving=1 draw_us=4685 transfer_us=12174 frame_us=16895 interval_us=40000 deadline_miss=0 internal_free=342835 stack_watermark=1848
I (89151) rlcd_dashboard: MOTION event=frame case=empty-roster tick_ms=88279 moving=1 draw_us=4370 transfer_us=12178 frame_us=16597 interval_us=40000 deadline_miss=0 internal_free=342835 stack_watermark=1848
I (89191) rlcd_dashboard: MOTION event=frame case=empty-roster tick_ms=88319 moving=1 draw_us=3817 transfer_us=12175 frame_us=16030 interval_us=40000 deadline_miss=0 internal_free=342835 stack_watermark=1848
I (89231) rlcd_dashboard: MOTION event=frame case=empty-roster tick_ms=88359 moving=1 draw_us=3245 transfer_us=12178 frame_us=15467 interval_us=40000 deadline_miss=0 internal_free=342835 stack_watermark=1848
I (89271) rlcd_dashboard: MOTION event=frame case=empty-roster tick_ms=88399 moving=0 draw_us=1610 transfer_us=12174 frame_us=13836 interval_us=0 deadline_miss=0 internal_free=342835 stack_watermark=1848
I (89911) rlcd_dashboard: MOTION event=frame case=empty-roster tick_ms=89039 moving=0 draw_us=1603 transfer_us=12175 frame_us=13783 interval_us=0 deadline_miss=0 internal_free=342835 stack_watermark=1848
I (90911) rlcd_dashboard: MOTION event=frame case=empty-roster tick_ms=90039 moving=0 draw_us=1599 transfer_us=12172 frame_us=13776 interval_us=0 deadline_miss=0 internal_free=342835 stack_watermark=1848
I (91911) rlcd_dashboard: MOTION event=frame case=empty-roster tick_ms=91039 moving=0 draw_us=1598 transfer_us=12171 frame_us=13774 interval_us=0 deadline_miss=0 internal_free=342835 stack_watermark=1848
I (92911) rlcd_dashboard: MOTION event=frame case=initial-order tick_ms=92039 moving=1 draw_us=1646 transfer_us=12206 frame_us=14198 interval_us=0 deadline_miss=0 internal_free=342835 stack_watermark=1848
I (92911) rlcd_dashboard: MOTION event=cycle cycle=1
I (92911) rlcd_dashboard: MOTION event=phase phase=0 case=initial-order tick_ms=92039 count=8 feed_health=0 visible=8 overflow=0 hidden_blocked=0
I (92951) rlcd_dashboard: MOTION event=frame case=initial-order tick_ms=92079 moving=1 draw_us=5438 transfer_us=12187 frame_us=17680 interval_us=40002 deadline_miss=0 internal_free=342835 stack_watermark=1848
I (92991) rlcd_dashboard: MOTION event=frame case=initial-order tick_ms=92119 moving=1 draw_us=5469 transfer_us=12201 frame_us=17725 interval_us=39998 deadline_miss=0 internal_free=342835 stack_watermark=1848
I (93031) rlcd_dashboard: MOTION event=frame case=initial-order tick_ms=92159 moving=1 draw_us=5438 transfer_us=12183 frame_us=17671 interval_us=40002 deadline_miss=0 internal_free=342835 stack_watermark=1848
I (93071) rlcd_dashboard: MOTION event=frame case=initial-order tick_ms=92199 moving=1 draw_us=5466 transfer_us=12202 frame_us=17725 interval_us=39998 deadline_miss=0 internal_free=342835 stack_watermark=1848
I (93111) rlcd_dashboard: MOTION event=frame case=initial-order tick_ms=92239 moving=1 draw_us=5446 transfer_us=12182 frame_us=17680 interval_us=40002 deadline_miss=0 internal_free=342835 stack_watermark=1848
I (93151) rlcd_dashboard: MOTION event=frame case=initial-order tick_ms=92279 moving=1 draw_us=5468 transfer_us=12202 frame_us=17723 interval_us=39998 deadline_miss=0 internal_free=342835 stack_watermark=1848
I (93191) rlcd_dashboard: MOTION event=frame case=initial-order tick_ms=92319 moving=1 draw_us=5444 transfer_us=12183 frame_us=17682 interval_us=40002 deadline_miss=0 internal_free=342835 stack_watermark=1848
I (93231) rlcd_dashboard: MOTION event=frame case=initial-order tick_ms=92359 moving=1 draw_us=5471 transfer_us=12201 frame_us=17727 interval_us=39998 deadline_miss=0 internal_free=342835 stack_watermark=1848
I (93271) rlcd_dashboard: MOTION event=frame case=initial-order tick_ms=92399 moving=0 draw_us=5438 transfer_us=12182 frame_us=17679 interval_us=0 deadline_miss=0 internal_free=342835 stack_watermark=1848
I (93911) rlcd_dashboard: MOTION event=frame case=initial-order tick_ms=93039 moving=0 draw_us=5448 transfer_us=12199 frame_us=17652 interval_us=0 deadline_miss=0 internal_free=342835 stack_watermark=1848
I (94911) rlcd_dashboard: MOTION event=frame case=initial-order tick_ms=94039 moving=0 draw_us=5422 transfer_us=12177 frame_us=17604 interval_us=0 deadline_miss=0 internal_free=342835 stack_watermark=1848
I (95911) rlcd_dashboard: MOTION event=frame case=initial-order tick_ms=95039 moving=0 draw_us=5447 transfer_us=12195 frame_us=17647 interval_us=0 deadline_miss=0 internal_free=342835 stack_watermark=1848
I (96911) rlcd_dashboard: MOTION event=frame case=answered-wait-to-run tick_ms=96039 moving=1 draw_us=5101 transfer_us=12206 frame_us=17616 interval_us=0 deadline_miss=0 internal_free=342835 stack_watermark=1848
I (96911) rlcd_dashboard: MOTION event=phase phase=1 case=answered-wait-to-run tick_ms=96039 count=8 feed_health=0 visible=8 overflow=0 hidden_blocked=0
I (96951) rlcd_dashboard: MOTION event=frame case=answered-wait-to-run tick_ms=96079 moving=1 draw_us=5036 transfer_us=12204 frame_us=17288 interval_us=40002 deadline_miss=0 internal_free=342835 stack_watermark=1848
I (96991) rlcd_dashboard: MOTION event=frame case=answered-wait-to-run tick_ms=96119 moving=1 draw_us=5016 transfer_us=12194 frame_us=17263 interval_us=40000 deadline_miss=0 internal_free=342835 stack_watermark=1848
I (97031) rlcd_dashboard: MOTION event=frame case=answered-wait-to-run tick_ms=96159 moving=1 draw_us=5011 transfer_us=12200 frame_us=17266 interval_us=40000 deadline_miss=0 internal_free=342835 stack_watermark=1848
I (97071) rlcd_dashboard: MOTION event=frame case=answered-wait-to-run tick_ms=96199 moving=1 draw_us=5019 transfer_us=12194 frame_us=17268 interval_us=40000 deadline_miss=0 internal_free=342835 stack_watermark=1848
I (97111) rlcd_dashboard: MOTION event=frame case=answered-wait-to-run tick_ms=96239 moving=1 draw_us=5014 transfer_us=12200 frame_us=17264 interval_us=40000 deadline_miss=0 internal_free=342835 stack_watermark=1848
I (97151) rlcd_dashboard: MOTION event=frame case=answered-wait-to-run tick_ms=96279 moving=1 draw_us=5023 transfer_us=12195 frame_us=17275 interval_us=40000 deadline_miss=0 internal_free=342835 stack_watermark=1848
I (97191) rlcd_dashboard: MOTION event=frame case=answered-wait-to-run tick_ms=96319 moving=1 draw_us=5018 transfer_us=12199 frame_us=17269 interval_us=40000 deadline_miss=0 internal_free=342835 stack_watermark=1848
I (97231) rlcd_dashboard: MOTION event=frame case=answered-wait-to-run tick_ms=96359 moving=1 draw_us=5016 transfer_us=12194 frame_us=17263 interval_us=40000 deadline_miss=0 internal_free=342835 stack_watermark=1848
I (97271) rlcd_dashboard: MOTION event=frame case=answered-wait-to-run tick_ms=96399 moving=0 draw_us=5011 transfer_us=12200 frame_us=17275 interval_us=0 deadline_miss=0 internal_free=342835 stack_watermark=1848
I (97911) rlcd_dashboard: MOTION event=frame case=answered-wait-to-run tick_ms=97039 moving=0 draw_us=5002 transfer_us=12192 frame_us=17199 interval_us=0 deadline_miss=0 internal_free=342835 stack_watermark=1848
I (98911) rlcd_dashboard: MOTION event=frame case=answered-wait-to-run tick_ms=98039 moving=0 draw_us=4992 transfer_us=12197 frame_us=17194 interval_us=0 deadline_miss=0 internal_free=342835 stack_watermark=1848
I (99911) rlcd_dashboard: MOTION event=frame case=answered-wait-to-run tick_ms=99039 moving=0 draw_us=4993 transfer_us=12192 frame_us=17190 interval_us=0 deadline_miss=0 internal_free=342835 stack_watermark=1848
I (100911) rlcd_dashboard: MOTION event=frame case=idle-to-run tick_ms=100039 moving=1 draw_us=4945 transfer_us=12213 frame_us=17469 interval_us=0 deadline_miss=0 internal_free=342835 stack_watermark=1848
I (100911) rlcd_dashboard: MOTION event=phase phase=2 case=idle-to-run tick_ms=100039 count=8 feed_health=0 visible=8 overflow=0 hidden_blocked=0
I (100951) rlcd_dashboard: MOTION event=frame case=idle-to-run tick_ms=100079 moving=1 draw_us=4859 transfer_us=12197 frame_us=17109 interval_us=40002 deadline_miss=0 internal_free=342835 stack_watermark=1848
I (100991) rlcd_dashboard: MOTION event=frame case=idle-to-run tick_ms=100119 moving=1 draw_us=4855 transfer_us=12202 frame_us=17112 interval_us=40000 deadline_miss=0 internal_free=342835 stack_watermark=1848
I (101031) rlcd_dashboard: MOTION event=frame case=idle-to-run tick_ms=100159 moving=1 draw_us=4834 transfer_us=12194 frame_us=17078 interval_us=40000 deadline_miss=0 internal_free=342835 stack_watermark=1848
I (101071) rlcd_dashboard: MOTION event=frame case=idle-to-run tick_ms=100199 moving=1 draw_us=4854 transfer_us=12201 frame_us=17112 interval_us=40000 deadline_miss=0 internal_free=342835 stack_watermark=1848
I (101111) rlcd_dashboard: MOTION event=frame case=idle-to-run tick_ms=100239 moving=1 draw_us=4842 transfer_us=12191 frame_us=17085 interval_us=40000 deadline_miss=0 internal_free=342835 stack_watermark=1848
I (101151) rlcd_dashboard: MOTION event=frame case=idle-to-run tick_ms=100279 moving=1 draw_us=4856 transfer_us=12202 frame_us=17111 interval_us=40000 deadline_miss=0 internal_free=342835 stack_watermark=1848
I (101191) rlcd_dashboard: MOTION event=frame case=idle-to-run tick_ms=100319 moving=1 draw_us=4838 transfer_us=12192 frame_us=17085 interval_us=40000 deadline_miss=0 internal_free=342835 stack_watermark=1848
I (101231) rlcd_dashboard: MOTION event=frame case=idle-to-run tick_ms=100359 moving=1 draw_us=4855 transfer_us=12202 frame_us=17112 interval_us=40000 deadline_miss=0 internal_free=342835 stack_watermark=1848
I (101271) rlcd_dashboard: MOTION event=frame case=idle-to-run tick_ms=100399 moving=0 draw_us=4835 transfer_us=12191 frame_us=17085 interval_us=0 deadline_miss=0 internal_free=342835 stack_watermark=1848
I (101911) rlcd_dashboard: MOTION event=frame case=idle-to-run tick_ms=101039 moving=0 draw_us=4832 transfer_us=12196 frame_us=17033 interval_us=0 deadline_miss=0 internal_free=342835 stack_watermark=1848
I (102911) rlcd_dashboard: MOTION event=frame case=idle-to-run tick_ms=102039 moving=0 draw_us=4813 transfer_us=12187 frame_us=17005 interval_us=0 deadline_miss=0 internal_free=342835 stack_watermark=1848
I (103911) rlcd_dashboard: MOTION event=frame case=idle-to-run tick_ms=103039 moving=0 draw_us=4831 transfer_us=12192 frame_us=17028 interval_us=0 deadline_miss=0 internal_free=342835 stack_watermark=1848
I (104911) rlcd_dashboard: MOTION event=frame case=run-to-wait tick_ms=104039 moving=1 draw_us=5215 transfer_us=12207 frame_us=17731 interval_us=0 deadline_miss=0 internal_free=342835 stack_watermark=1848
I (104911) rlcd_dashboard: MOTION event=phase phase=3 case=run-to-wait tick_ms=104039 count=8 feed_health=0 visible=8 overflow=0 hidden_blocked=0
I (104951) rlcd_dashboard: MOTION event=frame case=run-to-wait tick_ms=104079 moving=1 draw_us=5163 transfer_us=12204 frame_us=17417 interval_us=40002 deadline_miss=0 internal_free=342835 stack_watermark=1848
I (104991) rlcd_dashboard: MOTION event=frame case=run-to-wait tick_ms=104119 moving=1 draw_us=5144 transfer_us=12195 frame_us=17392 interval_us=40000 deadline_miss=0 internal_free=342835 stack_watermark=1848
I (105031) rlcd_dashboard: MOTION event=frame case=run-to-wait tick_ms=104159 moving=1 draw_us=5139 transfer_us=12199 frame_us=17393 interval_us=40000 deadline_miss=0 internal_free=342835 stack_watermark=1848
I (105071) rlcd_dashboard: MOTION event=frame case=run-to-wait tick_ms=104199 moving=1 draw_us=5146 transfer_us=12195 frame_us=17396 interval_us=40000 deadline_miss=0 internal_free=342835 stack_watermark=1848
I (105111) rlcd_dashboard: MOTION event=frame case=run-to-wait tick_ms=104239 moving=1 draw_us=5139 transfer_us=12200 frame_us=17389 interval_us=40000 deadline_miss=0 internal_free=342835 stack_watermark=1848
I (105151) rlcd_dashboard: MOTION event=frame case=run-to-wait tick_ms=104279 moving=1 draw_us=5146 transfer_us=12195 frame_us=17398 interval_us=40000 deadline_miss=0 internal_free=342835 stack_watermark=1848
I (105191) rlcd_dashboard: MOTION event=frame case=run-to-wait tick_ms=104319 moving=1 draw_us=5143 transfer_us=12199 frame_us=17394 interval_us=40000 deadline_miss=0 internal_free=342835 stack_watermark=1848
I (105231) rlcd_dashboard: MOTION event=frame case=run-to-wait tick_ms=104359 moving=1 draw_us=5143 transfer_us=12195 frame_us=17391 interval_us=40000 deadline_miss=0 internal_free=342835 stack_watermark=1848
I (105271) rlcd_dashboard: MOTION event=frame case=run-to-wait tick_ms=104399 moving=0 draw_us=5141 transfer_us=12200 frame_us=17405 interval_us=0 deadline_miss=0 internal_free=342835 stack_watermark=1848
I (105911) rlcd_dashboard: MOTION event=frame case=run-to-wait tick_ms=105039 moving=0 draw_us=5137 transfer_us=12192 frame_us=17334 interval_us=0 deadline_miss=0 internal_free=342835 stack_watermark=1848
I (106911) rlcd_dashboard: MOTION event=frame case=run-to-wait tick_ms=106039 moving=0 draw_us=5130 transfer_us=12194 frame_us=17329 interval_us=0 deadline_miss=0 internal_free=342835 stack_watermark=1848
I (107911) rlcd_dashboard: MOTION event=frame case=run-to-wait tick_ms=107039 moving=0 draw_us=5132 transfer_us=12189 frame_us=17326 interval_us=0 deadline_miss=0 internal_free=342835 stack_watermark=1848
I (108911) rlcd_dashboard: MOTION event=frame case=run-to-idle tick_ms=108039 moving=1 draw_us=5522 transfer_us=12213 frame_us=18045 interval_us=0 deadline_miss=0 internal_free=342835 stack_watermark=1848
I (108911) rlcd_dashboard: MOTION event=phase phase=4 case=run-to-idle tick_ms=108039 count=8 feed_health=0 visible=8 overflow=0 hidden_blocked=0
I (108951) rlcd_dashboard: MOTION event=frame case=run-to-idle tick_ms=108079 moving=1 draw_us=5436 transfer_us=12196 frame_us=17683 interval_us=40002 deadline_miss=0 internal_free=342835 stack_watermark=1848
I (108991) rlcd_dashboard: MOTION event=frame case=run-to-idle tick_ms=108119 moving=1 draw_us=5438 transfer_us=12202 frame_us=17695 interval_us=40000 deadline_miss=0 internal_free=342835 stack_watermark=1848
I (109031) rlcd_dashboard: MOTION event=frame case=run-to-idle tick_ms=108159 moving=1 draw_us=5417 transfer_us=12193 frame_us=17660 interval_us=40000 deadline_miss=0 internal_free=342835 stack_watermark=1848
I (109071) rlcd_dashboard: MOTION event=frame case=run-to-idle tick_ms=108199 moving=1 draw_us=5434 transfer_us=12202 frame_us=17693 interval_us=40000 deadline_miss=0 internal_free=342835 stack_watermark=1848
I (109111) rlcd_dashboard: MOTION event=frame case=run-to-idle tick_ms=108239 moving=1 draw_us=5419 transfer_us=12193 frame_us=17664 interval_us=40000 deadline_miss=0 internal_free=342835 stack_watermark=1848
I (109151) rlcd_dashboard: MOTION event=frame case=run-to-idle tick_ms=108279 moving=1 draw_us=5436 transfer_us=12202 frame_us=17691 interval_us=40000 deadline_miss=0 internal_free=342835 stack_watermark=1848
I (109191) rlcd_dashboard: MOTION event=frame case=run-to-idle tick_ms=108319 moving=1 draw_us=5417 transfer_us=12193 frame_us=17665 interval_us=40000 deadline_miss=0 internal_free=342835 stack_watermark=1848
I (109231) rlcd_dashboard: MOTION event=frame case=run-to-idle tick_ms=108359 moving=1 draw_us=5437 transfer_us=12201 frame_us=17693 interval_us=40000 deadline_miss=0 internal_free=342835 stack_watermark=1848
I (109271) rlcd_dashboard: MOTION event=frame case=run-to-idle tick_ms=108399 moving=0 draw_us=5417 transfer_us=12193 frame_us=17669 interval_us=0 deadline_miss=0 internal_free=342835 stack_watermark=1848
I (109911) rlcd_dashboard: MOTION event=frame case=run-to-idle tick_ms=109039 moving=0 draw_us=5421 transfer_us=12200 frame_us=17626 interval_us=0 deadline_miss=0 internal_free=342835 stack_watermark=1848
