Added environment variable ESP_IDF_VERSION = 5.5
Added environment variable IDF_VERSION = 5.5.3
Added environment variable IDF_TOOLS_PATH = /home/bryan/.espressif/tools
Added environment variable IDF_COMPONENT_LOCAL_STORAGE_URL = file:///home/bryan/.espressif/tools
Added environment variable IDF_PATH = /home/bryan/.espressif/v5.5.3/esp-idf
Added environment variable ESP_ROM_ELF_DIR = /home/bryan/.espressif/tools/esp-rom-elfs/20241011/
Added environment variable OPENOCD_SCRIPTS = /home/bryan/.espressif/tools/openocd-esp32/v0.12.0-esp32-20251215/openocd-esp32/share/openocd/scripts
Added environment variable IDF_PYTHON_ENV_PATH = /home/bryan/.espressif/tools/python/v5.5.3/venv
Added proper directory to PATH
Activated virtual environment at /home/bryan/.espressif/tools/python/v5.5.3/venv
Environment setup complete for the current shell session.
These changes will be lost when you close this terminal.
You are now using IDF version 5.5.3.
eim select v5.5.3
ESP-IDF v5.5.3 activated for esp32-rlcd.
Executing action: flash
Running ninja in directory /home/bryan/code/esp32-rlcd/examples/rlcd-dashboard/build
Executing "ninja flash"...
[1/5] cd /home/bryan/code/esp32-rlcd/examples/rlcd-dashboard/build/esp-idf/esptool_py && /home/bryan/.espressif/tools/python/v5.5.3/venv/bin/python /home/bryan/.espressif/v5.5.3/esp-idf/components/partition_table/check_sizes.py --offset 0x8000 partition --type app /home/bryan/code/esp32-rlcd/examples/rlcd-dashboard/build/partition_table/partition-table.bin /home/bryan/code/esp32-rlcd/examples/rlcd-dashboard/build/rlcd-dashboard.bin
rlcd-dashboard.bin binary size 0x3ea20 bytes. Smallest app partition is 0x100000 bytes. 0xc15e0 bytes (76%) free.
[2/5] Performing build step for 'bootloader'
[1/1] cd /home/bryan/code/esp32-rlcd/examples/rlcd-dashboard/build/bootloader/esp-idf/esptool_py && /home/bryan/.espressif/tools/python/v5.5.3/venv/bin/python /home/bryan/.espressif/v5.5.3/esp-idf/components/partition_table/check_sizes.py --offset 0x8000 bootloader 0x0 /home/bryan/code/esp32-rlcd/examples/rlcd-dashboard/build/bootloader/bootloader.bin
Bootloader binary size 0x5160 bytes. 0x2ea0 bytes (36%) free.
[3/5] No install step for 'bootloader'
[4/5] Completed 'bootloader'
[4/5] cd /home/bryan/.espressif/v5.5.3/esp-idf/components/esptool_py && /home/bryan/.espressif/tools/cmake/3.30.2/bin/cmake -D IDF_PATH=/home/bryan/.espressif/v5.5.3/esp-idf -D "SERIAL_TOOL=/home/bryan/.espressif/tools/python/v5.5.3/venv/bin/python;;/home/bryan/.espressif/v5.5.3/esp-idf/components/esptool_py/esptool/esptool.py;--chip;esp32s3" -D "SERIAL_TOOL_ARGS=--before=default_reset;--after=hard_reset;write_flash;@flash_args" -D WORKING_DIRECTORY=/home/bryan/code/esp32-rlcd/examples/rlcd-dashboard/build -P /home/bryan/.espressif/v5.5.3/esp-idf/components/esptool_py/run_serial_tool.cmake
esptool.py --chip esp32s3 -p /dev/serial/by-id/usb-Espressif_USB_JTAG_serial_debug_unit_94:A9:90:F3:43:74-if00 -b 460800 --before=default_reset --after=hard_reset write_flash --flash_mode dio --flash_freq 80m --flash_size 16MB 0x0 bootloader/bootloader.bin 0x10000 rlcd-dashboard.bin 0x8000 partition_table/partition-table.bin
esptool.py v4.12.0
Serial port /dev/serial/by-id/usb-Espressif_USB_JTAG_serial_debug_unit_94:A9:90:F3:43:74-if00

A fatal error occurred: Could not open /dev/serial/by-id/usb-Espressif_USB_JTAG_serial_debug_unit_94:A9:90:F3:43:74-if00, the port is busy or doesn't exist.
([Errno 2] could not open port /dev/serial/by-id/usb-Espressif_USB_JTAG_serial_debug_unit_94:A9:90:F3:43:74-if00: [Errno 2] No such file or directory: '/dev/serial/by-id/usb-Espressif_USB_JTAG_serial_debug_unit_94:A9:90:F3:43:74-if00')

Hint: Check if the port is correct and ESP connected

CMake Error at run_serial_tool.cmake:67 (message):

  /home/bryan/.espressif/tools/python/v5.5.3/venv/bin/python;;/home/bryan/.espressif/v5.5.3/esp-idf/components/esptool_py/esptool/esptool.py;--chip;esp32s3
  failed.



FAILED: CMakeFiles/flash /home/bryan/code/esp32-rlcd/examples/rlcd-dashboard/build/CMakeFiles/flash
cd /home/bryan/.espressif/v5.5.3/esp-idf/components/esptool_py && /home/bryan/.espressif/tools/cmake/3.30.2/bin/cmake -D IDF_PATH=/home/bryan/.espressif/v5.5.3/esp-idf -D "SERIAL_TOOL=/home/bryan/.espressif/tools/python/v5.5.3/venv/bin/python;;/home/bryan/.espressif/v5.5.3/esp-idf/components/esptool_py/esptool/esptool.py;--chip;esp32s3" -D "SERIAL_TOOL_ARGS=--before=default_reset;--after=hard_reset;write_flash;@flash_args" -D WORKING_DIRECTORY=/home/bryan/code/esp32-rlcd/examples/rlcd-dashboard/build -P /home/bryan/.espressif/v5.5.3/esp-idf/components/esptool_py/run_serial_tool.cmake
ninja: build stopped: subcommand failed.
ninja failed with exit code 1, output of the command is in the /home/bryan/code/esp32-rlcd/examples/rlcd-dashboard/build/log/idf_py_stderr_output_1859026 and /home/bryan/code/esp32-rlcd/examples/rlcd-dashboard/build/log/idf_py_stdout_output_1859026
